m001: KILLED [director-076] The asset path accepts safe names
m002: KILLED [director-076] The asset path rejects traversal
m003: KILLED [director-077] The manifest rejects invalid version
m004: KILLED [director-077] The manifest rejects invalid format
m005: KILLED [director-078] The attribution rejects protocol
m006: KILLED [director-078] The attribution rejects username
m007: KILLED [director-078] The attribution rejects password
m008: KILLED [director-078] The attribution rejects query
m009: KILLED [director-078] The attribution rejects fragment
m010: KILLED [director-078] The attribution rejects invalid URL text
m011: KILLED [director-078] The attribution accepts a safe link
m012: KILLED [director-078] The attribution rejects blank text
m013: KILLED [director-078] The attribution rejects blank license
m014: KILLED [director-079] The byteLength field rejects a fraction
m015: KILLED [director-079] The digest rejects invalid type
m016: KILLED [director-079] The digest rejects invalid alphabet
m017: KILLED [director-079] The integrity fields accept their limits
m018: KILLED [director-080] The image rejects reversed west
m019: KILLED [director-080] The image rejects reversed south
m020: KILLED [director-080] The image rejects short bounds
m021: KILLED [director-080] The image rejects height and reference
m022: KILLED [director-081] The media rejects an unknown anchor
m023: KILLED [director-082] The scene rejects duplicate data pack IDs
m024: KILLED [director-082] The shot rejects duplicate data pack IDs
m025: KILLED [director-082] The shot rejects unknown data pack IDs
m026: KILLED [director-082] The scene accepts absent data packs and anchors
m027: KILLED [director-083] The collection rejects invalid type
m028: KILLED [director-083] The collection rejects invalid array
m029: KILLED [director-083] The collection rejects more than 2000 features
m030: KILLED [director-084] The feature rejects type
m031: KILLED [director-084] The feature rejects ID type
m032: KILLED [director-084] The feature rejects blank ID
m033: KILLED [director-084] The feature rejects long ID
m034: KILLED [director-084] The feature rejects duplicate ID
m035: KILLED [director-085] The position rejects invalid array
m036: KILLED [director-085] The position rejects invalid length
m037: KILLED [director-085] The position rejects a coordinate that is not finite
m038: KILLED [director-085] The position rejects invalid longitude
m039: KILLED [director-085] The position rejects invalid latitude
m040: KILLED [director-085] The position rejects a height below the limit
m041: KILLED [director-085] The position rejects a height above the limit
m042: KILLED [director-085] The position total rejects excess
m043: KILLED [director-085] The position uses zero for absent height
m044: KILLED [director-085] The position keeps the height in the data
m045: KILLED [director-086] The line rejects invalid array
m046: KILLED [director-086] The line rejects invalid minimum
m047: KILLED [director-086] The ring needs four points
m048: KILLED [director-086] The line accepts two distinct endpoints
m049: KILLED [director-086] The ring rejects unclosed field 0
m050: KILLED [director-086] The ring rejects unclosed field 1
m051: KILLED [director-086] The ring rejects unclosed field 2
m052: KILLED [director-087] The geometry rejects invalid type
m053: KILLED [director-087] The geometry rejects invalid array
m054: KILLED [director-087] The geometry rejects an empty polygon
m055: KILLED [director-087] The geometry rejects more than 128 rings
m056: KILLED [director-087] The geometry returns a closed polygon
m057: KILLED [director-087] The geometry removes properties
m058: KILLED [director-088] The new session reports idle state
m059: KILLED [director-088] The session rejects a value that is not a data pack list
m060: KILLED [director-088] The session rejects more than eight data packs
m061: KILLED [director-088] The session rejects destroyed state
m062: KILLED [director-088] The session rejects cancelled state
m063: KILLED [director-089] The session disposes handles in reverse order
m064: KILLED [director-089] The session gives copied state
m065: KILLED [director-090] The cancelled session disposes late resources
m066: KILLED [director-090] The session accepts a null late handle
m067: KILLED [director-090] The session destroys work that is not complete
m068: KILLED [director-091] The replacement keeps its resources
m069: KILLED [director-092] The session reports a stable source error
m070: KILLED [director-092] The deadline rejects stalled work
m071: KILLED [director-092] The data pack session reads the byteLength field once without a registered source
m072: KILLED [director-092] The absent renderer does not call its source
m073: KILLED [director-093] The session rejects bytes that are not a Uint8Array
m074: KILLED [director-093] The session rejects an empty asset
m075: KILLED [director-093] The session rejects an asset above the byte limit
m076: KILLED [director-093] The session rejects a wrong byteLength field
m077: KILLED [director-093] The session rejects bytes above the total limit
m078: KILLED [director-093] The session rejects a wrong digest
m079: KILLED [director-093] The session checks exact bytes and digest
m080: KILLED [director-089] The session rejects a falsy handle with inherited disposal
m081: KILLED [director-089] The session rejects a handle without a dispose function
m082: KILLED [director-094] The directory rejects protocol
m083: KILLED [director-094] The directory rejects username
m084: KILLED [director-094] The directory rejects password
m085: KILLED [director-094] The directory rejects query
m086: KILLED [director-094] The directory rejects fragment
m087: KILLED [director-094] The directory rejects an address with no final slash
m088: KILLED [director-095] The asset request sets its fixed options
m089: KILLED [director-096] The stream joins distinct chunks
m090: KILLED [director-096] The stream rejects excess header bytes
m091: KILLED [director-096] The stream rejects excess chunk bytes
m092: KILLED [director-096] The stream uses absent MIME default
m093: KILLED [director-096] The stream normalizes MIME text
m094: KILLED [director-097] The source rejects an absent stream
m095: KILLED [director-097] The source accepts failed body cancellation
m096: KILLED [director-097] The source rejects a failed response without a body
m097: KILLED [director-097] The stream releases its lock after an error
m098: KILLED [director-097] The source checks its signal between chunks
m099: KILLED [director-098] The bundle helpers reject nontext input
m100: KILLED [director-098] The bundle helpers reject invalid JSON
m101: KILLED [director-098] The bundle helpers accept plain project JSON
m102: KILLED [director-098] The bundle helpers reject excess characters
m103: KILLED [director-098] The bundle helpers reject excess UTF8 bytes
m104: KILLED [director-099] The base64 rejects a custom text object
m105: KILLED [director-099] The base64 rejects invalid empty
m106: KILLED [director-099] The base64 rejects invalid length
m107: KILLED [director-099] The base64 rejects invalid alignment
m108: KILLED [director-099] The base64 rejects invalid alphabet
m109: KILLED [director-099] The base64 rejects invalid padding
m110: KILLED [director-099] The bundle rejects duplicate paths
m111: KILLED [director-099] The bundle rejects unsupported MIME
m112: KILLED [director-099] The bundle rejects unsupported version
m113: KILLED [director-100] The bundle rejects an absent asset
m114: KILLED [director-100] The bundle rejects a wrong byteLength field
m115: KILLED [director-100] The bundle rejects a pack digest that differs from its asset
m116: KILLED [director-100] The bundle rejects an asset digest that differs from its bytes
m117: KILLED [director-100] The bundle rejects unused assets
m118: KILLED [director-100] The bundle rejects external data pack sources
m119: KILLED [director-101] The export writes exact bundle metadata
m120: KILLED [director-102] The export rejects bytes that are not a Uint8Array
m121: KILLED [director-102] The export rejects an empty asset
m122: KILLED [director-102] The export rejects an asset above the byte limit
m123: KILLED [director-102] The export rejects absent assets
m124: KILLED [director-102] The export rejects declared byteLength
m125: KILLED [director-102] The export rejects declared digest
m126: KILLED [director-102] The export accepts the total byte limit and rejects one more byte
m127: KILLED [director-102] The export rejects excess asset total
m128: KILLED [director-103] The export reuses a shared asset
m129: KILLED [director-103] The export rejects shared byteLength
m130: KILLED [director-103] The export rejects shared digest
m131: KILLED [director-104] The store copies the asset map
m132: KILLED [director-104] The store clears stored bytes
m133: KILLED [director-105] The store rejects absent bytes
m134: KILLED [director-105] The store rejects bytes above the caller limit
m135: KILLED [director-105] The store returns an independent byte copy
m136: KILLED [director-106] The share helpers accept an absent filename
m137: KILLED [director-106] The share helpers reject the ordinary file budget
m138: KILLED [director-106] The share helpers give bundles the larger budget
m139: KILLED [director-107] The helper resolves without a signal
m140: KILLED [director-107] The helper rejects an early signal
m141: KILLED [director-107] The helper resolves with an active signal
m142: KILLED [director-107] The helper rejects a work error
m143: KILLED [director-107] The helper checks signal state at settlement
m144: KILLED [director-107] The helper cancels work that is not complete
m145: KILLED [director-108] The preview reports exact totals and attribution
m146: KILLED [director-108] The preview uses the scene ID without a title
m147: KILLED [director-109] The preview reports included bundle bytes
m148: KILLED [director-109] The preview reports absent bundle bytes
m149: KILLED [director-109] The preview reports a configured source
m150: KILLED [director-109] The preview reports an unavailable source
m151: KILLED [director-110] The preview lists distinct absent layers
m152: KILLED [director-110] The preview detects applied shot packs
m153: KILLED [director-110] The preview detects the source pack ID of a shot
m154: KILLED [director-110] The preview detects no external content
m155: KILLED [director-080] The image accepts its bounds field
m156: KILLED [director-080] The image accepts its height field
m157: KILLED [director-080] The image accepts its altitudeReference field
m158: KILLED [director-081] The media accepts its anchorId field
m159: KILLED [director-077] The geojson accepts its altitudeReference field
m160: KILLED [director-080] The image bounds 0 rejects low excess
m161: KILLED [director-080] The image bounds 0 rejects high excess
m162: KILLED [director-080] The image bounds 1 rejects low excess
m163: KILLED [director-080] The image bounds 1 rejects high excess
m164: KILLED [director-080] The image bounds 2 rejects low excess
m165: KILLED [director-080] The image bounds 2 rejects high excess
m166: KILLED [director-080] The image bounds 3 rejects low excess
m167: KILLED [director-080] The image bounds 3 rejects high excess
m168: KILLED [director-080] The image height checks both limits
m169: KILLED [director-082] The scene uses supplied anchors
m170: KILLED [director-082] The scene uses absent anchor defaults
m171: KILLED [director-085] The position accepts both geographic edges
m172: SURVIVED 
m173: KILLED [director-088] The session state uses its idle default
m174: KILLED [director-088] The session state uses its zero default
m175: KILLED [director-089] The session state uses its active total
m176: KILLED [director-093] The session uses its default byte budget
m177: KILLED [director-093] The session accepts absent declared size
m178: KILLED [director-090] The session checks signal state without an event
m179: KILLED [director-090] The session checks destroyed state after signal access
m180: KILLED [director-090] The session checks a cleared load call without signal state
m181: KILLED [director-090] The session guard rejects a detached resource
m182: KILLED [director-090] The session disposes the handle before it adds the handle to its list
m183: KILLED [director-092] The session settles a source error before its deadline
m184: KILLED [director-097] The source rejects early cancellation
m185: KILLED [director-094] The directory accepts HTTP and HTTPS
m186: KILLED [director-098] The share character guard comes before byte conversion
m187: KILLED [director-101] The export accepts scenes without data packs
m188: KILLED [director-101] The export keeps a supplied data pack list
m189: KILLED [director-102] The export accepts absent integrity fields
m190: KILLED [director-102] The export accepts an absent digest
m191: KILLED [director-103] The shared export accepts absent byte declarations
m192: KILLED [director-103] The shared export accepts an absent digest
m193: KILLED [director-099] The base64 accepts bytes without padding
m194: KILLED [director-108] The preview accepts absent data pack lists
m195: KILLED [director-108] The preview uses supplied data pack lists
m196: KILLED [director-108] The preview keeps a supplied scene title
m197: KILLED [director-109] The preview distinguishes bundle sources
m198: KILLED [director-110] The preview accepts absent shot layers
m199: KILLED [director-110] The preview uses supplied shot layers
m200: KILLED [director-105] The store checks its default byte budget
m201: KILLED [director-092] The absent renderer does not call its source
m202: KILLED [director-099] The base64 rejects a custom text object
m203: KILLED [director-103] The export key uses the registered source name
m204: KILLED [director-103] The export key uses path
m205: KILLED [director-110] The preview detects each layer key
m206: KILLED [director-108] The preview totals include every asset
m207: KILLED [director-095] The asset request sets its credentials option
m208: KILLED [director-095] The asset request sets its redirect option
m209: KILLED [director-095] The asset request sets its referrerPolicy option
m210: KILLED [director-095] The asset request sets its cache option
m211: KILLED [director-085] The position rejects field 0 that is not finite
m212: KILLED [director-085] The position rejects field 1 that is not finite
m213: KILLED [director-085] The position rejects field 2 that is not finite
m214: KILLED [director-096] The source checks its default byte budget
m215: KILLED [director-077] The manifest accepts the id field of a data pack
m216: KILLED [director-077] The manifest accepts the version field of a data pack
m217: KILLED [director-077] The manifest accepts the format field of a data pack
m218: KILLED [director-077] The manifest accepts the source field of a data pack
m219: KILLED [director-077] The manifest accepts the attribution field of a data pack
m220: KILLED [director-077] The manifest accepts the placement field of a data pack
m221: KILLED [director-079] The manifest accepts the byteLength field of a data pack
m222: KILLED [director-079] The manifest accepts the sha256 field of a data pack
m223: KILLED [director-077] The manifest accepts its source name field
m224: KILLED [director-077] The manifest accepts its source path field
m225: KILLED [director-078] The manifest accepts its attribution text field
m226: KILLED [director-078] The manifest accepts its attribution license field
m227: KILLED [director-078] The manifest accepts its attribution url field
m228: KILLED [director-100] The bundle checks its second asset reference
m229: KILLED [director-100] The bundle checks its second asset digest
m230: KILLED [director-103] The export accepts equal shared integrity
m231: KILLED [director-102] The export rejects absent asset bytes
m232: KILLED [director-092] The session settles an early internal signal
m233: KILLED [director-093] The session gives anchors to its renderer
m234: KILLED [director-106] The share helpers check a signal after text access
m235: KILLED [director-102] The export checks its encoded text budget
m236: KILLED [director-102] The export keeps its total after an asset without a byte length
m237: KILLED [director-089] The session state uses its active status
m238: KILLED [director-080] The placement selects the image fields
m239: KILLED [director-081] The placement selects the media fields
m240: KILLED [director-089] The session loads its geojson format
m241: KILLED [director-089] The session loads its image format
m242: KILLED [director-089] The session loads its media format
m243: KILLED [director-097] The source stops between stream chunks
m244: KILLED [director-082] The manifest rejects duplicate IDs, unknown IDs, wrong placement, URL syntax and cred
m245: KILLED [director-080] The manifest checks given image bounds and media anchor references
m246: KILLED [director-095 director-096 director-097] The directory source sends no credentials and rejects unsaf
m247: KILLED [director-087] GeoJSON keeps stable geometry IDs without properties or remote style hints
m248: KILLED [director-089] The data pack session removes resources and cancels the transport on Stop
m249: KILLED [director-091] The data pack session replaces source work and ignores its late bytes
m250: KILLED [director-090] The data pack session disposes late renderer resources after cancellation and keeps t
m251: KILLED [director-090] The data pack session disposes a renderer resource when its signal stops after the re
m252: KILLED [director-092] The deadline stops a stalled registered source and a data pack error removes earlier 
m253: KILLED [director-093] The data pack session checks bytes and integrity before the renderer call and rejects
m254: KILLED [director-097] The directory source cancels response bodies and sends no asset request with a cancel
m255: KILLED [director-101] The selected scene bundle copies bytes and attribution and keeps the project without 
m256: KILLED [director-099] The bundle rejects invalid bytes, unknown fields, traversal, duplicates, absent asset
m257: KILLED [director-102] The bundle checks asset limits and declared integrity before export
m258: KILLED [director-103] The data packs with the same path share one asset and reject integrity values that di
m259: KILLED [director-109] The preview reports unavailable sources, absent layers and absent bundle assets witho
m260: KILLED [director-104] The bundle byte store removes old data after replacement and uses no network source
m261: KILLED [director-106] The share helpers reject excess file bytes before text access and cancel a stalled pr
m262: KILLED [director-107] The cancelled bundle export stops before the next asset and returns no partial output
m263: KILLED [director-101] The bundle accepts long valid source asset names
m264: KILLED [director-077] The manifest accepts geojson
m265: KILLED [director-077] The manifest accepts image
m266: KILLED [director-077] The manifest accepts media
m267: KILLED [director-080] The image rejects bounds field 0
m268: KILLED [director-080] The image rejects bounds field 1
m269: KILLED [director-080] The image rejects bounds field 2
m270: KILLED [director-080] The image rejects bounds field 3
m271: KILLED [director-092] The session uses its supplied deadline
m272: KILLED [director-092] The session uses its default deadline
m273: KILLED [director-092] The session removes resources after a later error
m274: KILLED [director-099] The bundle accepts the application/json media type
m275: KILLED [director-099] The bundle accepts the application/geo+json media type
m276: KILLED [director-099] The bundle accepts the image/png media type
m277: KILLED [director-099] The bundle accepts the video/mp4 media type
m278: KILLED [director-099] The bundle accepts the video/webm media type
m279: KILLED [director-099] The bundle accepts the audio/mpeg media type
m280: KILLED [director-099] The bundle accepts the audio/ogg media type
m281: KILLED [director-099] The bundle accepts the audio/wav media type
m282: KILLED [director-099] The bundle accepts the audio/webm media type
m283: KILLED [director-089] The session rejects a falsy handle with inherited disposal
m284: KILLED [director-088] The destroyed session does not read the caller signal state
m285: KILLED [director-083] The collection accepts its exact feature limit
m286: KILLED [director-084] The feature ID accepts its exact text limit
m287: KILLED [director-085] The position accepts its exact total limit
m288: KILLED [director-087] The polygon accepts its exact ring limit
m289: KILLED [director-076] The asset path checks its text limit
m290: KILLED [director-102] The export accepts its exact asset total
m291: KILLED [director-089] The session keeps every data pack handle
m292: KILLED [director-095] The asset request sets its signal option
m293: KILLED [director-096] The stream accepts its exact byte limit
m294: KILLED [director-096] The stream accepts its exact byte limit
m295: KILLED [director-092] The session rejects a falsy custom source
m296: KILLED [director-101] The export writes exact bundle metadata
m297: KILLED [director-101] The export writes exact bundle metadata
m298: KILLED [director-101] The export writes exact bundle metadata
m299: KILLED [director-101] The export writes exact bundle metadata
m300: KILLED [director-101] The export writes exact bundle metadata
m301: KILLED [director-101] The export writes exact bundle metadata
m302: KILLED [director-105] The store returns an independent byte copy
m303: KILLED [director-079] The digest rejects 63 characters
m304: KILLED [director-079] The digest rejects 65 characters
m305: KILLED [director-079] The digest rejects a prefix
m306: KILLED [director-079] The digest rejects a suffix
m307: KILLED [director-079] The digest rejects uppercase text
m308: KILLED [director-080] The image rejects equal longitude edges
m309: KILLED [director-080] The image rejects equal latitude edges
m310: KILLED [director-080] The image accepts all geographic limits
m311: KILLED [director-080] The image accepts all geographic limits
m312: KILLED [director-080] The image accepts all geographic limits
m313: KILLED [director-080] The image accepts all geographic limits
m314: KILLED [director-082] The scene ignores a data pack list from its parent
m315: KILLED [director-080] The image rejects text for each geographic field
m316: KILLED [director-080] The image rejects text for each geographic field
m317: KILLED [director-078] The attribution accepts its text limits and rejects excess text
m318: KILLED [director-078] The attribution accepts its text limits and rejects excess text
m319: KILLED [director-078] The attribution accepts its text limits and rejects excess text
m320: KILLED [director-076] The asset path accepts 1024 characters and rejects 1025
m321: KILLED [director-076] The asset path rejects URL syntax with a stable message
m322: KILLED [director-088] The session accepts eight data packs
m323: KILLED [director-093] The session accepts the asset byte limit
m324: KILLED [director-093] The session accepts the total byte limit
m325: KILLED [director-093] The source receives the path and the renderer receives the asset and signal
m326: KILLED [director-093] The source receives the path and the renderer receives the asset and signal
m327: KILLED [director-093] The source receives the path and the renderer receives the asset and signal
m328: KILLED [director-089] The session removes its deadline after success
m329: KILLED [director-089] The session removes its deadline after clear
m330: KILLED [director-088] The session checks every declaration before the source call
m331: KILLED [director-089] The session destroys each ready resource
m332: KILLED [director-088] The session checks every declaration before the source call
m333: KILLED [director-083] The decoder rejects invalid UTF8 bytes
m334: KILLED [director-083] The decoder rejects null
m335: KILLED [director-084] The decoder rejects a null feature
m336: KILLED [director-084] The decoder rejects a null feature
m337: KILLED [director-087] The decoder rejects absent geometry
m338: KILLED [director-087] The decoder rejects absent geometry
m339: KILLED [director-087] The decoder rejects absent geometry
m340: KILLED [director-095] The directory source uses the default fetch function
m341: KILLED [director-102] The export accepts the total byte limit and rejects one more byte
m342: KILLED [director-102] The export accepts the total byte limit and rejects one more byte
m343: KILLED [director-099] The base64 accepts its length limit and rejects the next aligned length
m344: KILLED [director-106] The share helpers accept the project file limit and reject one more byte
m345: KILLED [director-106] The share helpers accept the bundle file limit and reject one more byte
m346: KILLED [director-102] The export rejects an unsupported media type
m347: KILLED [director-099] The import rejects 65 different asset paths
m348: KILLED [director-099] The import accepts the total byte limit and rejects one more byte
m349: KILLED [director-099] The import accepts the total byte limit and rejects one more byte
m350: KILLED [director-105] The store rejects a cancelled source call
m351: KILLED [director-107] The bundle stops import before an asset
m352: KILLED [director-107] The bundle stops import after a digest
m353: KILLED [director-107] The bundle stops export before an asset
m354: KILLED [director-107] The bundle stops export after asset bytes
m355: KILLED [director-107] The bundle stops export after a digest
m356: KILLED [director-108] The preview counts shots apart from scenes
m357: KILLED [director-108] The preview counts shots apart from scenes
m358: KILLED [director-110] The preview lists distinct absent layers
m359: KILLED [director-077] The manifest accepts 256 characters for its ID and rejects 257
m360: KILLED [director-077] The manifest accepts 256 characters for its ID and rejects 257
m361: KILLED [director-077] The manifest accepts 256 characters for its source name and rejects 257
m362: KILLED [director-077] The manifest accepts 256 characters for its source name and rejects 257
m363: KILLED [director-078] The attribution accepts its text limits and rejects excess text
m364: KILLED [director-078] The attribution accepts its text limits and rejects excess text
m365: KILLED [director-078] The attribution accepts its text limits and rejects excess text
m366: KILLED [director-076] The asset path accepts 1024 characters and rejects 1025
m367: KILLED [director-102] The export rejects excess asset total
m368: KILLED [director-085] The position rejects negative longitude
m369: KILLED [director-085] The position rejects negative latitude
m370: KILLED [director-085] The position accepts the limit for negative longitude
m371: KILLED [director-085] The position accepts the limit for negative latitude
m372: KILLED [director-085] The position rejects four coordinates
m373: KILLED [director-085] The position rejects one coordinate
m374: KILLED [director-076] The asset path rejects .x
m375: KILLED [director-076] The asset path rejects x?a=1
m376: KILLED [director-079] The manifest accepts one byte
m377: KILLED [director-080] The image rejects bounds outside an array
m378: KILLED [director-082] The scene rejects nine distinct data packs
m379: KILLED [director-082] The scene accepts eight distinct data packs
m380: KILLED [director-089] The data pack session reports its state during asset work
m381: KILLED [director-096] The directory source accepts its default byte limit
m382: KILLED [director-098] The bundle helpers accept the character limit
m383: KILLED [director-098] The bundle helpers accept the multibyte text limit
m384: KILLED [director-098] The bundle helpers reject an invalid plain project
m385: KILLED [director-098] The bundle helpers reject a null project
m386: KILLED [director-099] The bundle helpers reject an extra top field
m387: KILLED [director-099] The bundle helpers reject an invalid bundle project
m388: KILLED [director-099] The import accepts 64 distinct assets
m389: SURVIVED 
m390: KILLED [director-101] The resolver receives the data pack and signal
m391: KILLED [director-101] The resolver receives the data pack and signal
m392: KILLED [director-102] The export accepts the text byte limit
m393: KILLED [director-105] The byte store accepts the caller byte limit
m394: KILLED [director-093] The renderer receives the data pack and scene anchors
m395: KILLED [director-093] The renderer receives the data pack and scene anchors
m396: KILLED [director-089] The data pack session removes source listeners after success
m397: KILLED [director-089] The data pack session removes source listeners after success
m398: KILLED [director-089] The data pack session removes source listeners after error
m399: KILLED [director-079] The manifest accepts its byte limit
m400: KILLED [director-080] The image accepts its minimum height
m401: KILLED [director-080] The image accepts its maximum height
m402: KILLED [director-085] The position accepts its minimum height
m403: KILLED [director-085] The position accepts its maximum height
m404: KILLED [director-107] The share helpers remove the listener after cancel
m405: KILLED [director-107] The share helpers remove the listener after success
m406: KILLED [director-107] The share helpers remove the listener after error
m407: KILLED [director-107] The share helpers remove the listener after success
m408: KILLED [director-101] The export rejects an invalid project
SURVIVORS: [('m172', 'SURVIVED'), ('m389', 'SURVIVED')]
