Command: taskset -c 8-11 nice -n 19 node --test --test-isolation=none --test-name-pattern=log both source counts src/data/cctvOntarioRows.test.mjs
Tree: ede1c684 plus Pass 5 tests and the scratch mutation
✖ [live-sources-008] log both source counts (49.079665ms)
ℹ tests 1
ℹ suites 0
ℹ pass 0
ℹ fail 1
ℹ cancelled 0
ℹ skipped 0
ℹ todo 0
ℹ duration_ms 241.834226

✖ failing tests:

test at src/data/cctvOntarioRows.test.mjs:403:1
✖ [live-sources-008] log both source counts (49.079665ms)
  AssertionError [ERR_ASSERTION]: Expected values to be strictly deep-equal:
  + actual - expected
  
    [
      [
  +     'warn',
  -     'log',
        '[CCTV] Loaded Ontario 511 camera sources: 9 enabled (using nearest 8)'
      ]
    ]
  
      at TestContext.<anonymous> (file:///tmp/ont-pass5-tree/src/data/cctvOntarioRows.test.mjs:408:10)
      at async Test.run (node:internal/test_runner/test:1409:7)
      at async startSubtestAfterBootstrap (node:internal/test_runner/harness:387:3) {
    generatedMessage: true,
    code: 'ERR_ASSERTION',
    actual: [Array],
    expected: [Array],
    operator: 'deepStrictEqual',
    diff: 'simple'
  }
