Command: taskset -c 8-11 nice -n 19 node --test --test-isolation=none --test-name-pattern=write the warning for a row error with the key text src/data/cctvOntarioRows.test.mjs
Tree: ede1c684 plus Pass 5 tests and the scratch mutation
✖ [live-sources-005] write the warning for a row error with the key text (42.983415ms)
ℹ tests 1
ℹ suites 0
ℹ pass 0
ℹ fail 1
ℹ cancelled 0
ℹ skipped 0
ℹ todo 0
ℹ duration_ms 246.814274

✖ failing tests:

test at src/data/cctvOntarioRows.test.mjs:301:1
✖ [live-sources-005] write the warning for a row error with the key text (42.983415ms)
  AssertionError [ERR_ASSERTION]: Expected values to be strictly deep-equal:
  + actual - expected
  
    [
      [
  +     'error',
  +     'Error: FAKE_ROW_KEY'
  +   ],
  +   [
        'warn',
        '[CCTV] Ontario 511 camera data has an error.'
      ]
    ]
  
      at TestContext.<anonymous> (file:///tmp/ont-pass5-tree/src/data/cctvOntarioRows.test.mjs:318:10)
      at async Test.run (node:internal/test_runner/test:1409:7)
      at async startSubtestAfterBootstrap (node:internal/test_runner/harness:387:3) {
    generatedMessage: true,
    code: 'ERR_ASSERTION',
    actual: [Array],
    expected: [Array],
    operator: 'deepStrictEqual',
    diff: 'simple'
  }
