Command: taskset -c 8-11 nice -n 19 node scripts/spec/gates.mjs lint
WARN STE-NOUN openspec/changes/archive/2026-09-16-establish-spec-governance/specs/coverage-gate/spec.md:244 Check for a verb used as a noun: "skip"
WARN STE-NOUN openspec/changes/archive/2026-09-16-establish-spec-governance/specs/coverage-gate/spec.md:245 Check for a verb used as a noun: "skip"
WARN STE-NOUN openspec/changes/archive/2026-09-16-establish-spec-governance/specs/coverage-gate/spec.md:246 Check for a verb used as a noun: "skip"
WARN STE-NOUN openspec/changes/archive/2026-09-17-harden-gate-ledger/specs/coverage-gate/spec.md:73 Check for a verb used as a noun: "skip"
WARN STE-NOUN openspec/changes/archive/2026-09-17-harden-gate-ledger/specs/coverage-gate/spec.md:74 Check for a verb used as a noun: "skip"
WARN STE-NOUN openspec/changes/archive/2026-09-17-harden-gate-ledger/specs/coverage-gate/spec.md:75 Check for a verb used as a noun: "skip"
WARN STE-WORD-OLD openspec/changes/archive/2026-09-17-osh-fusion/design.md:35 Use "invalid", not "malformed"
WARN STE-WORD-OLD openspec/changes/archive/2026-09-17-osh-fusion/proposal.md:70 Use "clear", not "explicit"
WARN STE-WORD-OLD openspec/changes/archive/2026-09-17-osh-fusion/specs/osh/spec.md:172 Use "invalid", not "malformed"
WARN STE-WORD-OLD openspec/changes/archive/2026-09-17-osh-fusion/specs/osh/spec.md:179 Use "invalid", not "malformed"
WARN STE-WORD-OLD openspec/changes/archive/2026-09-17-osh-fusion/specs/osh/spec.md:251 Use "clear", not "explicit"
WARN STE-ING openspec/changes/archive/2026-09-18-osh-geo-discovery/design.md:17 Check the -ing word "hiding"
WARN STE-ING openspec/changes/archive/2026-09-18-osh-geo-discovery/design.md:33 Check the -ing word "hosting"
WARN STE-ING openspec/changes/archive/2026-09-18-osh-geo-discovery/design.md:43 Check the -ing word "sampling"
WARN STE-PASSIVE openspec/changes/archive/2026-09-18-osh-geo-discovery/design.md:52 Check for passive voice: "is required"
WARN STE-PASSIVE openspec/changes/archive/2026-09-18-osh-geo-discovery/design.md:66 Check for passive voice: "is named"
WARN STE-PASSIVE openspec/changes/archive/2026-09-18-osh-geo-discovery/design.md:68 Check for passive voice: "is unmeasured"
WARN STE-ING openspec/changes/archive/2026-09-18-osh-geo-discovery/proposal.md:13 Check the -ing word "rebuilding"
WARN STE-PASSIVE openspec/changes/archive/2026-09-18-osh-geo-discovery/proposal.md:19 Check for passive voice: "are cached"
WARN STE-ING openspec/changes/archive/2026-09-18-osh-geo-discovery/proposal.md:21 Check the -ing word "hosting"
WARN STE-ING openspec/changes/archive/2026-09-18-osh-geo-discovery/proposal.md:27 Check the -ing word "handling"
WARN STE-PASSIVE openspec/changes/archive/2026-09-18-osh-geo-discovery/proposal.md:38 Check for passive voice: "are modified"
WARN STE-PASSIVE openspec/changes/archive/2026-09-18-osh-geo-discovery/proposal.md:38 Check for passive voice: "are added"
WARN STE-PASSIVE openspec/changes/archive/2026-09-18-osh-geo-discovery/proposal.md:39 Check for passive voice: "is added"
WARN STE-ING openspec/changes/archive/2026-09-18-osh-geo-discovery/proposal.md:39 Check the -ing word "reading"
WARN STE-ING openspec/changes/archive/2026-09-18-osh-geo-discovery/proposal.md:52 Check the -ing word "growing"
WARN STE-WORD-OLD openspec/changes/archive/2026-09-18-osh-geo-discovery/specs/osh/spec.md:27 Use "invalid", not "malformed"
WARN STE-WORD-OLD openspec/changes/archive/2026-09-18-osh-geo-discovery/specs/osh/spec.md:35 Use "invalid", not "malformed"
WARN STE-WORD-OLD openspec/changes/archive/2026-09-18-osh-geo-discovery/specs/osh/spec.md:64 Use "invalid", not "malformed"
WARN STE-PASSIVE openspec/changes/archive/2026-09-18-osh-geo-discovery/specs/osh/spec.md:82 Check for passive voice: "is given"
WARN STE-PASSIVE openspec/changes/archive/2026-09-18-osh-geo-discovery/specs/osh/spec.md:136 Check for passive voice: "is removed"
WARN STE-WORD-OLD openspec/changes/archive/2026-09-18-osh-geo-discovery/specs/osh/spec.md:146 Use "clear", not "explicit"
WARN STE-NOUN openspec/changes/archive/2026-09-18-osh-geo-discovery/tasks.md:21 Check for a verb used as a noun: "skip"
WARN STE-ING openspec/changes/archive/2026-09-18-osh-geo-discovery/tasks.md:47 Check the -ing word "fetching"
WARN STE-NOUN openspec/changes/archive/2026-09-18-osh-geo-discovery/tasks.md:71 Check for a verb used as a noun: "abort"
WARN STE-PASSIVE openspec/changes/archive/2026-09-18-osh-geo-discovery/tasks.md:104 Check for passive voice: "is dropped"
WARN STE-PASSIVE openspec/changes/archive/2026-09-18-osh-geo-discovery/tasks.md:105 Check for passive voice: "is removed"
WARN STE-NOUN openspec/changes/archive/2026-09-18-osh-geo-discovery/tasks.md:108 Check for a verb used as a noun: "abort"
WARN STE-ING openspec/changes/archive/2026-09-19-osh-observation-age/design.md:5 Check the -ing word "morning"
WARN STE-ING openspec/changes/archive/2026-09-19-osh-observation-age/design.md:5 Check the -ing word "evening"
WARN STE-ING openspec/changes/archive/2026-09-19-osh-observation-age/design.md:9 Check the -ing word "evening"
WARN STE-PASSIVE openspec/changes/archive/2026-09-19-osh-observation-age/design.md:31 Check for passive voice: "is ruled"
WARN STE-ING openspec/changes/archive/2026-09-19-osh-observation-age/design.md:31 Check the -ing word "reading"
WARN STE-PASSIVE openspec/changes/archive/2026-09-19-osh-observation-age/design.md:41 Check for passive voice: "are pinned"
WARN STE-ING openspec/changes/archive/2026-09-19-osh-observation-age/design.md:61 Check the -ing word "reading"
WARN STE-ING openspec/changes/archive/2026-09-19-osh-observation-age/design.md:61 Check the -ing word "trusting"
WARN STE-ING openspec/changes/archive/2026-09-19-osh-observation-age/proposal.md:3 Check the -ing word "moving"
WARN STE-ING openspec/changes/archive/2026-09-19-osh-observation-age/proposal.md:5 Check the -ing word "morning"
WARN STE-ING openspec/changes/archive/2026-09-19-osh-observation-age/proposal.md:5 Check the -ing word "evening"
WARN STE-PASSIVE openspec/changes/archive/2026-09-19-osh-observation-age/proposal.md:7 Check for passive voice: "is named"
WARN STE-ING openspec/changes/archive/2026-09-19-osh-observation-age/proposal.md:9 Check the -ing word "evening"
WARN STE-ING openspec/changes/archive/2026-09-19-osh-observation-age/proposal.md:9 Check the -ing word "reading"
WARN STE-ING openspec/changes/archive/2026-09-19-osh-observation-age/proposal.md:9 Check the -ing word "Treating"
WARN STE-ING openspec/changes/archive/2026-09-19-osh-observation-age/proposal.md:9 Check the -ing word "refusing"
WARN STE-ING openspec/changes/archive/2026-09-19-osh-observation-age/proposal.md:9 Check the -ing word "reading"
WARN STE-ING openspec/changes/archive/2026-09-19-osh-observation-age/proposal.md:11 Check the -ing word "evening"
WARN STE-ING openspec/changes/archive/2026-09-19-osh-observation-age/proposal.md:15 Check the -ing word "reading"
WARN STE-PASSIVE openspec/changes/archive/2026-09-19-osh-observation-age/proposal.md:25 Check for passive voice: "are modified"
WARN STE-ING openspec/changes/archive/2026-09-19-osh-observation-age/proposal.md:30 Check the -ing word "morning"
WARN STE-ING openspec/changes/archive/2026-09-19-osh-observation-age/proposal.md:30 Check the -ing word "evening"
WARN STE-ING openspec/changes/archive/2026-09-19-osh-observation-age/proposal.md:35 Check the -ing word "morning"
WARN STE-ING openspec/changes/archive/2026-09-19-osh-observation-age/proposal.md:35 Check the -ing word "evening"
WARN STE-ING openspec/changes/archive/2026-09-19-osh-observation-age/proposal.md:37 Check the -ing word "evening"
WARN STE-ING openspec/changes/archive/2026-09-19-osh-observation-age/proposal.md:37 Check the -ing word "reading"
WARN STE-WORD-OLD openspec/changes/archive/2026-09-19-osh-observation-age/proposal.md:38 Use "clear", not "explicit"
WARN STE-ING openspec/changes/archive/2026-09-19-osh-observation-age/proposal.md:38 Check the -ing word "evening"
WARN STE-PASSIVE openspec/changes/archive/2026-09-19-osh-observation-age/specs/osh/spec.md:41 Check for passive voice: "is given"
WARN STE-ING openspec/changes/archive/2026-09-19-osh-observation-age/specs/osh/spec.md:74 Check the -ing word "reading"
WARN STE-PASSIVE openspec/changes/archive/2026-09-19-osh-observation-age/specs/osh/spec.md:102 Check for passive voice: "is removed"
WARN STE-ING openspec/changes/archive/2026-09-19-osh-observation-age/tasks.md:14 Check the -ing word "reading"
WARN STE-PASSIVE openspec/changes/archive/2026-09-20-osh-location-streams/design.md:3 Check for passive voice: "are measured"
WARN STE-ING openspec/changes/archive/2026-09-20-osh-location-streams/design.md:3 Check the -ing word "wrapping"
WARN STE-ING openspec/changes/archive/2026-09-20-osh-location-streams/design.md:15 Check the -ing word "reporting"
WARN STE-PASSIVE openspec/changes/archive/2026-09-20-osh-location-streams/design.md:30 Check for passive voice: "are recognised"
WARN STE-PASSIVE openspec/changes/archive/2026-09-20-osh-location-streams/design.md:31 Check for passive voice: "is accepted"
WARN STE-ING openspec/changes/archive/2026-09-20-osh-location-streams/design.md:34 Check the -ing word "binding"
WARN STE-ING openspec/changes/archive/2026-09-20-osh-location-streams/design.md:36 Check the -ing word "missing"
WARN STE-ING openspec/changes/archive/2026-09-20-osh-location-streams/design.md:44 Check the -ing word "carrying"
WARN STE-PASSIVE openspec/changes/archive/2026-09-20-osh-location-streams/design.md:49 Check for passive voice: "is checked"
WARN STE-PASSIVE openspec/changes/archive/2026-09-20-osh-location-streams/design.md:49 Check for passive voice: "is skipped"
WARN STE-ING openspec/changes/archive/2026-09-20-osh-location-streams/design.md:49 Check the -ing word "naming"
WARN STE-NOUN openspec/changes/archive/2026-09-20-osh-location-streams/design.md:59 Check for a verb used as a noun: "read"
WARN STE-ING openspec/changes/archive/2026-09-20-osh-location-streams/design.md:63 Check the -ing word "trusting"
WARN STE-ING openspec/changes/archive/2026-09-20-osh-location-streams/design.md:63 Check the -ing word "growing"
WARN STE-PASSIVE openspec/changes/archive/2026-09-20-osh-location-streams/design.md:67 Check for passive voice: "is dropped"
WARN STE-PASSIVE openspec/changes/archive/2026-09-20-osh-location-streams/design.md:68 Check for passive voice: "is dropped"
WARN STE-ING openspec/changes/archive/2026-09-20-osh-location-streams/design.md:68 Check the -ing word "naming"
WARN STE-ING openspec/changes/archive/2026-09-20-osh-location-streams/design.md:68 Check the -ing word "naming"
WARN STE-PASSIVE openspec/changes/archive/2026-09-20-osh-location-streams/design.md:74 Check for passive voice: "is removed"
WARN STE-ING openspec/changes/archive/2026-09-20-osh-location-streams/design.md:74 Check the -ing word "existing"
WARN STE-ING openspec/changes/archive/2026-09-20-osh-location-streams/design.md:74 Check the -ing word "handling"
WARN STE-ING openspec/changes/archive/2026-09-20-osh-location-streams/design.md:74 Check the -ing word "reporting"
WARN STE-ING openspec/changes/archive/2026-09-20-osh-location-streams/design.md:78 Check the -ing word "failing"
WARN STE-PASSIVE openspec/changes/archive/2026-09-20-osh-location-streams/design.md:86 Check for passive voice: "is confirmed"
WARN STE-ING openspec/changes/archive/2026-09-20-osh-location-streams/design.md:86 Check the -ing word "tracing"
WARN STE-ING openspec/changes/archive/2026-09-20-osh-location-streams/design.md:88 Check the -ing word "calling"
WARN STE-ING openspec/changes/archive/2026-09-20-osh-location-streams/design.md:89 Check the -ing word "parsing"
WARN STE-ING openspec/changes/archive/2026-09-20-osh-location-streams/design.md:89 Check the -ing word "accepting"
WARN STE-ING openspec/changes/archive/2026-09-20-osh-location-streams/design.md:91 Check the -ing word "calling"
WARN STE-PASSIVE openspec/changes/archive/2026-09-20-osh-location-streams/design.md:92 Check for passive voice: "are checked"
WARN STE-PASSIVE openspec/changes/archive/2026-09-20-osh-location-streams/design.md:92 Check for passive voice: "is called"
WARN STE-ING openspec/changes/archive/2026-09-20-osh-location-streams/proposal.md:5 Check the -ing word "wrapping"
WARN STE-PASSIVE openspec/changes/archive/2026-09-20-osh-location-streams/proposal.md:15 Check for passive voice: "is bounded"
WARN STE-PASSIVE openspec/changes/archive/2026-09-20-osh-location-streams/proposal.md:15 Check for passive voice: "is accepted"
WARN STE-ING openspec/changes/archive/2026-09-20-osh-location-streams/proposal.md:16 Check the -ing word "reporting"
WARN STE-PASSIVE openspec/changes/archive/2026-09-20-osh-location-streams/proposal.md:19 Check for passive voice: "is dropped"
WARN STE-PASSIVE openspec/changes/archive/2026-09-20-osh-location-streams/proposal.md:29 Check for passive voice: "are modified"
WARN STE-PASSIVE openspec/changes/archive/2026-09-20-osh-location-streams/proposal.md:29 Check for passive voice: "is added"
WARN STE-PASSIVE openspec/changes/archive/2026-09-20-osh-location-streams/proposal.md:30 Check for passive voice: "is unchanged"
WARN STE-ING openspec/changes/archive/2026-09-20-osh-location-streams/proposal.md:30 Check the -ing word "existing"
WARN STE-ING openspec/changes/archive/2026-09-20-osh-location-streams/proposal.md:36 Check the -ing word "reporting"
WARN STE-PASSIVE openspec/changes/archive/2026-09-20-osh-location-streams/proposal.md:42 Check for passive voice: "is placed"
WARN STE-PASSIVE openspec/changes/archive/2026-09-20-osh-location-streams/proposal.md:43 Check for passive voice: "is named"
WARN STE-NOUN openspec/changes/archive/2026-09-20-osh-location-streams/proposal.md:43 Check for a verb used as a noun: "read"
WARN STE-NOUN openspec/changes/archive/2026-09-20-osh-location-streams/proposal.md:43 Check for a verb used as a noun: "read"
WARN STE-WORD-OLD openspec/changes/archive/2026-09-20-osh-location-streams/specs/osh/spec.md:4 Use "invalid", not "malformed"
WARN STE-WORD-OLD openspec/changes/archive/2026-09-20-osh-location-streams/specs/osh/spec.md:12 Use "invalid", not "malformed"
WARN STE-WORD-OLD openspec/changes/archive/2026-09-20-osh-location-streams/specs/osh/spec.md:42 Use "invalid", not "malformed"
WARN STE-PASSIVE openspec/changes/archive/2026-09-20-osh-location-streams/specs/osh/spec.md:49 Check for passive voice: "is dropped"
WARN STE-PASSIVE openspec/changes/archive/2026-09-20-osh-location-streams/specs/osh/spec.md:51 Check for passive voice: "is dropped"
WARN STE-ING openspec/changes/archive/2026-09-20-osh-location-streams/specs/osh/spec.md:51 Check the -ing word "naming"
WARN STE-ING openspec/changes/archive/2026-09-20-osh-location-streams/specs/osh/spec.md:59 Check the -ing word "walking"
WARN STE-WORD-OLD openspec/changes/archive/2026-09-20-osh-location-streams/specs/osh/spec.md:79 Use "invalid", not "malformed"
WARN STE-PASSIVE openspec/changes/archive/2026-09-20-osh-location-streams/specs/osh/spec.md:149 Check for passive voice: "is given"
WARN STE-PASSIVE openspec/changes/archive/2026-09-20-osh-location-streams/specs/osh/spec.md:189 Check for passive voice: "is placed"
WARN STE-PASSIVE openspec/changes/archive/2026-09-20-osh-location-streams/specs/osh/spec.md:216 Check for passive voice: "is removed"
WARN STE-WORD-OLD openspec/changes/archive/2026-09-20-osh-location-streams/specs/osh/spec.md:241 Use "clear", not "explicit"
WARN STE-PASSIVE openspec/changes/archive/2026-09-20-osh-location-streams/specs/osh/spec.md:255 Check for passive voice: "is walked"
WARN STE-PASSIVE openspec/changes/archive/2026-09-20-osh-location-streams/specs/osh/spec.md:257 Check for passive voice: "is skipped"
WARN STE-NOUN openspec/changes/archive/2026-09-20-osh-location-streams/specs/osh/spec.md:258 Check for a verb used as a noun: "skip"
WARN STE-PASSIVE openspec/changes/archive/2026-09-20-osh-location-streams/specs/osh/spec.md:261 Check for passive voice: "is served"
WARN STE-NOUN openspec/changes/archive/2026-09-20-osh-location-streams/specs/osh/spec.md:273 Check for a verb used as a noun: "read"
WARN STE-ING openspec/changes/archive/2026-09-20-osh-location-streams/tasks.md:22 Check the -ing word "missing"
WARN STE-PASSIVE openspec/changes/archive/2026-09-20-osh-location-streams/tasks.md:25 Check for passive voice: "is green"
WARN STE-PASSIVE openspec/changes/archive/2026-09-20-osh-location-streams/tasks.md:29 Check for passive voice: "is green"
WARN STE-WORD-OLD openspec/changes/archive/2026-09-20-osh-location-streams/tasks.md:31 Use "invalid", not "malformed"
WARN STE-PASSIVE openspec/changes/archive/2026-09-20-osh-location-streams/tasks.md:33 Check for passive voice: "is green"
WARN STE-ING openspec/changes/archive/2026-09-20-osh-location-streams/tasks.md:35 Check the -ing word "winning"
WARN STE-PASSIVE openspec/changes/archive/2026-09-20-osh-location-streams/tasks.md:38 Check for passive voice: "is green"
WARN STE-ING openspec/changes/archive/2026-09-20-osh-location-streams/tasks.md:43 Check the -ing word "trailing"
WARN STE-PASSIVE openspec/changes/archive/2026-09-20-osh-location-streams/tasks.md:44 Check for passive voice: "is green"
WARN STE-PASSIVE openspec/changes/archive/2026-09-20-osh-location-streams/tasks.md:47 Check for passive voice: "is green"
WARN STE-NOUN openspec/changes/archive/2026-09-20-osh-location-streams/tasks.md:50 Check for a verb used as a noun: "read"
WARN STE-PASSIVE openspec/changes/archive/2026-09-20-osh-location-streams/tasks.md:53 Check for passive voice: "is green"
WARN STE-ING openspec/changes/archive/2026-09-20-osh-location-streams/tasks.md:58 Check the -ing word "landing"
WARN STE-ING openspec/changes/archive/2026-09-20-osh-location-streams/tasks.md:58 Check the -ing word "existing"
WARN STE-PASSIVE openspec/changes/archive/2026-09-20-osh-location-streams/tasks.md:60 Check for passive voice: "are green"
WARN STE-ING openspec/changes/archive/2026-09-20-osh-location-streams/tasks.md:62 Check the -ing word "naming"
WARN STE-PASSIVE openspec/changes/archive/2026-09-20-osh-location-streams/tasks.md:69 Check for passive voice: "is green"
WARN STE-PASSIVE openspec/changes/archive/2026-09-20-osh-location-streams/tasks.md:76 Check for passive voice: "are green"
WARN STE-ING openspec/changes/archive/2026-09-20-osh-location-streams/tasks.md:76 Check the -ing word "bookkeeping"
WARN STE-ING openspec/changes/archive/2026-09-20-osh-location-streams/tasks.md:83 Check the -ing word "keeping"
WARN STE-PASSIVE openspec/changes/archive/2026-09-20-osh-location-streams/tasks.md:85 Check for passive voice: "is carried"
WARN STE-ING openspec/changes/archive/2026-09-20-osh-location-streams/tasks.md:87 Check the -ing word "standing"
WARN STE-PASSIVE openspec/changes/archive/2026-09-20-osh-location-streams/tasks.md:88 Check for passive voice: "are green"
WARN STE-PASSIVE openspec/changes/archive/2026-09-20-osh-location-streams/tasks.md:90 Check for passive voice: "is unchanged"
WARN STE-WORD-OLD openspec/changes/archive/2026-09-20-osh-location-streams/tasks.md:92 Use "shown", not "exposed"
WARN STE-PASSIVE openspec/changes/archive/2026-09-20-osh-location-streams/tasks.md:105 Check for passive voice: "is placed"
WARN STE-ING openspec/changes/archive/2026-09-20-osh-location-streams/tasks.md:105 Check the -ing word "naming"
WARN STE-ING openspec/changes/archive/2026-09-20-osh-location-streams/tasks.md:105 Check the -ing word "asserting"
WARN STE-ING openspec/changes/archive/2026-09-20-osh-location-streams/tasks.md:107 Check the -ing word "asserting"
WARN STE-ING openspec/changes/archive/2026-09-20-osh-location-streams/tasks.md:124 Check the -ing word "surviving"
WARN STE-PASSIVE openspec/changes/archive/2026-09-20-osh-location-streams/tasks.md:132 Check for passive voice: "be honoured"
WARN STE-ING openspec/changes/archive/2026-09-20-osh-location-streams/tasks.md:133 Check the -ing word "missing"
WARN STE-ING openspec/changes/archive/2026-09-20-osh-location-streams/tasks.md:140 Check the -ing word "keeping"
WARN STE-WORD-OLD openspec/changes/archive/2026-09-20-osh-marker-depth/design.md:11 Use "shows", not "exposes"
WARN STE-PASSIVE openspec/changes/archive/2026-09-20-osh-marker-depth/design.md:34 Check for passive voice: "be buried"
WARN STE-ING openspec/changes/archive/2026-09-20-osh-marker-depth/proposal.md:39 Check the -ing word "answering"
WARN STE-PASSIVE openspec/changes/archive/2026-09-20-osh-marker-depth/tasks.md:36 Check for passive voice: "is green"
WARN STE-PASSIVE openspec/changes/archive/2026-09-20-osh-marker-depth/tasks.md:53 Check for passive voice: "is green"
WARN STE-ING openspec/changes/archive/2026-09-20-osh-marker-depth/tasks.md:67 Check the -ing word "having"
WARN STE-ING openspec/changes/archive/2026-09-20-osh-marker-depth/tasks.md:67 Check the -ing word "missing"
WARN STE-ING openspec/changes/archive/2026-09-20-osh-marker-depth/tasks.md:67 Check the -ing word "missing"
WARN STE-NOUN openspec/changes/archive/2026-09-20-test-teardown-cleanup/design.md:30 Check for a verb used as a noun: "read"
WARN STE-PASSIVE openspec/changes/archive/2026-09-20-test-teardown-cleanup/design.md:36 Check for passive voice: "is unreached"
WARN STE-NOUN openspec/changes/archive/2026-09-20-test-teardown-cleanup/design.md:36 Check for a verb used as a noun: "abort"
WARN STE-NOUN openspec/changes/archive/2026-09-20-test-teardown-cleanup/design.md:36 Check for a verb used as a noun: "abort"
WARN STE-NOUN openspec/changes/archive/2026-09-20-test-teardown-cleanup/tasks.md:49 Check for a verb used as a noun: "read"
WARN STE-NOUN openspec/changes/archive/2026-09-20-test-teardown-cleanup/tasks.md:49 Check for a verb used as a noun: "read"
WARN STE-NOUN openspec/changes/archive/2026-09-20-test-teardown-cleanup/tasks.md:55 Check for a verb used as a noun: "abort"
WARN STE-NOUN openspec/changes/archive/2026-09-20-test-teardown-cleanup/tasks.md:56 Check for a verb used as a noun: "abort"
WARN STE-ING openspec/changes/archive/2026-09-20-test-teardown-cleanup/tasks.md:113 Check the -ing word "including"
WARN STE-WORD-OLD openspec/changes/archive/2026-09-22-teardown-guard/proposal.md:38 Use "shows", not "exposes"
WARN STE-PASSIVE openspec/changes/archive/2026-09-22-teardown-guard/tasks.md:4 Check for passive voice: "is modified"
WARN STE-PASSIVE openspec/changes/archive/2026-09-22-teardown-guard/tasks.md:34 Check for passive voice: "is unchanged"
WARN STE-WORD-OLD openspec/changes/archive/2026-09-22-teardown-guard/tasks.md:121 Use "check", not "verify"
WARN STE-WORD-OLD openspec/changes/archive/2026-09-22-teardown-guard/tasks.md:128 Use "checked", not "verified"
WARN STE-ING openspec/changes/archive/2026-09-22-teardown-guard/tasks.md:134 Check the -ing word "moving"
WARN STE-ING openspec/changes/archive/2026-09-22-teardown-guard/tasks.md:134 Check the -ing word "gaining"
WARN STE-ING openspec/changes/archive/2026-09-22-teardown-guard/tasks.md:139 Check the -ing word "matching"
WARN STE-ING openspec/changes/archive/2026-09-22-teardown-guard/tasks.md:140 Check the -ing word "undercounting"
WARN STE-ING openspec/changes/archive/2026-09-22-teardown-guard/tasks.md:141 Check the -ing word "extracting"
WARN STE-PASSIVE openspec/changes/archive/2026-09-22-teardown-guard/tasks.md:143 Check for passive voice: "was corrected"
WARN STE-PASSIVE openspec/changes/archive/2026-09-22-teardown-guard/tasks.md:143 Check for passive voice: "was fixed"
WARN STE-ING openspec/changes/archive/2026-09-22-teardown-guard/tasks.md:143 Check the -ing word "confirming"
WARN STE-WORD-OLD openspec/changes/archive/2026-09-22-teardown-guard/tasks.md:144 Use "allows", not "permits"
WARN STE-PASSIVE openspec/changes/archive/2026-09-22-teardown-guard/tasks.md:144 Check for passive voice: "are accepted"
WARN STE-PASSIVE openspec/changes/archive/2026-09-22-teardown-guard/tasks.md:144 Check for passive voice: "is cross-referenced"
WARN STE-ING openspec/changes/archive/2026-09-23-gate-measurement-race/design.md:7 Check the -ing word "blocking"
WARN STE-ING openspec/changes/archive/2026-09-23-gate-measurement-race/design.md:15 Check the -ing word "blocking"
WARN STE-ING openspec/changes/archive/2026-09-23-gate-measurement-race/design.md:35 Check the -ing word "blocking"
WARN STE-ING openspec/changes/archive/2026-09-23-gate-measurement-race/design.md:41 Check the -ing word "blocking"
WARN STE-ING openspec/changes/archive/2026-09-23-gate-measurement-race/design.md:43 Check the -ing word "blocking"
WARN STE-ING openspec/changes/archive/2026-09-23-gate-measurement-race/design.md:67 Check the -ing word "blocking"
WARN STE-ING openspec/changes/archive/2026-09-23-gate-measurement-race/design.md:101 Check the -ing word "blocking"
WARN STE-ING openspec/changes/archive/2026-09-23-gate-measurement-race/proposal.md:11 Check the -ing word "blocking"
WARN STE-ING openspec/changes/archive/2026-09-23-gate-measurement-race/proposal.md:19 Check the -ing word "blocking"
WARN STE-ING openspec/changes/archive/2026-09-23-gate-measurement-race/proposal.md:45 Check the -ing word "blocking"
WARN STE-ING openspec/changes/archive/2026-09-23-gate-measurement-race/proposal.md:46 Check the -ing word "blocking"
WARN STE-ING openspec/changes/archive/2026-09-23-gate-measurement-race/proposal.md:47 Check the -ing word "blocking"
WARN STE-ING openspec/changes/archive/2026-09-23-gate-measurement-race/proposal.md:49 Check the -ing word "blocking"
WARN STE-ING openspec/changes/archive/2026-09-23-gate-measurement-race/specs/coverage-gate/spec.md:4 Check the -ing word "blocking"
WARN STE-ING openspec/changes/archive/2026-09-23-gate-measurement-race/specs/coverage-gate/spec.md:4 Check the -ing word "blocking"
WARN STE-ING openspec/changes/archive/2026-09-23-gate-measurement-race/specs/coverage-gate/spec.md:4 Check the -ing word "blocking"
WARN STE-ING openspec/changes/archive/2026-09-23-gate-measurement-race/specs/coverage-gate/spec.md:7 Check the -ing word "blocking"
WARN STE-ING openspec/changes/archive/2026-09-23-gate-measurement-race/specs/coverage-gate/spec.md:9 Check the -ing word "blocking"
WARN STE-ING openspec/changes/archive/2026-09-23-gate-measurement-race/tasks.md:13 Check the -ing word "blocking"
WARN STE-WORD-OLD openspec/changes/archive/2026-09-23-ledger-waiver/design.md:3 Use "runs", not "executes"
WARN STE-WORD-OLD openspec/changes/archive/2026-09-23-ledger-waiver/design.md:52 Use "runs", not "executes"
WARN STE-WORD-OLD openspec/changes/archive/2026-09-23-ledger-waiver/design.md:56 Use "run", not "executed"
WARN STE-WORD-OLD openspec/changes/archive/2026-09-23-ledger-waiver/design.md:124 Use "run", not "executed"
WARN STE-WORD-OLD openspec/changes/archive/2026-09-23-ledger-waiver/proposal.md:3 Use "runs", not "executes"
WARN STE-ING openspec/changes/archive/2026-09-24-ci-leak-cleanup/design.md:38 Check the -ing word "pending"
WARN STE-ING openspec/changes/archive/2026-09-24-ci-leak-cleanup/design.md:44 Check the -ing word "running"
WARN STE-ING openspec/changes/archive/2026-09-24-ci-leak-cleanup/proposal.md:5 Check the -ing word "onboarding"
WARN STE-ING openspec/changes/archive/2026-09-24-ci-leak-cleanup/proposal.md:25 Check the -ing word "pending"
WARN STE-ING openspec/changes/archive/2026-09-24-ci-leak-cleanup/tasks.md:38 Check the -ing word "pending"
WARN STE-NOUN openspec/changes/archive/2026-09-24-ci-node-24-skip/design.md:22 Check for a verb used as a noun: "skip"
WARN STE-NOUN openspec/changes/archive/2026-09-24-ci-node-24-skip/design.md:26 Check for a verb used as a noun: "skip"
WARN STE-NOUN openspec/changes/archive/2026-09-24-ci-node-24-skip/proposal.md:26 Check for a verb used as a noun: "skip"
WARN STE-ING openspec/changes/archive/2026-09-24-credential-boundary/design.md:5 Check the -ing word "geocoding"
WARN STE-WORD-OLD openspec/changes/archive/2026-09-24-credential-boundary/design.md:10 Use "shows", not "exposes"
WARN STE-ING openspec/changes/archive/2026-09-24-credential-boundary/design.md:17 Check the -ing word "geocoding"
WARN STE-ING openspec/changes/archive/2026-09-24-credential-boundary/design.md:37 Check the -ing word "geocoding"
WARN STE-ING openspec/changes/archive/2026-09-24-credential-boundary/design.md:61 Check the -ing word "geocoding"
WARN STE-WORD-OLD openspec/changes/archive/2026-09-24-credential-boundary/design.md:81 Use "shows", not "exposes"
WARN STE-ING openspec/changes/archive/2026-09-24-credential-boundary/design.md:158 Check the -ing word "geocoding"
WARN STE-WORD-OLD openspec/changes/archive/2026-09-24-credential-boundary/design.md:177 Use "run", not "execute"
WARN STE-WORD-OLD openspec/changes/archive/2026-09-24-credential-boundary/design.md:177 Use "runs", not "executes"
WARN STE-ING openspec/changes/archive/2026-09-24-credential-boundary/design.md:174 Check the -ing word "closing"
WARN STE-PASSIVE openspec/changes/archive/2026-09-24-credential-boundary/design.md:181 Check for passive voice: "are covered"
WARN STE-ING openspec/changes/archive/2026-09-24-credential-boundary/design.md:249 Check the -ing word "geocoding"
WARN STE-ING openspec/changes/archive/2026-09-24-credential-boundary/design.md:250 Check the -ing word "geocoding"
WARN STE-ING openspec/changes/archive/2026-09-24-credential-boundary/design.md:252 Check the -ing word "setting"
WARN STE-ING openspec/changes/archive/2026-09-24-credential-boundary/proposal.md:4 Check the -ing word "geocoding"
WARN STE-ING openspec/changes/archive/2026-09-24-credential-boundary/proposal.md:5 Check the -ing word "geocoding"
WARN STE-WORD-OLD openspec/changes/archive/2026-09-24-credential-boundary/proposal.md:9 Use "shows", not "exposes"
WARN STE-WORD-OLD openspec/changes/archive/2026-09-24-credential-boundary/proposal.md:14 Use "show", not "expose"
WARN STE-ING openspec/changes/archive/2026-09-24-credential-boundary/proposal.md:16 Check the -ing word "geocoding"
WARN STE-ING openspec/changes/archive/2026-09-24-credential-boundary/proposal.md:65 Check the -ing word "geocoding"
WARN STE-ING openspec/changes/archive/2026-09-24-credential-boundary/proposal.md:84 Check the -ing word "Geocoding"
WARN STE-ING openspec/changes/archive/2026-09-24-credential-boundary/proposal.md:86 Check the -ing word "geocoding"
WARN STE-ING openspec/changes/archive/2026-09-24-credential-boundary/proposal.md:94 Check the -ing word "geocoding"
WARN STE-ING openspec/changes/archive/2026-09-24-credential-boundary/proposal.md:95 Check the -ing word "geocoding"
WARN STE-ING openspec/changes/archive/2026-09-24-credential-boundary/proposal.md:96 Check the -ing word "geocoding"
WARN STE-WORD-OLD openspec/changes/archive/2026-09-24-credential-boundary/specs/credential-boundary/spec.md:4 Use "show", not "expose"
WARN STE-ING openspec/changes/archive/2026-09-24-credential-boundary/specs/credential-boundary/spec.md:47 Check the -ing word "geocoding"
WARN STE-ING openspec/changes/archive/2026-09-24-credential-boundary/specs/credential-boundary/spec.md:48 Check the -ing word "geocoding"
WARN STE-ING openspec/changes/archive/2026-09-24-credential-boundary/specs/credential-boundary/spec.md:68 Check the -ing word "missing"
WARN STE-ING openspec/changes/archive/2026-09-24-credential-boundary/specs/credential-boundary/spec.md:82 Check the -ing word "geocoding"
WARN STE-ING openspec/changes/archive/2026-09-24-credential-boundary/specs/credential-boundary/spec.md:92 Check the -ing word "geocoding"
WARN STE-ING openspec/changes/archive/2026-09-24-credential-boundary/specs/credential-boundary/spec.md:93 Check the -ing word "geocoding"
WARN STE-ING openspec/changes/archive/2026-09-24-credential-boundary/specs/credential-boundary/spec.md:109 Check the -ing word "geocoding"
WARN STE-ING openspec/changes/archive/2026-09-24-credential-boundary/tasks.md:112 Check the -ing word "geocoding"
WARN STE-ING openspec/changes/archive/2026-09-24-credential-boundary/tasks.md:155 Check the -ing word "geocoding"
WARN STE-ING openspec/changes/archive/2026-09-24-credential-boundary/tasks.md:156 Check the -ing word "geocoding"
WARN STE-ING openspec/changes/archive/2026-09-24-credential-boundary/tasks.md:157 Check the -ing word "geocoding"
WARN STE-ING openspec/changes/archive/2026-09-24-credential-boundary/tasks.md:158 Check the -ing word "geocoding"
WARN STE-ING openspec/changes/archive/2026-09-24-credential-boundary/tasks.md:159 Check the -ing word "geocoding"
WARN STE-ING openspec/changes/archive/2026-09-24-credential-boundary/tasks.md:160 Check the -ing word "geocoding"
WARN STE-ING openspec/changes/archive/2026-09-24-credential-boundary/tasks.md:161 Check the -ing word "geocoding"
WARN STE-ING openspec/changes/archive/2026-09-24-credential-boundary/tasks.md:162 Check the -ing word "geocoding"
WARN STE-ING openspec/changes/archive/2026-09-24-credential-boundary/tasks.md:163 Check the -ing word "geocoding"
WARN STE-ING openspec/changes/archive/2026-09-24-credential-boundary/tasks.md:163 Check the -ing word "geocoding"
WARN STE-PASSIVE openspec/changes/archive/2026-09-24-osh-draw-unheld-features/design.md:3 Check for passive voice: "is dropped"
WARN STE-NOUN openspec/changes/archive/2026-09-24-osh-draw-unheld-features/design.md:44 Check for a verb used as a noun: "read"
WARN STE-PASSIVE openspec/changes/archive/2026-09-24-osh-draw-unheld-features/design.md:94 Check for passive voice: "is dropped"
WARN STE-PASSIVE openspec/changes/archive/2026-09-24-osh-draw-unheld-features/design.md:104 Check for passive voice: "was weighed"
WARN STE-PASSIVE openspec/changes/archive/2026-09-24-osh-draw-unheld-features/design.md:104 Check for passive voice: "is rejected"
WARN STE-ING openspec/changes/archive/2026-09-24-osh-draw-unheld-features/design.md:108 Check the -ing word "failing"
WARN STE-PASSIVE openspec/changes/archive/2026-09-24-osh-draw-unheld-features/design.md:112 Check for passive voice: "is bounded"
WARN STE-PASSIVE openspec/changes/archive/2026-09-24-osh-draw-unheld-features/proposal.md:28 Check for passive voice: "are modified"
WARN STE-PASSIVE openspec/changes/archive/2026-09-24-osh-draw-unheld-features/proposal.md:28 Check for passive voice: "are added"
WARN STE-PASSIVE openspec/changes/archive/2026-09-24-osh-draw-unheld-features/proposal.md:46 Check for passive voice: "is dropped"
WARN STE-ING openspec/changes/archive/2026-09-24-osh-draw-unheld-features/proposal.md:46 Check the -ing word "existing"
WARN STE-WORD-OLD openspec/changes/archive/2026-09-24-osh-draw-unheld-features/specs/osh/spec.md:4 Use "invalid", not "malformed"
WARN STE-WORD-OLD openspec/changes/archive/2026-09-24-osh-draw-unheld-features/specs/osh/spec.md:12 Use "invalid", not "malformed"
WARN STE-WORD-OLD openspec/changes/archive/2026-09-24-osh-draw-unheld-features/specs/osh/spec.md:42 Use "invalid", not "malformed"
WARN STE-PASSIVE openspec/changes/archive/2026-09-24-osh-draw-unheld-features/specs/osh/spec.md:49 Check for passive voice: "is dropped"
WARN STE-ING openspec/changes/archive/2026-09-24-osh-draw-unheld-features/specs/osh/spec.md:61 Check the -ing word "walking"
WARN STE-WORD-OLD openspec/changes/archive/2026-09-24-osh-draw-unheld-features/specs/osh/spec.md:81 Use "invalid", not "malformed"
WARN STE-PASSIVE openspec/changes/archive/2026-09-24-osh-draw-unheld-features/specs/osh/spec.md:104 Check for passive voice: "is given"
WARN STE-PASSIVE openspec/changes/archive/2026-09-24-osh-draw-unheld-features/specs/osh/spec.md:144 Check for passive voice: "is placed"
WARN STE-PASSIVE openspec/changes/archive/2026-09-24-osh-draw-unheld-features/specs/osh/spec.md:145 Check for passive voice: "is placed"
WARN STE-PASSIVE openspec/changes/archive/2026-09-24-osh-draw-unheld-features/specs/osh/spec.md:173 Check for passive voice: "is removed"
WARN STE-PASSIVE openspec/changes/archive/2026-09-24-osh-draw-unheld-features/tasks.md:4 Check for passive voice: "was archived"
WARN STE-PASSIVE openspec/changes/archive/2026-09-24-osh-draw-unheld-features/tasks.md:7 Check for passive voice: "was checked"
WARN STE-PASSIVE openspec/changes/archive/2026-09-24-osh-draw-unheld-features/tasks.md:26 Check for passive voice: "is moved"
WARN STE-PASSIVE openspec/changes/archive/2026-09-24-osh-draw-unheld-features/tasks.md:30 Check for passive voice: "is green"
WARN STE-ING openspec/changes/archive/2026-09-24-osh-draw-unheld-features/tasks.md:53 Check the -ing word "grouping"
WARN STE-PASSIVE openspec/changes/archive/2026-09-24-osh-draw-unheld-features/tasks.md:71 Check for passive voice: "are green"
WARN STE-NOUN openspec/changes/archive/2026-09-24-osh-draw-unheld-features/tasks.md:90 Check for a verb used as a noun: "destroy"
WARN STE-PASSIVE openspec/changes/archive/2026-09-24-osh-draw-unheld-features/tasks.md:102 Check for passive voice: "is green"
WARN STE-ING openspec/changes/archive/2026-09-26-backfill-cyclones/proposal.md:27 Check the -ing word "rendering"
WARN STE-NOUN openspec/changes/archive/2026-09-26-backfill-cyclones/proposal.md:68 Check for a verb used as a noun: "abort"
WARN STE-NOUN openspec/changes/archive/2026-09-26-backfill-cyclones/proposal.md:78 Check for a verb used as a noun: "abort"
WARN STE-NOUN openspec/changes/archive/2026-09-26-backfill-cyclones/specs/cyclones/spec.md:77 Check for a verb used as a noun: "abort"
WARN STE-NOUN openspec/changes/archive/2026-09-26-backfill-cyclones/specs/cyclones/spec.md:96 Check for a verb used as a noun: "abort"
WARN STE-NOUN openspec/changes/archive/2026-09-26-backfill-cyclones/specs/cyclones/spec.md:101 Check for a verb used as a noun: "abort"
WARN STE-NOUN openspec/changes/archive/2026-09-26-backfill-cyclones/specs/cyclones/spec.md:103 Check for a verb used as a noun: "abort"
WARN STE-NOUN openspec/changes/archive/2026-09-26-backfill-cyclones/specs/cyclones/spec.md:200 Check for a verb used as a noun: "abort"
WARN STE-NOUN openspec/changes/archive/2026-09-26-backfill-cyclones/specs/cyclones/spec.md:202 Check for a verb used as a noun: "abort"
WARN STE-NOUN openspec/changes/archive/2026-09-26-backfill-cyclones/specs/cyclones/spec.md:207 Check for a verb used as a noun: "abort"
WARN STE-NOUN openspec/changes/archive/2026-09-26-backfill-cyclones/specs/cyclones/spec.md:256 Check for a verb used as a noun: "abort"
WARN STE-NOUN openspec/changes/archive/2026-09-26-backfill-cyclones/specs/cyclones/spec.md:258 Check for a verb used as a noun: "abort"
WARN STE-NOUN openspec/changes/archive/2026-09-26-backfill-cyclones/specs/cyclones/spec.md:259 Check for a verb used as a noun: "abort"
WARN STE-ING openspec/changes/archive/2026-09-26-backfill-cyclones/tasks.md:80 Check the -ing word "rendering"
WARN STE-NOUN openspec/changes/archive/2026-09-26-backfill-cyclones/tasks.md:86 Check for a verb used as a noun: "skip"
WARN STE-ING openspec/changes/archive/2026-09-26-backfill-cyclones/tasks.md:126 Check the -ing word "missing"
WARN STE-NOUN openspec/changes/archive/2026-09-26-backfill-cyclones/tasks.md:131 Check for a verb used as a noun: "abort"
WARN STE-ING openspec/changes/archive/2026-09-26-backfill-cyclones/tasks.md:147 Check the -ing word "pending"
WARN STE-NOUN openspec/changes/archive/2026-09-26-backfill-layer-lifecycle/design.md:25 Check for a verb used as a noun: "destroy"
WARN STE-NOUN openspec/changes/archive/2026-09-26-backfill-layer-lifecycle/design.md:29 Check for a verb used as a noun: "destroy"
WARN STE-NOUN openspec/changes/archive/2026-09-26-backfill-layer-lifecycle/proposal.md:10 Check for a verb used as a noun: "destroy"
WARN STE-NOUN openspec/changes/archive/2026-09-26-backfill-layer-lifecycle/proposal.md:10 Check for a verb used as a noun: "destroy"
WARN STE-NOUN openspec/changes/archive/2026-09-26-backfill-layer-lifecycle/specs/layer-lifecycle/spec.md:4 Check for a verb used as a noun: "destroy"
WARN STE-NOUN openspec/changes/archive/2026-09-26-backfill-layer-lifecycle/specs/layer-lifecycle/spec.md:7 Check for a verb used as a noun: "destroy"
WARN STE-NOUN openspec/changes/archive/2026-09-26-backfill-layer-lifecycle/tasks.md:10 Check for a verb used as a noun: "destroy"
WARN STE-NOUN openspec/changes/archive/2026-09-26-backfill-layer-lifecycle/tasks.md:11 Check for a verb used as a noun: "destroy"
WARN STE-NOUN openspec/changes/archive/2026-09-26-backfill-layer-lifecycle/tasks.md:12 Check for a verb used as a noun: "destroy"
WARN STE-ING openspec/changes/archive/2026-09-26-qa-script-register/design.md:8 Check the -ing word "pending"
WARN STE-ING openspec/changes/archive/2026-09-26-qa-script-register/design.md:34 Check the -ing word "pending"
WARN STE-ING openspec/changes/archive/2026-09-26-qa-script-register/design.md:65 Check the -ing word "pending"
WARN STE-WORD-OLD openspec/changes/archive/2026-09-26-qa-script-register/design.md:102 Use "keep", not "retain"
WARN STE-ING openspec/changes/archive/2026-09-26-qa-script-register/proposal.md:113 Check the -ing word "pending"
WARN STE-ING openspec/changes/archive/2026-09-26-qa-script-register/proposal.md:121 Check the -ing word "pending"
WARN STE-ING openspec/changes/archive/2026-09-26-qa-script-register/specs/qa-scripts/spec.md:39 Check the -ing word "pending"
WARN STE-ING openspec/changes/archive/2026-09-26-qa-script-register/specs/qa-scripts/spec.md:40 Check the -ing word "pending"
WARN STE-ING openspec/changes/archive/2026-09-26-qa-script-register/specs/qa-scripts/spec.md:43 Check the -ing word "pending"
WARN STE-ING openspec/changes/archive/2026-09-26-qa-script-register/specs/qa-scripts/spec.md:44 Check the -ing word "pending"
WARN STE-ING openspec/changes/archive/2026-09-26-qa-script-register/specs/qa-scripts/spec.md:81 Check the -ing word "pending"
WARN STE-ING openspec/changes/archive/2026-09-26-qa-script-register/tasks.md:32 Check the -ing word "pending"
WARN STE-ING openspec/changes/archive/2026-09-26-qa-script-register/tasks.md:34 Check the -ing word "pending"
WARN STE-ING openspec/changes/archive/2026-09-26-qa-script-register/tasks.md:35 Check the -ing word "pending"
WARN STE-ING openspec/changes/archive/2026-09-26-qa-script-register/tasks.md:37 Check the -ing word "pending"
WARN STE-ING openspec/changes/archive/2026-09-26-qa-script-register/tasks.md:62 Check the -ing word "pending"
WARN STE-ING openspec/changes/archive/2026-09-26-upstream-sync/proposal.md:31 Check the -ing word "geocoding"
WARN STE-ING openspec/changes/archive/2026-09-26-upstream-sync/specs/credential-boundary/spec.md:3 Check the -ing word "geocoding"
WARN STE-ING openspec/changes/archive/2026-09-26-upstream-sync/specs/credential-boundary/spec.md:4 Check the -ing word "geocoding"
WARN STE-ING openspec/changes/archive/2026-09-26-upstream-sync/specs/credential-boundary/spec.md:23 Check the -ing word "geocoding"
WARN STE-PASSIVE openspec/changes/archive/2026-09-26-upstream-sync/specs/osh/spec.md:12 Check for passive voice: "is given"
WARN STE-PASSIVE openspec/changes/archive/2026-09-26-upstream-sync/specs/osh/spec.md:52 Check for passive voice: "is placed"
WARN STE-PASSIVE openspec/changes/archive/2026-09-26-upstream-sync/specs/osh/spec.md:53 Check for passive voice: "is placed"
WARN STE-PASSIVE openspec/changes/archive/2026-09-26-upstream-sync/specs/osh/spec.md:81 Check for passive voice: "is removed"
WARN STE-NOUN openspec/changes/archive/2026-09-27-backfill-live-sources/design.md:33 Check for a verb used as a noun: "abort"
WARN STE-NOUN openspec/changes/archive/2026-09-27-backfill-live-sources/tasks.md:8 Check for a verb used as a noun: "abort"
WARN STE-NOUN openspec/changes/archive/2026-09-27-backfill-perimeters/specs/perimeters/spec.md:17 Check for a verb used as a noun: "abort"
WARN STE-NOUN openspec/changes/archive/2026-09-27-backfill-perimeters/specs/perimeters/spec.md:64 Check for a verb used as a noun: "abort"
WARN STE-NOUN openspec/changes/archive/2026-09-27-backfill-perimeters/specs/perimeters/spec.md:194 Check for a verb used as a noun: "abort"
WARN STE-ING openspec/changes/archive/2026-09-28-osh-control-auto-targets/design.md:3 Check the -ing word "Adding"
WARN STE-PASSIVE openspec/changes/archive/2026-09-28-osh-control-auto-targets/design.md:33 Check for passive voice: "is unchanged"
WARN STE-ING openspec/changes/archive/2026-09-28-osh-control-auto-targets/design.md:34 Check the -ing word "missing"
WARN STE-ING openspec/changes/archive/2026-09-28-osh-control-auto-targets/design.md:48 Check the -ing word "matching"
WARN STE-WORD-OLD openspec/changes/archive/2026-09-28-osh-control-auto-targets/design.md:52 Use "show", not "expose"
WARN STE-PASSIVE openspec/changes/archive/2026-09-28-osh-control-auto-targets/design.md:58 Check for passive voice: "is unaffected"
WARN STE-ING openspec/changes/archive/2026-09-28-osh-control-auto-targets/proposal.md:7 Check the -ing word "BREAKING"
WARN STE-ING openspec/changes/archive/2026-09-28-osh-control-auto-targets/proposal.md:8 Check the -ing word "BREAKING"
WARN STE-WORD-OLD openspec/changes/archive/2026-09-28-osh-control-auto-targets/proposal.md:33 Use "show", not "expose"
WARN STE-ING openspec/changes/archive/2026-09-28-osh-control-auto-targets/specs/osh-control/spec.md:78 Check the -ing word "matching"
WARN STE-PASSIVE openspec/changes/archive/2026-09-28-osh-control-auto-targets/tasks.md:8 Check for passive voice: "is carried"
WARN STE-NOUN openspec/changes/archive/2026-09-28-osh-control-auto-targets/tasks.md:38 Check for a verb used as a noun: "read"
WARN STE-ING openspec/changes/archive/2026-09-28-osh-control-auto-targets/tasks.md:52 Check the -ing word "reading"
WARN STE-ING openspec/changes/archive/2026-09-28-osh-mavlink-control/design.md:272 Check the -ing word "calling"
WARN STE-PASSIVE openspec/changes/archive/2026-09-28-osh-mavlink-control/proposal.md:23 Check for passive voice: "was written"
WARN STE-ING openspec/changes/archive/2026-09-28-osh-mavlink-control/specs/osh-control/spec.md:38 Check the -ing word "matching"
WARN STE-ING openspec/changes/archive/2026-09-28-osh-mavlink-control/tasks.md:13 Check the -ing word "missing"
WARN STE-ING openspec/changes/archive/2026-09-28-osh-mavlink-control/tasks.md:26 Check the -ing word "parsing"
WARN STE-ING openspec/changes/archive/2026-09-28-osh-mavlink-control/tasks.md:99 Check the -ing word "handling"
WARN STE-ING openspec/changes/archive/2026-09-29-backfill-osh-control-options/design.md:5 Check the -ing word "missing"
WARN STE-ING openspec/changes/archive/2026-09-29-backfill-osh-control-options/design.md:27 Check the -ing word "existing"
WARN STE-ING openspec/changes/archive/2026-09-29-backfill-osh-control-options/design.md:37 Check the -ing word "passing"
WARN STE-ING openspec/changes/archive/2026-09-29-backfill-osh-control-options/proposal.md:5 Check the -ing word "missing"
WARN STE-ING openspec/changes/archive/2026-09-29-backfill-osh-control-options/tasks.md:6 Check the -ing word "existing"
WARN STE-PASSIVE openspec/changes/archive/2026-09-29-backfill-osh-control-options/tasks.md:9 Check for passive voice: "are needed"
WARN STE-WORD-OLD openspec/changes/archive/2026-09-29-backfill-wind/specs/wind/spec.md:71 Use "closes", not "dismisses"
WARN STE-NOUN openspec/changes/archive/2026-09-29-backfill-wind/specs/wind/spec.md:190 Check for a verb used as a noun: "abort"
WARN STE-PASSIVE openspec/changes/archive/2026-09-29-osh-control-panel-layout/design.md:25 Check for passive voice: "is defined"
WARN STE-ING openspec/changes/archive/2026-09-29-osh-control-panel-layout/design.md:33 Check the -ing word "padding"
WARN STE-PASSIVE openspec/changes/archive/2026-09-29-osh-control-panel-layout/design.md:37 Check for passive voice: "was considered"
WARN STE-PASSIVE openspec/changes/archive/2026-09-29-osh-control-panel-layout/design.md:44 Check for passive voice: "is retired"
WARN STE-ING openspec/changes/archive/2026-09-29-osh-control-panel-layout/proposal.md:9 Check the -ing word "spacing"
WARN STE-ING openspec/changes/archive/2026-09-29-osh-control-panel-layout/tasks.md:22 Check the -ing word "padding"
WARN STE-ING openspec/changes/archive/2026-09-30-backfill-recent-imagery/proposal.md:67 Check the -ing word "including"
WARN STE-ING openspec/changes/archive/2026-09-30-backfill-recent-imagery/proposal.md:111 Check the -ing word "failing"
WARN STE-ING openspec/changes/archive/2026-09-30-backfill-recent-imagery/proposal.md:117 Check the -ing word "pending"
WARN STE-ING openspec/changes/archive/2026-09-30-backfill-recent-imagery/proposal.md:123 Check the -ing word "moving"
WARN STE-ING openspec/changes/archive/2026-09-30-backfill-recent-imagery/proposal.md:123 Check the -ing word "unpinning"
WARN STE-ING openspec/changes/archive/2026-09-30-backfill-recent-imagery/proposal.md:129 Check the -ing word "shrinking"
WARN STE-ING openspec/changes/archive/2026-09-30-backfill-recent-imagery/proposal.md:141 Check the -ing word "being"
WARN STE-ING openspec/changes/archive/2026-09-30-backfill-recent-imagery/proposal.md:183 Check the -ing word "pinning"
WARN STE-ING openspec/changes/archive/2026-09-30-backfill-recent-imagery/proposal.md:201 Check the -ing word "publishing"
WARN STE-ING openspec/changes/archive/2026-09-30-backfill-recent-imagery/proposal.md:207 Check the -ing word "scrubbing"
WARN STE-ING openspec/changes/archive/2026-09-30-backfill-recent-imagery/proposal.md:213 Check the -ing word "turning"
WARN STE-ING openspec/changes/archive/2026-09-30-backfill-recent-imagery/proposal.md:213 Check the -ing word "pending"
WARN STE-ING openspec/changes/archive/2026-09-30-backfill-recent-imagery/proposal.md:219 Check the -ing word "merging"
WARN STE-ING openspec/changes/archive/2026-09-30-backfill-recent-imagery/proposal.md:225 Check the -ing word "leaving"
WARN STE-ING openspec/changes/archive/2026-09-30-backfill-recent-imagery/proposal.md:231 Check the -ing word "sensing"
WARN STE-ING openspec/changes/archive/2026-09-30-backfill-recent-imagery/proposal.md:243 Check the -ing word "reading"
WARN STE-ING openspec/changes/archive/2026-09-30-backfill-recent-imagery/proposal.md:249 Check the -ing word "holding"
WARN STE-ING openspec/changes/archive/2026-09-30-backfill-recent-imagery/proposal.md:255 Check the -ing word "moving"
WARN STE-PASSIVE openspec/changes/archive/2026-10-01-ledger-adopt-reached/design.md:15 Check for passive voice: "is reached"
WARN STE-ING openspec/changes/archive/2026-10-01-ledger-adopt-reached/design.md:29 Check the -ing word "existing"
WARN STE-ING openspec/changes/archive/2026-10-01-ledger-adopt-reached/proposal.md:19 Check the -ing word "existing"
WARN STE-ING openspec/changes/archive/2026-10-01-ledger-adopt-reached/specs/gap-ledger/spec.md:140 Check the -ing word "including"
WARN STE-ING openspec/changes/archive/2026-10-02-upstream-sync-2/design.md:31 Check the -ing word "differing"
WARN STE-ING openspec/changes/archive/2026-10-06-gates-coverage-race/design.md:54 Check the -ing word "using"
WARN STE-ING openspec/changes/archive/2026-10-06-gates-coverage-race/design.md:58 Check the -ing word "existing"
WARN STE-ING openspec/changes/archive/2026-10-06-gates-coverage-race/design.md:62 Check the -ing word "existing"
WARN STE-ING openspec/changes/archive/2026-10-06-gates-coverage-race/design.md:82 Check the -ing word "existing"
WARN STE-NOUN openspec/changes/archive/2026-10-07-backfill-director-camera-interactions/audit.md:69 Check for a verb used as a noun: "abort"
WARN STE-NOUN openspec/changes/archive/2026-10-07-backfill-director-camera-interactions/audit.md:71 Check for a verb used as a noun: "abort"
WARN STE-NOUN openspec/changes/archive/2026-10-07-backfill-director-camera-interactions/evidence.md:631 Check for a verb used as a noun: "abort"
WARN STE-ING openspec/changes/archive/2026-10-07-backfill-director-camera-interactions/evidence.md:638 Check the -ing word "throwing"
WARN STE-ING openspec/changes/archive/2026-10-07-backfill-director-camera-interactions/evidence.md:641 Check the -ing word "sibling"
WARN STE-NOUN openspec/changes/archive/2026-10-07-backfill-director-camera-interactions/evidence.md:644 Check for a verb used as a noun: "abort"
WARN STE-NOUN openspec/changes/archive/2026-10-07-backfill-director-camera-interactions/evidence.md:644 Check for a verb used as a noun: "abort"
WARN STE-NOUN openspec/changes/archive/2026-10-07-backfill-director-camera-interactions/evidence.md:675 Check for a verb used as a noun: "abort"
WARN STE-NOUN openspec/changes/archive/2026-10-07-backfill-director-camera-interactions/proposal.md:57 Check for a verb used as a noun: "abort"
WARN STE-NOUN openspec/changes/archive/2026-10-07-backfill-director-camera-interactions/proposal.md:60 Check for a verb used as a noun: "read"
WARN STE-NOUN openspec/changes/archive/2026-10-07-backfill-director-camera-interactions/proposal.md:62 Check for a verb used as a noun: "abort"
WARN STE-ING openspec/changes/archive/2026-10-07-backfill-director-camera-interactions/proposal.md:68 Check the -ing word "reading"
WARN STE-NOUN openspec/changes/archive/2026-10-07-backfill-director-camera-interactions/proposal.md:72 Check for a verb used as a noun: "abort"
WARN STE-ING openspec/changes/archive/2026-10-07-backfill-director-camera-interactions/proposal.md:69 Check the -ing word "wording"
WARN STE-NOUN openspec/changes/archive/2026-10-07-backfill-director-camera-interactions/specs/director/spec.md:396 Check for a verb used as a noun: "abort"
WARN STE-NOUN openspec/changes/archive/2026-10-07-backfill-director-camera-interactions/specs/director/spec.md:405 Check for a verb used as a noun: "abort"
WARN STE-NOUN openspec/changes/archive/2026-10-07-backfill-director-camera-interactions/specs/director/spec.md:441 Check for a verb used as a noun: "abort"
WARN STE-NOUN openspec/changes/archive/2026-10-07-backfill-director-camera-interactions/specs/director/spec.md:443 Check for a verb used as a noun: "abort"
WARN STE-NOUN openspec/changes/archive/2026-10-07-backfill-director-camera-interactions/specs/director/spec.md:446 Check for a verb used as a noun: "abort"
WARN STE-NOUN openspec/changes/archive/2026-10-07-backfill-director-camera-interactions/tasks.md:281 Check for a verb used as a noun: "abort"
WARN STE-ING openspec/changes/archive/2026-10-07-backfill-director-timing/design.md:4 Check the -ing word "working"
WARN STE-ING openspec/changes/archive/2026-10-07-backfill-director-timing/evidence.md:3 Check the -ing word "working"
WARN STE-ING openspec/changes/archive/2026-10-07-backfill-director-timing/evidence.md:733 Check the -ing word "working"
WARN STE-ING openspec/changes/archive/2026-10-07-backfill-director-timing/evidence.md:851 Check the -ing word "working"
WARN STE-NOUN openspec/changes/archive/2026-10-07-backfill-director-timing/evidence.md:857 Check for a verb used as a noun: "destroy"
WARN STE-ING openspec/changes/archive/2026-10-07-backfill-director-timing/evidence.md:858 Check the -ing word "missing"
WARN STE-ING openspec/changes/archive/2026-10-07-backfill-director-timing/mutations.md:3 Check the -ing word "working"
WARN STE-ING openspec/changes/archive/2026-10-07-backfill-director-timing/proposal.md:46 Check the -ing word "wording"
WARN STE-NOUN openspec/changes/archive/2026-10-07-backfill-director-timing/specs/director/spec.md:165 Check for a verb used as a noun: "destroy"
WARN STE-NOUN openspec/changes/archive/2026-10-07-backfill-director-timing/specs/director/spec.md:166 Check for a verb used as a noun: "destroy"
WARN STE-PASSIVE openspec/changes/archive/2026-10-07-fix-recent-imagery-defects/design.md:86 Check for passive voice: "is closed"
WARN STE-ING openspec/changes/archive/2026-10-07-fix-recent-imagery-defects/design.md:83 Check the -ing word "working"
WARN STE-ING openspec/changes/archive/2026-10-07-fix-recent-imagery-defects/design.md:97 Check the -ing word "working"
WARN STE-ING openspec/changes/archive/2026-10-07-fix-recent-imagery-defects/design.md:124 Check the -ing word "wording"
WARN STE-ING openspec/changes/archive/2026-10-07-fix-recent-imagery-defects/evidence.md:50 Check the -ing word "remaining"
WARN STE-ING openspec/changes/archive/2026-10-07-fix-recent-imagery-defects/evidence.md:139 Check the -ing word "working"
WARN STE-ING openspec/changes/archive/2026-10-07-fix-recent-imagery-defects/evidence.md:254 Check the -ing word "working"
WARN STE-ING openspec/changes/archive/2026-10-07-fix-recent-imagery-defects/evidence.md:383 Check the -ing word "wording"
WARN STE-ING openspec/changes/archive/2026-10-07-fix-recent-imagery-defects/proposal.md:67 Check the -ing word "wording"
WARN STE-ING openspec/changes/archive/2026-10-07-harden-timing-tests/corrections.md:7 Check the -ing word "processing"
WARN STE-ING openspec/changes/archive/2026-10-07-harden-timing-tests/corrections.md:10 Check the -ing word "Streaming"
WARN STE-ING openspec/changes/archive/2026-10-07-harden-timing-tests/corrections.md:11 Check the -ing word "programming"
WARN STE-ING openspec/changes/archive/2026-10-07-harden-timing-tests/design.md:5 Check the -ing word "processing"
WARN STE-ING openspec/changes/archive/2026-10-07-harden-timing-tests/design.md:11 Check the -ing word "Streaming"
WARN STE-ING openspec/changes/archive/2026-10-07-harden-timing-tests/design.md:14 Check the -ing word "programming"
WARN STE-ING openspec/changes/archive/2026-10-07-harden-timing-tests/design.md:66 Check the -ing word "pending"
WARN STE-PASSIVE openspec/changes/archive/2026-10-07-harden-timing-tests/proposal.md:44 Check for passive voice: "is defined"
WARN STE-ING openspec/changes/archive/2026-10-07-ste-noun-warning/proposal.md:11 Check the -ing word "reporting"
WARN STE-PASSIVE openspec/changes/archive/2026-10-08-gates-one-measurement/evidence.md:54 Check for passive voice: "is trusted"
WARN STE-PASSIVE openspec/changes/archive/2026-10-08-gates-one-measurement/evidence.md:354 Check for passive voice: "be removed"
WARN STE-PASSIVE openspec/changes/archive/2026-10-08-gates-one-measurement/evidence.md:2676 Check for passive voice: "be removed"
WARN STE-ING openspec/changes/archive/2026-10-08-gates-one-measurement/proposal.md:69 Check the -ing word "wording"
WARN STE-PASSIVE openspec/changes/fix-ontario-511-key/evidence.md:413 Check for passive voice: "are undefined"
WARN STE-ING openspec/changes/fix-ontario-511-key/proposal.md:41 Check the -ing word "using"
WARN STE-NOUN openspec/specs/coverage-gate/spec.md:247 Check for a verb used as a noun: "skip"
WARN STE-NOUN openspec/specs/coverage-gate/spec.md:248 Check for a verb used as a noun: "skip"
WARN STE-NOUN openspec/specs/coverage-gate/spec.md:249 Check for a verb used as a noun: "skip"
WARN STE-ING openspec/specs/coverage-gate/spec.md:289 Check the -ing word "blocking"
WARN STE-ING openspec/specs/coverage-gate/spec.md:289 Check the -ing word "blocking"
WARN STE-ING openspec/specs/coverage-gate/spec.md:289 Check the -ing word "blocking"
WARN STE-ING openspec/specs/coverage-gate/spec.md:292 Check the -ing word "blocking"
WARN STE-ING openspec/specs/coverage-gate/spec.md:294 Check the -ing word "blocking"
WARN STE-WORD-OLD openspec/specs/credential-boundary/spec.md:4 Use "show", not "expose"
WARN STE-ING openspec/specs/credential-boundary/spec.md:4 Check the -ing word "geocoding"
WARN STE-WORD-OLD openspec/specs/credential-boundary/spec.md:7 Use "show", not "expose"
WARN STE-ING openspec/specs/credential-boundary/spec.md:50 Check the -ing word "geocoding"
WARN STE-ING openspec/specs/credential-boundary/spec.md:51 Check the -ing word "geocoding"
WARN STE-ING openspec/specs/credential-boundary/spec.md:71 Check the -ing word "missing"
WARN STE-ING openspec/specs/credential-boundary/spec.md:85 Check the -ing word "geocoding"
WARN STE-ING openspec/specs/credential-boundary/spec.md:95 Check the -ing word "geocoding"
WARN STE-ING openspec/specs/credential-boundary/spec.md:96 Check the -ing word "geocoding"
WARN STE-ING openspec/specs/credential-boundary/spec.md:115 Check the -ing word "geocoding"
WARN STE-NOUN openspec/specs/cyclones/spec.md:80 Check for a verb used as a noun: "abort"
WARN STE-NOUN openspec/specs/cyclones/spec.md:99 Check for a verb used as a noun: "abort"
WARN STE-NOUN openspec/specs/cyclones/spec.md:104 Check for a verb used as a noun: "abort"
WARN STE-NOUN openspec/specs/cyclones/spec.md:106 Check for a verb used as a noun: "abort"
WARN STE-NOUN openspec/specs/cyclones/spec.md:203 Check for a verb used as a noun: "abort"
WARN STE-NOUN openspec/specs/cyclones/spec.md:205 Check for a verb used as a noun: "abort"
WARN STE-NOUN openspec/specs/cyclones/spec.md:210 Check for a verb used as a noun: "abort"
WARN STE-NOUN openspec/specs/cyclones/spec.md:259 Check for a verb used as a noun: "abort"
WARN STE-NOUN openspec/specs/cyclones/spec.md:261 Check for a verb used as a noun: "abort"
WARN STE-NOUN openspec/specs/cyclones/spec.md:262 Check for a verb used as a noun: "abort"
WARN STE-NOUN openspec/specs/director/spec.md:165 Check for a verb used as a noun: "destroy"
WARN STE-NOUN openspec/specs/director/spec.md:166 Check for a verb used as a noun: "destroy"
WARN STE-NOUN openspec/specs/director/spec.md:636 Check for a verb used as a noun: "abort"
WARN STE-NOUN openspec/specs/director/spec.md:645 Check for a verb used as a noun: "abort"
WARN STE-NOUN openspec/specs/director/spec.md:681 Check for a verb used as a noun: "abort"
WARN STE-NOUN openspec/specs/director/spec.md:683 Check for a verb used as a noun: "abort"
WARN STE-NOUN openspec/specs/director/spec.md:686 Check for a verb used as a noun: "abort"
WARN STE-ING openspec/specs/gap-ledger/spec.md:523 Check the -ing word "including"
WARN STE-NOUN openspec/specs/layer-lifecycle/spec.md:4 Check for a verb used as a noun: "destroy"
WARN STE-NOUN openspec/specs/layer-lifecycle/spec.md:7 Check for a verb used as a noun: "destroy"
WARN STE-NOUN openspec/specs/layer-lifecycle/spec.md:10 Check for a verb used as a noun: "destroy"
WARN STE-ING openspec/specs/osh-control/spec.md:187 Check the -ing word "matching"
WARN STE-WORD-OLD openspec/specs/osh/spec.md:198 Use "invalid", not "malformed"
WARN STE-WORD-OLD openspec/specs/osh/spec.md:206 Use "invalid", not "malformed"
WARN STE-WORD-OLD openspec/specs/osh/spec.md:236 Use "invalid", not "malformed"
WARN STE-PASSIVE openspec/specs/osh/spec.md:243 Check for passive voice: "is dropped"
WARN STE-ING openspec/specs/osh/spec.md:255 Check the -ing word "walking"
WARN STE-WORD-OLD openspec/specs/osh/spec.md:275 Use "invalid", not "malformed"
WARN STE-PASSIVE openspec/specs/osh/spec.md:298 Check for passive voice: "is given"
WARN STE-PASSIVE openspec/specs/osh/spec.md:338 Check for passive voice: "is placed"
WARN STE-PASSIVE openspec/specs/osh/spec.md:339 Check for passive voice: "is placed"
WARN STE-PASSIVE openspec/specs/osh/spec.md:367 Check for passive voice: "is removed"
WARN STE-WORD-OLD openspec/specs/osh/spec.md:393 Use "clear", not "explicit"
WARN STE-PASSIVE openspec/specs/osh/spec.md:547 Check for passive voice: "is walked"
WARN STE-PASSIVE openspec/specs/osh/spec.md:549 Check for passive voice: "is skipped"
WARN STE-NOUN openspec/specs/osh/spec.md:550 Check for a verb used as a noun: "skip"
WARN STE-PASSIVE openspec/specs/osh/spec.md:553 Check for passive voice: "is served"
WARN STE-NOUN openspec/specs/osh/spec.md:565 Check for a verb used as a noun: "read"
WARN STE-NOUN openspec/specs/perimeters/spec.md:18 Check for a verb used as a noun: "abort"
WARN STE-NOUN openspec/specs/perimeters/spec.md:65 Check for a verb used as a noun: "abort"
WARN STE-NOUN openspec/specs/perimeters/spec.md:195 Check for a verb used as a noun: "abort"
WARN STE-ING openspec/specs/qa-scripts/spec.md:42 Check the -ing word "pending"
WARN STE-ING openspec/specs/qa-scripts/spec.md:43 Check the -ing word "pending"
WARN STE-ING openspec/specs/qa-scripts/spec.md:46 Check the -ing word "pending"
WARN STE-ING openspec/specs/qa-scripts/spec.md:47 Check the -ing word "pending"
WARN STE-ING openspec/specs/qa-scripts/spec.md:84 Check the -ing word "pending"
WARN STE-ING openspec/specs/wind/spec.md:4 Check the -ing word "archiving"
WARN STE-WORD-OLD openspec/specs/wind/spec.md:72 Use "closes", not "dismisses"
WARN STE-NOUN openspec/specs/wind/spec.md:191 Check for a verb used as a noun: "abort"
STE: 0 errors, 540 warnings.
