##### git rev-parse HEAD
f8e9109d9ed47b9192a1d4bf493b01c4f5168032
##### git status --short
 M openspec/changes/review-severity-scope/evidence.md
 M openspec/changes/review-severity-scope/evidence/checks.log
 M openspec/changes/review-severity-scope/evidence/mutate-pins.py.txt
 M openspec/changes/review-severity-scope/evidence/mutations.txt
 M openspec/changes/review-severity-scope/evidence/runs-head.txt
 M openspec/changes/review-severity-scope/evidence/spec-files-run.txt
 M openspec/changes/review-severity-scope/tasks.md
##### node scripts/format.mjs --check
Checked 1328 source files.
##### status 0
##### node scripts/spec/gates.mjs lint --change review-severity-scope
WARN STE-WORD-OLD openspec/specs/wind/spec.md:72 Use "closes", not "dismisses"
WARN STE-NOUN openspec/specs/wind/spec.md:191 Check for a verb used as a noun: "abort"
STE: 0 errors, 671 warnings.
##### status 0
##### openspec validate review-severity-scope
Change 'review-severity-scope' is valid
##### status 0
