✖ [live-sources-002] trim spaces from the key (42.132285ms)
ℹ tests 1
ℹ suites 0
ℹ pass 0
ℹ fail 1
ℹ cancelled 0
ℹ skipped 0
ℹ todo 0
ℹ duration_ms 165.186486

✖ failing tests:

test at src/data/cctvOntarioKey.test.mjs:164:1
✖ [live-sources-002] trim spaces from the key (42.132285ms)
  AssertionError [ERR_ASSERTION]: Expected values to be strictly equal:
  + actual - expected

  + '  ONTARIO_FAKE_SECRET_A&+?  '
  - 'ONTARIO_FAKE_SECRET_A&+?'

      at TestContext.<anonymous> (file:///tmp/ont-pass3-tree/src/data/cctvOntarioKey.test.mjs:170:10)
      at async Test.run (node:internal/test_runner/test:1409:7)
      at async startSubtestAfterBootstrap (node:internal/test_runner/harness:387:3) {
    generatedMessage: true,
    code: 'ERR_ASSERTION',
    actual: '  ONTARIO_FAKE_SECRET_A&+?  ',
    expected: 'ONTARIO_FAKE_SECRET_A&+?',
    operator: 'strictEqual',
    diff: 'simple'
  }
