✖ [live-sources-005] keep key text inside a fetch error out of the warning (46.478406ms)
ℹ tests 1
ℹ suites 0
ℹ pass 0
ℹ fail 1
ℹ cancelled 0
ℹ skipped 0
ℹ todo 0
ℹ duration_ms 169.736922

✖ failing tests:

test at src/data/cctvOntarioKey.test.mjs:195:1
✖ [live-sources-005] keep key text inside a fetch error out of the warning (46.478406ms)
  AssertionError [ERR_ASSERTION]: Expected values to be strictly deep-equal:
  + actual - expected

    [
  +   'Request for ONTARIO_FAKE_SECRET_A&+? failed'
  -   '[CCTV] Ontario 511 camera request failed. Check ONTARIO_511_API_KEY.'
    ]

      at TestContext.<anonymous> (file:///tmp/ont-pass3-tree/src/data/cctvOntarioKey.test.mjs:198:10)
      at async Test.run (node:internal/test_runner/test:1409:7)
      at async startSubtestAfterBootstrap (node:internal/test_runner/harness:387:3) {
    generatedMessage: true,
    code: 'ERR_ASSERTION',
    actual: [Array],
    expected: [Array],
    operator: 'deepStrictEqual',
    diff: 'simple'
  }
