✖ [live-sources-004] write one warning for an invalid key (238.033848ms)
ℹ tests 1
ℹ suites 0
ℹ pass 0
ℹ fail 1
ℹ cancelled 0
ℹ skipped 0
ℹ todo 0
ℹ duration_ms 362.578477

✖ failing tests:

test at src/data/cctvOntarioKey.test.mjs:68:1
✖ [live-sources-004] write one warning for an invalid key (238.033848ms)
  AssertionError [ERR_ASSERTION]: Expected values to be strictly deep-equal:
  + actual - expected

    [
      '[CCTV] Ontario 511 camera request failed. Check ONTARIO_511_API_KEY.',
  +   '[CCTV] Ontario 511 camera request failed. Check ONTARIO_511_API_KEY.',
  +   '[CCTV] Ontario 511 camera request failed. Check ONTARIO_511_API_KEY.'
    ]

      at TestContext.<anonymous> (file:///tmp/ont-pass3-tree/src/data/cctvOntarioKey.test.mjs:85:10)
      at async Test.run (node:internal/test_runner/test:1409:7)
      at async startSubtestAfterBootstrap (node:internal/test_runner/harness:387:3) {
    generatedMessage: true,
    code: 'ERR_ASSERTION',
    actual: [Array],
    expected: [Array],
    operator: 'deepStrictEqual',
    diff: 'simple'
  }
