Command: taskset -c 4-7 nice -n 19 node --import /home/ianblenke/docker/gev-tools/ownership-gates/host.mjs --test-reporter=spec src/tooling/spec/ownership.test.mjs
Tree read: 9efae8791322871dcb0abf11983b745d066aa3fe; branch ownership-gates
✔ [ownership-001] accepts the manifest contract (16.947418ms)
✔ [ownership-001] rejects each invalid manifest field (6.843466ms)
✔ [ownership-001] returns an error with the code OWNERSHIP-MANIFEST for an absent or invalid manifest file (5.223464ms)
✔ [ownership-002] classifies exact paths and directory prefixes (1.493274ms)
✔ [ownership-003] shows each path class and totals (1.575579ms)
✔ [ownership-004] rejects all owned gap metrics (5.702889ms)
✔ [ownership-005] reads only added diff ranges (2.361045ms)
✔ [ownership-005] reads real edited new and deleted files (244.048528ms)
✔ [ownership-006] keeps only lines that every duplicate LCOV record covers (7.455008ms)
✔ [ownership-007] lists all uncovered changed lines in both classes (4.246674ms)
✔ [ownership-008] limits a line waiver to its file hash, its metric and its count (2.815485ms)
✔ [ownership-011] separates code and test gaps by class (3.166494ms)
✔ [ownership-012] has the process rules and the adopt rules for QA scripts in AGENTS.md and config.yaml (5.785567ms)
✔ [ownership-013] writes merged DA counts for each code line (9.030762ms)
✔ [ownership-013] stores line data in the snapshot (7.252002ms)
✔ [ownership-004 ownership-008] ignores fractional and negative waiver counts (1.883277ms)
✔ [ownership-007 ownership-008] rejects all line waivers for an untrue file (1.116571ms)
✔ [ownership-004] prints each owned gap after an upstream file (0.993649ms)
✔ [ownership-014] counts every test instance (1.061389ms)
✔ [ownership-001] accepts the first and last characters of each allowed character range (0.816641ms)
✔ [ownership-016] sorts all line numbers as numbers (1.085722ms)
✔ [ownership-017] ignores a DA record with a text prefix or suffix and a diff header with a text prefix (0.775104ms)
✔ [ownership-018] adds owned file gaps across ledger entries and adds the waiver counts of one file (1.826568ms)
✔ [ownership-005] uses each Git diff option (5.870896ms)
✔ [ownership-018] adds the test instance counts of owned test files (1.190077ms)
✔ [ownership-019] counts zero instances for an empty name map (0.937586ms)
✔ [ownership-020 ownership-025] needs no coverage for lines that equal the file in the adopt source (503.276878ms)
✔ [ownership-021] needs coverage for a line that a person resolved by hand (584.437549ms)
✔ [ownership-022] needs coverage for an author edit to an upstream line (484.179611ms)
✔ [ownership-023] uses the last adopt source for each file and the last source for other files (782.260209ms)
✔ [ownership-024] stops for a source commit that the repository lacks or that no merge brought (310.878153ms)
✔ [ownership-024] keeps the base diff rule without current adopt sources (988.037387ms)
✔ [ownership-024] skips base adopt records and stops for non-string source values (588.210203ms)
✔ [ownership-025] checks each line of an author rename absent from the source (544.7276ms)
✔ [ownership-026 ownership-027 ownership-028] accepts only unchanged owned gaps with a ledger entry (1.494602ms)
✔ [ownership-029 ownership-001] keeps base paths after a change removes or shortens a manifest path (432.556538ms)
✔ [ownership-030] classifies the gate script, the OSH layer and the OSH provider as owned paths (2.471441ms)
✔ [ownership-031] stops for an adopt record without a file and with the hash of HEAD (234.450699ms)
✔ [ownership-032] stops for a work branch adopt source (339.134762ms)
✔ [ownership-033] stops for an ancestor that no merge brought (237.94592ms)
✔ [ownership-036] gives the diff a 256 MiB buffer (7.555197ms)
✔ [ownership-031 ownership-024] stops for an invalid file or source and skips records with invalid counts (616.144254ms)
✔ [ownership-041] stops for a number or a name that is not a full hash in the from field (265.525965ms)
✔ [ownership-043] skips invalid adopt records outside the change (866.554247ms)
✔ [ownership-050] stops for an invalid record after a valid record (228.012665ms)
✔ [ownership-051 ownership-024] stops for an invalid source before a diff fault (379.557503ms)
✔ [ownership-052] stops for a source name with a null byte (275.848406ms)
✔ [ownership-031 ownership-041] stops for a name that is not a full hash when HEAD is a merge commit (276.118882ms)
✔ [ownership-052] returns false when Git cannot read the merge parents (1.808119ms)
✔ [ownership-031 ownership-041] rejects values outside the hash pattern and reads no merge parents (1.381298ms)
ℹ tests 50
ℹ suites 0
ℹ pass 50
ℹ fail 0
ℹ cancelled 0
ℹ skipped 0
ℹ todo 0
ℹ duration_ms 9368.550066
Status: 0
