src/tooling/spec/ownership.test.mjs:38: '[ownership-001] rejects each invalid manifest field'
  assert.throws(() => parseOwnership(JSON.stringify(bad)), /version 1/)
  assert.throws(() => parseOwnership(JSON.stringify({ version: 1, owned: [item] })), /version 1/)
  assert.throws(() => parseOwnership('{'), SyntaxError)
src/tooling/spec/ownership.test.mjs:47: '[ownership-001] returns an error with the code OWNERSHIP-MANIFEST for an absent or invalid manifest file'
  assert.equal(readOwnership(root).errors[0].code, 'OWNERSHIP-MANIFEST')
  assert.equal(readOwnership(root).errors[0].file, 'openspec/ownership.json')
  assert.equal(typeof readOwnership(root).errors[0].message, 'string')
  assert.notEqual(readOwnership(root).errors[0].message.length, 0)
  assert.deepEqual(readOwnership(root).errors, [{ code: 'OWNERSHIP-MANIFEST', file: 'openspec/ownership.json', message: 'Use version 1 and unique safe relative paths in the owned array.' }])
  assert.equal(readOwnership(root).errors[0].code, 'OWNERSHIP-MANIFEST')
src/tooling/spec/ownership.test.mjs:199: '[ownership-018] adds owned file gaps across ledger entries and adds the waiver counts of one file'
  assert.deepEqual(gapReport(manifest, { coverage: { 'src/own/a.js': { lines: 2 }, 'src/own/b.js': { lines: 3 } }, untracedTests: {} }), ['Owned gaps: 2 code files, 5 lines, 0 test files, 0 tests.', 'owned code: src/own/a.js', 'owned code: src/own/b.js', 'Upstream gaps: 0 code files, 0 lines, 0 test files, 0 tests.'])
  assert.deepEqual(faults({ coverage: [record(undefined, { lines: { total: 4, uncovered: 2 } })], waivers: [waiver(), waiver('lines', { lines: [3] }), waiver('branches'), waiver('functions')] }), [])
  assert.deepEqual(faults({ coverage: [record(undefined, { lines: { total: 4, uncovered: 2 } })], waivers: [waiver('lines', { count: 2, lines: [2, 3] }), waiver('branches'), waiver('functions')] }), [])
src/tooling/spec/ownership.test.mjs:217: '[ownership-018] adds test counts across owned files'
  assert.deepEqual(gapReport(manifest, { coverage: {}, untracedTests: { 'single.js': { names: { one: 2, two: 1 } }, 'src/own/a.test.js': { names: { three: 4 } } } }), ['Owned gaps: 0 code files, 0 lines, 2 test files, 7 tests.', 'owned tests: single.js', 'owned tests: src/own/a.test.js', 'Upstream gaps: 0 code files, 0 lines, 0 test files, 0 tests.'])
src/tooling/spec/ownershipGate.test.mjs:128: '[ownership-001] prints OWNERSHIP-MANIFEST for an absent or invalid manifest'
  assert.fail('No test run')
  assert.equal(result.status, 1)
  assert.match(result.output, /ERROR OWNERSHIP-MANIFEST openspec\/ownership.json/)
  assert.fail('No test run')
  assert.equal(bad.status, 1)
  assert.match(bad.output, /ERROR OWNERSHIP-MANIFEST openspec\/ownership.json/)
  assert.fail('No test run')
  assert.equal(jsonError.status, 1)
  assert.match(jsonError.output, /ERROR OWNERSHIP-MANIFEST openspec\/ownership.json/)
Selected test bodies: 5
