Command: taskset -c 4-7 nice -n 19 node --import /home/ianblenke/docker/gev-tools/ownership-gates/host.mjs --test-reporter=spec src/tooling/spec/qaRegister.test.mjs
✔ [qa-scripts-001] accepts a shebang and reads all four tags (21.590839ms)
✔ [qa-scripts-002] rejects code before the first block (2.817177ms)
✔ [qa-scripts-003] rejects an absent tag (1.918322ms)
✔ [qa-scripts-004] rejects a repeated tag (1.741748ms)
✔ [qa-scripts-005] rejects an empty tag (1.731237ms)
✔ [qa-scripts-006] rejects a covers item with a space (1.854242ms)
✔ [qa-scripts-007] accepts a capability folder (2.307648ms)
✔ [qa-scripts-008] reports an unknown capability (1.763803ms)
✔ [qa-scripts-009] accepts an open pending area (1.806483ms)
✔ [qa-scripts-010] reports a pending area that has a capability folder (2.654031ms)
✔ [qa-scripts-011] accepts one unmapped reason (1.931173ms)
✔ [qa-scripts-012] rejects an unmapped list (1.670094ms)
✔ [qa-scripts-016] gives delta advice with the script purpose (4.236116ms)
✔ [qa-scripts-017] gives advice for a backfill area (2.293522ms)
✔ [qa-scripts-018] gives the no match line (2.068838ms)
✔ [qa-scripts-019] gives no advice without a change (1.425115ms)
✔ [qa-scripts-020] tells authors to read advice and add a header (2.371549ms)
✔ [qa-scripts-021] gives QA lines to the spec adversary (1.242009ms)
✔ [qa-scripts-022] asks the spec adversary to read each QA check (1.641132ms)
✔ [qa-scripts-023] checks all tracked QA scripts in this repository (65.832624ms)
✔ [qa-scripts-026] gives advice from an archived change (4.905497ms)
✔ [qa-scripts-027] sorts advice by script then capability (52.296312ms)
✔ [qa-scripts-028] rejects a header continuation line (1.708937ms)
✔ [qa-scripts-005] rejects a purpose without a final mark (1.359637ms)
✔ [qa-scripts-005] rejects an empty needs value (1.264249ms)
✔ [qa-scripts-018] gives no match advice for an unknown change (2.002427ms)
✔ [qa-scripts-025] sorts two covers errors for one script (2.489775ms)
✔ [qa-scripts-008] rejects a file that has a capability name (1.69795ms)
✔ [qa-scripts-025] gives no advice for invalid covers items (2.394628ms)
✔ [qa-scripts-011] gives no advice for an unmapped reason (1.809556ms)
✔ [qa-scripts-025] gives no advice for a file with a capability name (1.874364ms)
✔ [ownership-009] uses a synthetic upstream QA header (4.06496ms)
✔ [ownership-010] rejects an owned script with no header and an upstream script with an invalid header (1.888129ms)
✔ [ownership-009 ownership-010] keeps a valid upstream QA header and its capability checks (2.092054ms)
✔ [ownership-015] accepts an upstream first comment with no QA tags (2.313551ms)
✔ [ownership-010] rejects an upstream QA block with no end (1.354162ms)
✔ [ownership-010] rejects a bad upstream QA block after a shebang (1.285228ms)
✔ [ownership-010] rejects a shebang inside a QA comment (1.288963ms)
✔ [ownership-009] uses the synthetic header for a later comment (1.343057ms)
✔ [ownership-034] prints QA-HEADER for a new script that no adopt record names (1.620117ms)
✔ [ownership-035] prints QA-HEADER for a script that had a QA tag at the base and has none now (1.39321ms)
✔ [ownership-009 ownership-015] gives the synthetic header to a file that a valid adopt record names (1.502985ms)
✔ [ownership-010] rejects an owned base script without a header (1.32876ms)
✔ [ownership-009] gives the synthetic header to a file that one of three adopt records names (1.392574ms)
✔ [ownership-009] gives the synthetic header when an empty comment comes before a comment with a QA tag (1.197857ms)
✔ [ownership-010] prints a QA error after an empty shebang (1.162228ms)
✔ [ownership-009] gives the synthetic header when code follows a shebang that ends with CR (1.20655ms)
✔ [ownership-035] prints QA-HEADER for a base QA tag even with an adopt record (1.174734ms)
✔ [ownership-054] accepts only upstream scripts with no current or base QA tag (0.910652ms)
ℹ tests 49
ℹ suites 0
ℹ pass 49
ℹ fail 0
ℹ cancelled 0
ℹ skipped 0
ℹ todo 0
ℹ duration_ms 297.279477
