Command: taskset -c 4-7 nice -n 19 node --import /home/ianblenke/docker/gev-tools/ownership-gates/host.mjs --test-reporter=spec src/tooling/spec/ownership.test.mjs
✔ [ownership-001] accepts the manifest contract (18.639435ms)
✔ [ownership-001] rejects each invalid manifest field (5.020268ms)
✔ [ownership-001] returns an error with the code OWNERSHIP-MANIFEST for an absent or invalid manifest file (3.354511ms)
✔ [ownership-002] classifies exact paths and directory prefixes (1.314486ms)
✔ [ownership-003] shows each path class and totals (1.389041ms)
✔ [ownership-004] rejects all owned gap metrics (5.355884ms)
✔ [ownership-005] reads only added diff ranges (2.199054ms)
✔ [ownership-005] reads real edited new and deleted files (216.084363ms)
✔ [ownership-006] keeps only lines that every duplicate LCOV record covers (3.99425ms)
✔ [ownership-007] lists all uncovered changed lines in both classes (2.060762ms)
✔ [ownership-008] limits a line waiver to its file hash, its metric and its count (1.885974ms)
✔ [ownership-011] separates code and test gaps by class (2.409619ms)
✔ [ownership-012] has the process rules and the adopt rules for QA scripts in AGENTS.md and config.yaml (3.879249ms)
✔ [ownership-013] writes merged DA counts for each code line (7.126559ms)
✔ [ownership-013] stores line data in the snapshot (5.278127ms)
✔ [ownership-004 ownership-008] ignores fractional and negative waiver counts (1.602851ms)
✔ [ownership-007 ownership-008] rejects all line waivers for an untrue file (0.777025ms)
✔ [ownership-004] prints each owned gap after an upstream file (0.620363ms)
✔ [ownership-014] counts every test instance (0.790362ms)
✔ [ownership-001] accepts the first and last characters of each allowed character range (0.617141ms)
✔ [ownership-016] sorts all line numbers as numbers (0.671239ms)
✔ [ownership-017] ignores a DA record with a text prefix or suffix and a diff header with a text prefix (0.601254ms)
✔ [ownership-018] adds owned file gaps across ledger entries and adds the waiver counts of one file (1.055086ms)
✔ [ownership-005] uses each Git diff option (4.061423ms)
✔ [ownership-018] adds test counts across owned files (1.215671ms)
✔ [ownership-019] counts zero instances for an empty name map (0.768433ms)
✔ [ownership-020 ownership-025] needs no coverage for lines that equal the file in the adopt source (417.883829ms)
✔ [ownership-021] needs coverage for a line that a person resolved by hand (536.754769ms)
✔ [ownership-022] needs coverage for an author edit to an upstream line (451.900916ms)
✔ [ownership-023] uses the last adopt source for each file and the last source for other files (694.580139ms)
✔ [ownership-024] stops for a source commit that the repository lacks or that no merge brought (297.789647ms)
✔ [ownership-024] keeps the base diff rule without current adopt sources (788.081498ms)
✔ [ownership-024] skips base adopt records and stops for non-string source values (493.976628ms)
✔ [ownership-025] checks each line of an author rename absent from the source (471.235658ms)
✔ [ownership-026 ownership-027 ownership-028] accepts only unchanged owned gaps with a ledger entry (1.490728ms)
✔ [ownership-029 ownership-001] keeps base paths after a change removes or shortens a manifest path (346.534717ms)
✔ [ownership-030] classifies the gate script, the OSH layer and the OSH provider as owned paths (2.720209ms)
✔ [ownership-031] stops for an adopt record without a file and with the hash of HEAD (198.291694ms)
✔ [ownership-032] stops for a work branch adopt source (247.73905ms)
✔ [ownership-033] stops for an ancestor that no merge brought (197.601368ms)
✔ [ownership-036] gives the diff a 256 MiB buffer (2.970112ms)
✔ [ownership-031 ownership-024] stops for an invalid file or source and skips records with invalid counts (513.674084ms)
✔ [ownership-041] stops for a number or a name that is not a full hash in the from field (204.02556ms)
✔ [ownership-043] skips invalid adopt records outside the change (669.696377ms)
✔ [ownership-050] stops for an invalid record after a valid record (203.909112ms)
✔ [ownership-051 ownership-024] stops for an invalid source before a diff fault (190.897069ms)
✔ [ownership-052] stops for a source name with a null byte (188.494955ms)
✔ [ownership-031 ownership-041] stops for a name that is not a full hash when HEAD is a merge commit (221.980285ms)
✔ [ownership-052] returns false when Git cannot read the merge parents (1.937375ms)
✔ [ownership-031 ownership-041] rejects values outside the hash pattern and reads no merge parents (1.406556ms)
ℹ tests 50
ℹ suites 0
ℹ pass 50
ℹ fail 0
ℹ cancelled 0
ℹ skipped 0
ℹ todo 0
ℹ duration_ms 7710.004412
