Command: taskset -c 4-7 nice -n 19 node --import /home/ianblenke/docker/gev-tools/ownership-gates/host.mjs --test-reporter=spec src/tooling/spec/ledger.test.mjs
Tree read: 9efae8791322871dcb0abf11983b745d066aa3fe; branch ownership-gates
✔ [gap-ledger-001] makes the first ledger with each current gap, its hash and the origin pre-spec (26.56378ms)
✔ [gap-ledger-002] does not replace the current ledger (8.074052ms)
✔ [gap-ledger-015] does not make a ledger when the base has a ledger (2.538551ms)
✔ [gap-ledger-016] does not record a new file as pre-spec (2.748629ms)
✔ [gap-ledger-003] stops for a new code file below 100% (5.784551ms)
✔ [gap-ledger-004] stops for more lines that are not covered and shows both counts (4.56536ms)
✔ [gap-ledger-017] stops for more branches or functions that are not covered in a changed file (2.622619ms)
✔ [gap-ledger-018] does not stop for branches that a new test shows in an unchanged file (1.928638ms)
✔ [gap-ledger-078] does not stop for a smaller total with the same not-covered count in an unchanged file (1.929078ms)
✔ [gap-ledger-054] stops for a loss of covered branches or functions in an unchanged file (9.186161ms)
✔ [gap-ledger-055] stops for a ledger entry without the total counts (3.428758ms)
✔ [gap-ledger-019] stops for a changed file that has no branch count (1.206742ms)
✔ [gap-ledger-009] does not stop for a file that no test loaded and a test now loads with the same content (0.928439ms)
✔ [gap-ledger-020] stops for a loaded file that no test loads now (0.708391ms)
✔ [gap-ledger-031 coverage-gate-018] does not stop for untrue coverage that the ledger records and stops for other untrue coverage (1.204697ms)
✔ [gap-ledger-005] stops for a new test file with untraced tests (0.779788ms)
✔ [gap-ledger-006] stops for a new untraced test name (1.267634ms)
✔ [gap-ledger-007] does not stop for gaps that are equal to the ledger (1.104989ms)
✔ [gap-ledger-008] stops for a ledger that does not show a closed gap or a new hash (1.398464ms)
✔ [gap-ledger-021] stops for a ledger entry that the base does not have (5.690364ms)
✔ [gap-ledger-022] stops for a ledger entry that is larger than the base (2.899248ms)
✔ [gap-ledger-032] stops for untrue coverage that the base does not record (1.98176ms)
✔ [gap-ledger-023] stops for a removed ledger (0.896009ms)
✔ [gap-ledger-024] stops for a removed retired ID (0.847149ms)
✔ [gap-ledger-025] stops for a changed history (0.925516ms)
✔ [gap-ledger-026] does not compare with the base when the base has no ledger (0.75053ms)
✔ [gap-ledger-010] makes the ledger entries smaller and records the change and the commit (3.25694ms)
✔ [gap-ledger-047] writes the maps of the ledger with sorted keys and adds history lines (5.463533ms)
✔ [gap-ledger-011] removes an entry that is at zero and records the closed gap (1.976387ms)
✔ [gap-ledger-012] removes the entry of a deleted file with the reason file removed (2.021651ms)
✔ [gap-ledger-013] stops the ratchet command when a gap is larger (3.320489ms)
✔ [gap-ledger-014] stops the ratchet command without a change name (0.727877ms)
✔ [gap-ledger-027] stops the ratchet command for a change that is not active (0.563378ms)
✔ [gap-ledger-028] records branches that a new test shows (6.066981ms)
✔ [gap-ledger-057] records changed total counts (1.927932ms)
✔ [gap-ledger-056] stops for changed total counts of an unchanged file without a history line (3.67356ms)
✔ [gap-ledger-088] allows changed total counts of an unchanged file when the covered count agrees (1.832875ms)
✔ [gap-ledger-029] records the hash of a changed file and the end of untrue coverage (1.02429ms)
✔ [gap-ledger-040] stops for more branches than the base in a changed file (2.887457ms)
✔ [gap-ledger-048] stops for more branches than the base with fewer covered branches (2.849577ms)
✔ [gap-ledger-041] stops for a ledger hash that is not equal to the base hash for an unchanged file (1.951251ms)
✔ [gap-ledger-069] does not stop for counts inside the tolerance and does not record the entry as not current (1.578609ms)
✔ [gap-ledger-070] stops for a count outside the tolerance (1.138395ms)
✔ [gap-ledger-071] makes the tolerance from the total of the metric (1.696964ms)
✔ [gap-ledger-072] compares the loss of covered branches with the tolerance, also when the total moves (1.896228ms)
✔ [gap-ledger-073] does not write a worse count for a file with the tolerance conditions (2.520619ms)
✔ [gap-ledger-074] uses no tolerance for a file without the tolerance conditions (2.033135ms)
✔ [gap-ledger-075] stops for a ledger entry without the total line count (1.271329ms)
✔ [gap-ledger-076] stops for a ledger file with another version (2.346272ms)
✔ [gap-ledger-081] allows the waived count for a changed file with the content hash of the waiver (0.933485ms)
✔ [gap-ledger-082] gives no waived count for other content (1.350048ms)
✔ [gap-ledger-083] allows a rise above the base by the waived count of the checked change (1.265473ms)
✔ [gap-ledger-084] gives no waived count in the base comparison for other waiver lines (4.293159ms)
✔ [gap-ledger-085] records a waived rise (1.237109ms)
✔ [gap-ledger-085] records a waived rise of the line count (0.960607ms)
✔ [gap-ledger-086] allows the waived count for a file with no entry, and records the file as not current (1.179781ms)
✔ [gap-ledger-086] stops the build for a file with no entry and a count above the waived count (1.357453ms)
✔ [gap-ledger-086] adds the entry for a file with no entry and a waived count, and records the rise (1.076565ms)
✔ [gap-ledger-087] allows the waived count for a ledger entry that the base does not have (1.208612ms)
✔ [gap-ledger-087] stops the build for a ledger entry that the base does not have and a count above the waived count (1.824766ms)
✔ [gap-ledger-089] writes the entries and the history lines of the adopted files (4.059486ms)
✔ [gap-ledger-091] adopts no gap of a file that the merged commit did not change (1.936537ms)
✔ [gap-ledger-095] reads only the adopt lines of the checked change after the base history (2.470723ms)
✔ [gap-ledger-096 gap-ledger-097] separates the valid adopt lines from the lines with a wrong commit or a wrong file (1.722254ms)
✔ [gap-ledger-096 gap-ledger-097] The gate follows the reached rule for a reached adopt line, not the commit and file rules (1.443703ms)
✔ [gap-ledger-092] allows a ledger entry that the base does not have for an adopted file (4.506201ms)
✔ [gap-ledger-093] allows a rise above the base entry up to the adopted count, and not above it (2.871429ms)
✔ [gap-ledger-094] allows an entry with more untraced tests than the base entry when its number of untraced tests is not above the adopted count (1.625768ms)
✔ [gap-ledger-098] allows untrue coverage of an adopted file (1.628669ms)
✔ [gap-ledger-110] The baseline records exact metric values and new gaps (3.667666ms)
✔ [gap-ledger-111] The baseline rejects a different change or merge module state (1.309386ms)
✔ [gap-ledger-112] The other source content keeps its old ledger entry (0.724889ms)
✔ [gap-ledger-113] The valid history supplies the exact temporary base entries (11.029322ms)
✔ [gap-ledger-114] The false history gives no baseline allowance (5.511699ms)
✔ [gap-ledger-115] A second baseline step stops before tests (0.718183ms)
✔ [gap-ledger-105 gap-ledger-106] The reached field follows its source record (1.335103ms)
✔ [gap-ledger-116] The gate accepts the real differences (2.404942ms)
✔ [gap-ledger-117] The new value is above the tolerance (0.935753ms)
✔ [gap-ledger-118] The small total permits no difference (0.461323ms)
✔ [gap-ledger-119] The source and old values stay exact (2.176951ms)
✔ [gap-ledger-120] The unchanged metric stays within tolerance (1.404204ms)
✔ [gap-ledger-121] The ledger entry stays within tolerance (2.597286ms)
✔ [gap-ledger-119] The metric values use whole numbers (1.158666ms)
✔ [gap-ledger-114] The snapshot keeps each different metric (1.357615ms)
✔ [gap-ledger-119] The gate checks the source properties (1.414215ms)
✔ [gap-ledger-117] The gate checks each history metric (0.748756ms)
✔ [gap-ledger-114] The gate rejects a false metric name (0.985842ms)
✔ [gap-ledger-113] The temporary base uses the true loaded source state (0.874994ms)
✔ [gap-ledger-122] A fully covered file gets no new history allowance (1.613829ms)
✔ [gap-ledger-133] accept dirty history in each reader (2.923524ms)
ℹ tests 90
ℹ suites 0
ℹ pass 90
ℹ fail 0
ℹ cancelled 0
ℹ skipped 0
ℹ todo 0
ℹ duration_ms 324.610146
Status: 0
