Command: taskset -c 4-7 nice -n 19 node --import /home/ianblenke/docker/gev-tools/ownership-gates/host.mjs --test-reporter=spec src/tooling/spec/ownershipGate.test.mjs
Tree read: 9efae8791322871dcb0abf11983b745d066aa3fe; branch ownership-gates
✔ [ownership-001] prints OWNERSHIP-MANIFEST for an absent or invalid manifest (148.398937ms)
✔ [ownership-011] reads the ledger without tests or a base (106.364615ms)
✔ [ownership-003 ownership-007] prints classes and rejects an upstream line gap (814.087617ms)
✔ [ownership-003 ownership-004] rejects an owned gap before the ratchet command writes the ledger (548.609381ms)
✔ [ownership-007] rejects uncovered changed upstream lines in CI (723.705872ms)
✔ [ownership-026] records a gap with the adopt command and prints no owned gap lines (814.496271ms)
✔ [ownership-037] stops when Git cannot read a code diff (608.052726ms)
✔ [ownership-009 ownership-013] uses the manifest and snapshot line data (1623.577897ms)
✔ [ownership-013] accepts a run with no line data (259.438013ms)
✔ [ownership-011] uses the manifest for ledger paths (86.865652ms)
✔ [ownership-010] still prints QA-HEADER errors (574.548167ms)
✔ [ownership-020 ownership-022] accepts merged lines and rejects an author line (1525.178925ms)
✔ [ownership-026] accepts a recorded gap in an unchanged owned file (1141.829201ms)
✔ [ownership-027] rejects a recorded gap in an edited owned file (782.354467ms)
✔ [ownership-026] accepts a recorded gap in an unchanged owned file with a new file mode (1130.85981ms)
✔ [ownership-028] rejects a new owned gap without a ledger entry (738.218899ms)
✔ [ownership-031 ownership-024] checks the adopt source commit before a bad base ledger (434.739903ms)
✔ [ownership-038] stops for a JSON parse error in the history before the owned gap lines (342.22494ms)
✔ [ownership-029] stops for an invalid base manifest before the test run (183.24937ms)
✔ [ownership-029 ownership-027] rejects a gap in a file after a change removes the base owned path of that file (795.068264ms)
✔ [ownership-039] stops for a work source in the adopt command (389.024957ms)
✔ [ownership-040] uses the CI change for a file that a valid adopt record names (895.962952ms)
✔ [ownership-038] stops for a JSON parse error in the history without a change before the owned gap lines (372.375929ms)
✔ [ownership-042] skips a base adopt record before the test run (973.905299ms)
✔ [ownership-044] uses the synthetic header with a snapshot and a valid adopt record (2719.059112ms)
✔ [ownership-045] names the measurement phase (314.814399ms)
✔ [ownership-046] stops for an absent adopt source commit (523.33156ms)
✔ [ownership-047] stops for a valid adopt source without a ledger (403.046061ms)
✔ [ownership-048] passes the measurement environment and allocation list (310.603499ms)
✔ [ownership-049] stops for an untraced change scenario in both measurement modes (2779.323085ms)
✔ [gap-ledger-111] stops an invalid baseline before the test run (372.254362ms)
✔ [ownership-053] omits the Class, Ownership and Owned gaps lines from CI and init (1207.444132ms)
✔ [ownership-031 ownership-041] stops the check command for a name that is not a full hash when HEAD is a merge commit (1512.365226ms)
✔ [ownership-054] writes the QA adopt record with a full hash from HEAD^2 (1374.41672ms)
✔ [ownership-054] writes the QA adopt record beside a coverage gap record (859.343665ms)
✔ [ownership-054 ownership-035] stops the adopt command for QA files outside the exception and for another error (4145.248623ms)
✔ [ownership-054] writes a QA adopt record for a base script without a QA tag (859.301772ms)
✔ [ownership-054] writes no QA record for an absent current file (976.324578ms)
✔ [ownership-054] stops for a coverage ignore error in a new upstream QA script with no QA tag (728.725438ms)
✔ [ownership-054] writes one record for each QA file from both candidate lists (999.310211ms)
ℹ tests 40
ℹ suites 0
ℹ pass 40
ℹ fail 0
ℹ cancelled 0
ℹ skipped 0
ℹ todo 0
ℹ duration_ms 36178.004219
Status: 0
