✔ [live-sources-006] reject row 0 (34.226456ms)
✔ [live-sources-006] reject row 1 (4.251915ms)
✔ [live-sources-006] reject row 2 (4.372864ms)
✔ [live-sources-006] reject row 3 (4.961914ms)
✔ [live-sources-006] reject row 4 (5.179286ms)
✔ [live-sources-006] reject row 5 (3.977906ms)
✔ [live-sources-006] reject row 6 (3.450277ms)
✔ [live-sources-006] reject row 7 (3.715758ms)
✔ [live-sources-006] reject row 8 (4.366187ms)
✔ [live-sources-006] reject row 9 (4.753023ms)
✔ [live-sources-006] reject row 10 (2.944641ms)
✔ [live-sources-006] reject row 11 (2.853223ms)
✔ [live-sources-006] reject row 12 (8.003466ms)
✔ [live-sources-006] reject row 13 (3.097384ms)
✔ [live-sources-006] reject URL 0 (3.554467ms)
✔ [live-sources-006] reject URL 1 (2.055777ms)
✔ [live-sources-006] reject URL 2 (1.979798ms)
✔ [live-sources-006] reject URL 3 (2.416598ms)
✔ [live-sources-006] reject URL 4 (2.131247ms)
✔ [live-sources-006] reject URL 5 (1.848127ms)
✔ [live-sources-006] reject URL 6 (1.864311ms)
✔ [live-sources-006] reject URL 7 (2.42026ms)
✔ [live-sources-006] reject URL 8 (2.346659ms)
✔ [live-sources-006] reject URL 9 (2.531785ms)
✔ [live-sources-006] reject URL 10 (2.36135ms)
✔ [live-sources-006] reject URL 11 (2.157951ms)
✔ [live-sources-006] reject URL 12 (2.216537ms)
✔ [live-sources-006] accept boundary 41 (5.679972ms)
✔ [live-sources-006] accept boundary 57.5 (2.679243ms)
✖ [live-sources-006] select the first view without down (12.202464ms)
✔ [live-sources-006] select the first down view (4.197172ms)
✔ [live-sources-007] set all source fields (4.745043ms)
✔ [live-sources-007] use lower case fields and hash pose (4.917211ms)
✔ [live-sources-008] apply cap undefined (80.833998ms)
✔ [live-sources-008] apply cap  (54.793989ms)
✔ [live-sources-008] apply cap bad (43.48708ms)
✔ [live-sources-008] apply cap Infinity (35.349818ms)
✔ [live-sources-008] apply cap 3 (36.467659ms)
✔ [live-sources-008] apply cap 9.9 (36.533402ms)
✔ [live-sources-008] apply cap 2000 (36.379091ms)
✔ [live-sources-008] use the last duplicate (3.304548ms)
✔ [live-sources-009] reject data null (2.265082ms)
✔ [live-sources-009] reject data {} (1.800829ms)
✔ [live-sources-009] reject data "rows" (1.944348ms)
✔ [live-sources-009] reject data 0 (1.687969ms)
✔ [live-sources-005] return no rows after a data error (2.691037ms)
✔ [live-sources-007] use field precedence (3.212551ms)
✔ [live-sources-008] use each nearest anchor (3.823806ms)
✔ [live-sources-006] reject null ID fields (2.112231ms)
✔ [live-sources-007] use roadway and blank direction (2.529015ms)
✔ [live-sources-006] accept an empty row list (2.08113ms)
✔ [live-sources-008] log both source counts (3.026873ms)
✔ [live-sources-006] reject views without a data error (2.407622ms)
✔ [live-sources-006] accept every ID character (2.12481ms)
✔ [live-sources-007] convert row values to text and numbers (3.857277ms)
✔ [live-sources-006] reject a numeric status without a data error (2.307765ms)
✔ [live-sources-006] accept URL object (2.217387ms)
✔ [live-sources-006] accept URL edge spaces (1.651616ms)
✔ [live-sources-006 live-sources-007] select a view with downhill (2.281008ms)
✔ [live-sources-007] use capitalized text fields first (2.529187ms)
✔ [live-sources-006 live-sources-007] reject zero upper Latitude (2.101684ms)
✔ [live-sources-006 live-sources-007] reject zero upper Longitude (1.652617ms)
✔ [live-sources-006] skip fields after a row guard (2.50155ms)
✔ [live-sources-007] read latitude before longitude (2.627622ms)
✔ [live-sources-007] read location before roadway (2.77554ms)
ℹ tests 65
ℹ suites 0
ℹ pass 64
ℹ fail 1
ℹ cancelled 0
ℹ skipped 0
ℹ todo 0
ℹ duration_ms 795.116695

✖ failing tests:

test at src/data/cctvOntarioRows.test.mjs:97:1
✖ [live-sources-006] select the first view without down (12.202464ms)
  AssertionError [ERR_ASSERTION]: Expected values to be strictly equal:
  + actual - expected

  + 'https://511on.ca/map/Cctv/D'
  - 'https://511on.ca/map/Cctv/A'
                               ^

      at TestContext.<anonymous> (file:///tmp/ontario-named-final/src/data/cctvOntarioRows.test.mjs:119:10)
      at async Test.run (node:internal/test_runner/test:1409:7)
      at async Test.processPendingSubtests (node:internal/test_runner/test:974:7) {
    generatedMessage: true,
    code: 'ERR_ASSERTION',
    actual: 'https://511on.ca/map/Cctv/D',
    expected: 'https://511on.ca/map/Cctv/A',
    operator: 'strictEqual',
    diff: 'simple'
  }
