✔ [live-sources-006] reject row 0 (33.811274ms)
✔ [live-sources-006] reject row 1 (4.42191ms)
✔ [live-sources-006] reject row 2 (4.519446ms)
✔ [live-sources-006] reject row 3 (5.008071ms)
✔ [live-sources-006] reject row 4 (4.851705ms)
✔ [live-sources-006] reject row 5 (4.2516ms)
✔ [live-sources-006] reject row 6 (3.403167ms)
✔ [live-sources-006] reject row 7 (3.729352ms)
✔ [live-sources-006] reject row 8 (4.073617ms)
✔ [live-sources-006] reject row 9 (4.991149ms)
✔ [live-sources-006] reject row 10 (2.966925ms)
✔ [live-sources-006] reject row 11 (2.806142ms)
✔ [live-sources-006] reject row 12 (3.208717ms)
✔ [live-sources-006] reject row 13 (7.357061ms)
✔ [live-sources-006] reject URL 0 (3.863874ms)
✔ [live-sources-006] reject URL 1 (2.091646ms)
✔ [live-sources-006] reject URL 2 (1.973346ms)
✖ [live-sources-006] reject URL 3 (15.538421ms)
✔ [live-sources-006] reject URL 4 (2.214274ms)
✔ [live-sources-006] reject URL 5 (1.90187ms)
✔ [live-sources-006] reject URL 6 (1.829182ms)
✔ [live-sources-006] reject URL 7 (2.132442ms)
✔ [live-sources-006] reject URL 8 (2.070133ms)
✔ [live-sources-006] reject URL 9 (2.374759ms)
✔ [live-sources-006] reject URL 10 (2.27856ms)
✔ [live-sources-006] reject URL 11 (1.876245ms)
✔ [live-sources-006] reject URL 12 (2.041921ms)
✖ [live-sources-006] accept boundary 41 (4.08887ms)
✖ [live-sources-006] accept boundary 57.5 (2.849063ms)
✖ [live-sources-006] select the first view without down (3.321329ms)
✖ [live-sources-006] select the first down view (2.991033ms)
✖ [live-sources-007] set all source fields (4.436331ms)
✖ [live-sources-007] use lower case fields and hash pose (3.126968ms)
✖ [live-sources-008] apply cap undefined (29.626219ms)
✖ [live-sources-008] apply cap  (17.006218ms)
✖ [live-sources-008] apply cap bad (9.113353ms)
✖ [live-sources-008] apply cap Infinity (13.07608ms)
✖ [live-sources-008] apply cap 3 (15.009214ms)
✖ [live-sources-008] apply cap 9.9 (9.617445ms)
✖ [live-sources-008] apply cap 2000 (13.449684ms)
✖ [live-sources-008] use the last duplicate (3.474742ms)
✔ [live-sources-009] reject data null (2.293912ms)
✔ [live-sources-009] reject data {} (1.942476ms)
✔ [live-sources-009] reject data "rows" (1.840998ms)
✔ [live-sources-009] reject data 0 (2.013322ms)
✔ [live-sources-005] return no rows after a data error (3.041884ms)
✖ [live-sources-007] use field precedence (3.546962ms)
✖ [live-sources-008] use each nearest anchor (4.351102ms)
✔ [live-sources-006] reject null ID fields (2.359433ms)
✖ [live-sources-007] use roadway and blank direction (2.891921ms)
✔ [live-sources-006] accept an empty row list (8.499901ms)
✖ [live-sources-008] log both source counts (3.547697ms)
✔ [live-sources-006] reject views without a data error (3.330603ms)
✖ [live-sources-006] accept every ID character (2.527035ms)
✖ [live-sources-007] convert row values to text and numbers (3.11729ms)
✔ [live-sources-006] reject a numeric status without a data error (2.306253ms)
✖ [live-sources-006] accept URL object (2.530033ms)
✖ [live-sources-006] accept URL edge spaces (2.321352ms)
✖ [live-sources-006 live-sources-007] select a view with downhill (2.466107ms)
✖ [live-sources-007] use capitalized text fields first (2.720054ms)
✔ [live-sources-006 live-sources-007] reject zero upper Latitude (2.010211ms)
✔ [live-sources-006 live-sources-007] reject zero upper Longitude (1.7671ms)
✖ [live-sources-006] skip fields after a row guard (3.046049ms)
✖ [live-sources-007] read latitude before longitude (2.854821ms)
✖ [live-sources-007] read location before roadway (2.492263ms)
ℹ tests 65
ℹ suites 0
ℹ pass 37
ℹ fail 28
ℹ cancelled 0
ℹ skipped 0
ℹ todo 0
ℹ duration_ms 560.288431

✖ failing tests:

test at src/data/cctvOntarioRows.test.mjs:82:3
✖ [live-sources-006] reject URL 3 (15.538421ms)
  AssertionError [ERR_ASSERTION]: Expected values to be strictly deep-equal:
  + actual - expected

  + [
  +   {
  +     city: 'Ontario',
  +     cityId: 'ontario',
  +     feedType: 'image',
  +     fovDeg: 44,
  +     groundElevationM: 200,
  +     headingConfidence: 'low',
  +     headingDeg: 45,
  +     id: 'on-1',
  +     lat: 43.6532,
  +     license: 'Open Government Licence - Ontario',
  +     lon: -79.3832,
  +     mountHeightM: 8,
  +     name: 'Ontario 511 Camera 1',
  +     pitchDeg: -18,
  +     provider: 'Ontario 511',
  +     rangeM: 145,
  +     snapshotUrl: 'https://511on.ca/map/Cctv/A',
  +     sourceKind: 'ontario-511-open-data',
  +     url: 'https://511on.ca/map/Cctv/A'
  +   }
  + ]
  - []

      at TestContext.<anonymous> (file:///tmp/ontario-named-final/src/data/cctvOntarioRows.test.mjs:83:12)
      at async Test.run (node:internal/test_runner/test:1409:7)
      at async Test.processPendingSubtests (node:internal/test_runner/test:974:7) {
    generatedMessage: true,
    code: 'ERR_ASSERTION',
    actual: [Array],
    expected: [],
    operator: 'deepStrictEqual',
    diff: 'simple'
  }

test at src/data/cctvOntarioRows.test.mjs:93:3
✖ [live-sources-006] accept boundary 41 (4.08887ms)
  AssertionError [ERR_ASSERTION]: Expected values to be strictly equal:

  0 !== 1

      at TestContext.<anonymous> (file:///tmp/ontario-named-final/src/data/cctvOntarioRows.test.mjs:94:12)
      at async Test.run (node:internal/test_runner/test:1409:7)
      at async Test.processPendingSubtests (node:internal/test_runner/test:974:7) {
    generatedMessage: true,
    code: 'ERR_ASSERTION',
    actual: 0,
    expected: 1,
    operator: 'strictEqual',
    diff: 'simple'
  }

test at src/data/cctvOntarioRows.test.mjs:93:3
✖ [live-sources-006] accept boundary 57.5 (2.849063ms)
  AssertionError [ERR_ASSERTION]: Expected values to be strictly equal:

  0 !== 1

      at TestContext.<anonymous> (file:///tmp/ontario-named-final/src/data/cctvOntarioRows.test.mjs:94:12)
      at async Test.run (node:internal/test_runner/test:1409:7)
      at async Test.processPendingSubtests (node:internal/test_runner/test:974:7) {
    generatedMessage: true,
    code: 'ERR_ASSERTION',
    actual: 0,
    expected: 1,
    operator: 'strictEqual',
    diff: 'simple'
  }

test at src/data/cctvOntarioRows.test.mjs:97:1
✖ [live-sources-006] select the first view without down (3.321329ms)
  TypeError: Cannot read properties of undefined (reading 'url')
      at TestContext.<anonymous> (file:///tmp/ontario-named-final/src/data/cctvOntarioRows.test.mjs:119:26)
      at async Test.run (node:internal/test_runner/test:1409:7)
      at async Test.processPendingSubtests (node:internal/test_runner/test:974:7)

test at src/data/cctvOntarioRows.test.mjs:123:1
✖ [live-sources-006] select the first down view (2.991033ms)
  TypeError: Cannot read properties of undefined (reading 'url')
      at TestContext.<anonymous> (file:///tmp/ontario-named-final/src/data/cctvOntarioRows.test.mjs:140:26)
      at async Test.run (node:internal/test_runner/test:1409:7)
      at async Test.processPendingSubtests (node:internal/test_runner/test:974:7)

test at src/data/cctvOntarioRows.test.mjs:143:1
✖ [live-sources-007] set all source fields (4.436331ms)
  AssertionError [ERR_ASSERTION]: Expected values to be strictly deep-equal:
  + actual - expected

  + undefined
  - {
  -   city: 'Place',
  -   cityId: 'ontario',
  -   feedType: 'image',
  -   fovDeg: 56,
  -   groundElevationM: 200,
  -   headingConfidence: 'high',
  -   headingDeg: 0,
  -   id: 'on-1',
  -   lat: 43.6532,
  -   license: 'Open Government Licence - Ontario',
  -   lon: -79.3832,
  -   mountHeightM: 10,
  -   name: 'Place',
  -   pitchDeg: -24,
  -   provider: 'Ontario 511',
  -   rangeM: 210,
  -   snapshotUrl: 'https://511on.ca/map/Cctv/A_1.-',
  -   sourceKind: 'ontario-511-open-data',
  -   url: 'https://511on.ca/map/Cctv/A_1.-'
  - }

      at TestContext.<anonymous> (file:///tmp/ontario-named-final/src/data/cctvOntarioRows.test.mjs:147:10)
      at async Test.run (node:internal/test_runner/test:1409:7)
      at async Test.processPendingSubtests (node:internal/test_runner/test:974:7) {
    generatedMessage: true,
    code: 'ERR_ASSERTION',
    actual: undefined,
    expected: [Object],
    operator: 'deepStrictEqual',
    diff: 'simple'
  }

test at src/data/cctvOntarioRows.test.mjs:192:1
✖ [live-sources-007] use lower case fields and hash pose (3.126968ms)
  TypeError: Cannot read properties of undefined (reading 'name')
      at TestContext.<anonymous> (file:///tmp/ontario-named-final/src/data/cctvOntarioRows.test.mjs:210:23)
      at async Test.run (node:internal/test_runner/test:1409:7)
      at async Test.processPendingSubtests (node:internal/test_runner/test:974:7)

test at src/data/cctvOntarioRows.test.mjs:231:3
✖ [live-sources-008] apply cap undefined (29.626219ms)
  AssertionError [ERR_ASSERTION]: Expected values to be strictly equal:

  0 !== 1000

      at TestContext.<anonymous> (file:///tmp/ontario-named-final/src/data/cctvOntarioRows.test.mjs:237:12)
      at async Test.run (node:internal/test_runner/test:1409:7)
      at async Test.processPendingSubtests (node:internal/test_runner/test:974:7) {
    generatedMessage: true,
    code: 'ERR_ASSERTION',
    actual: 0,
    expected: 1000,
    operator: 'strictEqual',
    diff: 'simple'
  }

test at src/data/cctvOntarioRows.test.mjs:231:3
✖ [live-sources-008] apply cap  (17.006218ms)
  AssertionError [ERR_ASSERTION]: Expected values to be strictly equal:

  0 !== 1000

      at TestContext.<anonymous> (file:///tmp/ontario-named-final/src/data/cctvOntarioRows.test.mjs:237:12)
      at async Test.run (node:internal/test_runner/test:1409:7)
      at async Test.processPendingSubtests (node:internal/test_runner/test:974:7) {
    generatedMessage: true,
    code: 'ERR_ASSERTION',
    actual: 0,
    expected: 1000,
    operator: 'strictEqual',
    diff: 'simple'
  }

test at src/data/cctvOntarioRows.test.mjs:231:3
✖ [live-sources-008] apply cap bad (9.113353ms)
  AssertionError [ERR_ASSERTION]: Expected values to be strictly equal:

  0 !== 1000

      at TestContext.<anonymous> (file:///tmp/ontario-named-final/src/data/cctvOntarioRows.test.mjs:237:12)
      at async Test.run (node:internal/test_runner/test:1409:7)
      at async Test.processPendingSubtests (node:internal/test_runner/test:974:7) {
    generatedMessage: true,
    code: 'ERR_ASSERTION',
    actual: 0,
    expected: 1000,
    operator: 'strictEqual',
    diff: 'simple'
  }

test at src/data/cctvOntarioRows.test.mjs:231:3
✖ [live-sources-008] apply cap Infinity (13.07608ms)
  AssertionError [ERR_ASSERTION]: Expected values to be strictly equal:

  0 !== 1000

      at TestContext.<anonymous> (file:///tmp/ontario-named-final/src/data/cctvOntarioRows.test.mjs:237:12)
      at async Test.run (node:internal/test_runner/test:1409:7)
      at async Test.processPendingSubtests (node:internal/test_runner/test:974:7) {
    generatedMessage: true,
    code: 'ERR_ASSERTION',
    actual: 0,
    expected: 1000,
    operator: 'strictEqual',
    diff: 'simple'
  }

test at src/data/cctvOntarioRows.test.mjs:231:3
✖ [live-sources-008] apply cap 3 (15.009214ms)
  AssertionError [ERR_ASSERTION]: Expected values to be strictly equal:

  0 !== 8

      at TestContext.<anonymous> (file:///tmp/ontario-named-final/src/data/cctvOntarioRows.test.mjs:237:12)
      at async Test.run (node:internal/test_runner/test:1409:7)
      at async Test.processPendingSubtests (node:internal/test_runner/test:974:7) {
    generatedMessage: true,
    code: 'ERR_ASSERTION',
    actual: 0,
    expected: 8,
    operator: 'strictEqual',
    diff: 'simple'
  }

test at src/data/cctvOntarioRows.test.mjs:231:3
✖ [live-sources-008] apply cap 9.9 (9.617445ms)
  AssertionError [ERR_ASSERTION]: Expected values to be strictly equal:

  0 !== 9

      at TestContext.<anonymous> (file:///tmp/ontario-named-final/src/data/cctvOntarioRows.test.mjs:237:12)
      at async Test.run (node:internal/test_runner/test:1409:7)
      at async Test.processPendingSubtests (node:internal/test_runner/test:974:7) {
    generatedMessage: true,
    code: 'ERR_ASSERTION',
    actual: 0,
    expected: 9,
    operator: 'strictEqual',
    diff: 'simple'
  }

test at src/data/cctvOntarioRows.test.mjs:231:3
✖ [live-sources-008] apply cap 2000 (13.449684ms)
  AssertionError [ERR_ASSERTION]: Expected values to be strictly equal:

  0 !== 1000

      at TestContext.<anonymous> (file:///tmp/ontario-named-final/src/data/cctvOntarioRows.test.mjs:237:12)
      at async Test.run (node:internal/test_runner/test:1409:7)
      at async Test.processPendingSubtests (node:internal/test_runner/test:974:7) {
    generatedMessage: true,
    code: 'ERR_ASSERTION',
    actual: 0,
    expected: 1000,
    operator: 'strictEqual',
    diff: 'simple'
  }

test at src/data/cctvOntarioRows.test.mjs:242:1
✖ [live-sources-008] use the last duplicate (3.474742ms)
  AssertionError [ERR_ASSERTION]: Expected values to be strictly equal:

  0 !== 1

      at TestContext.<anonymous> (file:///tmp/ontario-named-final/src/data/cctvOntarioRows.test.mjs:247:10)
      at async Test.run (node:internal/test_runner/test:1409:7)
      at async Test.processPendingSubtests (node:internal/test_runner/test:974:7) {
    generatedMessage: true,
    code: 'ERR_ASSERTION',
    actual: 0,
    expected: 1,
    operator: 'strictEqual',
    diff: 'simple'
  }

test at src/data/cctvOntarioRows.test.mjs:271:1
✖ [live-sources-007] use field precedence (3.546962ms)
  TypeError: Cannot read properties of undefined (reading 'id')
      at TestContext.<anonymous> (file:///tmp/ontario-named-final/src/data/cctvOntarioRows.test.mjs:296:23)
      at async Test.run (node:internal/test_runner/test:1409:7)
      at async Test.processPendingSubtests (node:internal/test_runner/test:974:7)

test at src/data/cctvOntarioRows.test.mjs:303:1
✖ [live-sources-008] use each nearest anchor (4.351102ms)
  AssertionError [ERR_ASSERTION]: Expected values to be strictly deep-equal:
  + actual - expected

  + []
  - [
  -   'on-0',
  -   'on-1',
  -   'on-2',
  -   'on-3',
  -   'on-4',
  -   'on-5',
  -   'on-far'
  - ]

      at TestContext.<anonymous> (file:///tmp/ontario-named-final/src/data/cctvOntarioRows.test.mjs:318:10)
      at async Test.run (node:internal/test_runner/test:1409:7)
      at async Test.processPendingSubtests (node:internal/test_runner/test:974:7) {
    generatedMessage: true,
    code: 'ERR_ASSERTION',
    actual: [],
    expected: [Array],
    operator: 'deepStrictEqual',
    diff: 'simple'
  }

test at src/data/cctvOntarioRows.test.mjs:327:1
✖ [live-sources-007] use roadway and blank direction (2.891921ms)
  TypeError: Cannot read properties of undefined (reading 'city')
      at TestContext.<anonymous> (file:///tmp/ontario-named-final/src/data/cctvOntarioRows.test.mjs:343:23)
      at async Test.run (node:internal/test_runner/test:1409:7)
      at async Test.processPendingSubtests (node:internal/test_runner/test:974:7)

test at src/data/cctvOntarioRows.test.mjs:351:1
✖ [live-sources-008] log both source counts (3.547697ms)
  AssertionError [ERR_ASSERTION]: Expected values to be strictly equal:

  0 !== 8

      at TestContext.<anonymous> (file:///tmp/ontario-named-final/src/data/cctvOntarioRows.test.mjs:355:10)
      at async Test.run (node:internal/test_runner/test:1409:7)
      at async Test.processPendingSubtests (node:internal/test_runner/test:974:7) {
    generatedMessage: true,
    code: 'ERR_ASSERTION',
    actual: 0,
    expected: 8,
    operator: 'strictEqual',
    diff: 'simple'
  }

test at src/data/cctvOntarioRows.test.mjs:384:1
✖ [live-sources-006] accept every ID character (2.527035ms)
  TypeError: Cannot read properties of undefined (reading 'url')
      at TestContext.<anonymous> (file:///tmp/ontario-named-final/src/data/cctvOntarioRows.test.mjs:396:12)
      at async Test.run (node:internal/test_runner/test:1409:7)
      at async Test.processPendingSubtests (node:internal/test_runner/test:974:7)

test at src/data/cctvOntarioRows.test.mjs:401:1
✖ [live-sources-007] convert row values to text and numbers (3.11729ms)
  TypeError: Cannot read properties of undefined (reading 'id')
      at TestContext.<anonymous> (file:///tmp/ontario-named-final/src/data/cctvOntarioRows.test.mjs:418:23)
      at async Test.run (node:internal/test_runner/test:1409:7)
      at async Test.processPendingSubtests (node:internal/test_runner/test:974:7)

test at src/data/cctvOntarioRows.test.mjs:443:3
✖ [live-sources-006] accept URL object (2.530033ms)
  TypeError: Cannot read properties of undefined (reading 'url')
      at TestContext.<anonymous> (file:///tmp/ontario-named-final/src/data/cctvOntarioRows.test.mjs:451:25)
      at async Test.run (node:internal/test_runner/test:1409:7)
      at async Test.processPendingSubtests (node:internal/test_runner/test:974:7)

test at src/data/cctvOntarioRows.test.mjs:443:3
✖ [live-sources-006] accept URL edge spaces (2.321352ms)
  TypeError: Cannot read properties of undefined (reading 'url')
      at TestContext.<anonymous> (file:///tmp/ontario-named-final/src/data/cctvOntarioRows.test.mjs:451:25)
      at async Test.run (node:internal/test_runner/test:1409:7)
      at async Test.processPendingSubtests (node:internal/test_runner/test:974:7)

test at src/data/cctvOntarioRows.test.mjs:454:1
✖ [live-sources-006 live-sources-007] select a view with downhill (2.466107ms)
  TypeError: Cannot read properties of undefined (reading 'url')
      at TestContext.<anonymous> (file:///tmp/ontario-named-final/src/data/cctvOntarioRows.test.mjs:471:23)
      at async Test.run (node:internal/test_runner/test:1409:7)
      at async Test.processPendingSubtests (node:internal/test_runner/test:974:7)

test at src/data/cctvOntarioRows.test.mjs:475:1
✖ [live-sources-007] use capitalized text fields first (2.720054ms)
  TypeError: Cannot read properties of undefined (reading 'id')
      at TestContext.<anonymous> (file:///tmp/ontario-named-final/src/data/cctvOntarioRows.test.mjs:505:23)
      at async Test.run (node:internal/test_runner/test:1409:7)
      at async Test.processPendingSubtests (node:internal/test_runner/test:974:7)

test at src/data/cctvOntarioRows.test.mjs:520:1
✖ [live-sources-006] skip fields after a row guard (3.046049ms)
  AssertionError [ERR_ASSERTION]: Expected values to be strictly equal:

  0 !== 1

      at TestContext.<anonymous> (file:///tmp/ontario-named-final/src/data/cctvOntarioRows.test.mjs:543:10)
      at async Test.run (node:internal/test_runner/test:1409:7)
      at async Test.processPendingSubtests (node:internal/test_runner/test:974:7) {
    generatedMessage: true,
    code: 'ERR_ASSERTION',
    actual: 0,
    expected: 1,
    operator: 'strictEqual',
    diff: 'simple'
  }

test at src/data/cctvOntarioRows.test.mjs:550:1
✖ [live-sources-007] read latitude before longitude (2.854821ms)
  TypeError: Cannot read properties of undefined (reading 'lat')
      at TestContext.<anonymous> (file:///tmp/ontario-named-final/src/data/cctvOntarioRows.test.mjs:559:23)
      at async Test.run (node:internal/test_runner/test:1409:7)
      at async Test.processPendingSubtests (node:internal/test_runner/test:974:7)

test at src/data/cctvOntarioRows.test.mjs:562:1
✖ [live-sources-007] read location before roadway (2.492263ms)
  TypeError: Cannot read properties of undefined (reading 'city')
      at TestContext.<anonymous> (file:///tmp/ontario-named-final/src/data/cctvOntarioRows.test.mjs:571:23)
      at async Test.run (node:internal/test_runner/test:1409:7)
      at async Test.processPendingSubtests (node:internal/test_runner/test:974:7)
