✔ [live-sources-006] reject row 0 (37.224853ms)
✔ [live-sources-006] reject row 1 (4.45014ms)
✔ [live-sources-006] reject row 2 (4.33827ms)
✔ [live-sources-006] reject row 3 (4.968106ms)
✔ [live-sources-006] reject row 4 (4.910326ms)
✔ [live-sources-006] reject row 5 (4.259262ms)
✔ [live-sources-006] reject row 6 (3.554957ms)
✔ [live-sources-006] reject row 7 (3.606706ms)
✔ [live-sources-006] reject row 8 (4.191544ms)
✔ [live-sources-006] reject row 9 (4.996351ms)
✔ [live-sources-006] reject row 10 (2.944077ms)
✔ [live-sources-006] reject row 11 (2.901127ms)
✔ [live-sources-006] reject row 12 (3.366027ms)
✔ [live-sources-006] reject row 13 (8.054115ms)
✔ [live-sources-006] reject URL 0 (3.870907ms)
✔ [live-sources-006] reject URL 1 (2.105172ms)
✔ [live-sources-006] reject URL 2 (1.953212ms)
✔ [live-sources-006] reject URL 3 (2.381194ms)
✔ [live-sources-006] reject URL 4 (2.169648ms)
✔ [live-sources-006] reject URL 5 (1.853452ms)
✔ [live-sources-006] reject URL 6 (1.833697ms)
✔ [live-sources-006] reject URL 7 (2.561752ms)
✔ [live-sources-006] reject URL 8 (2.249039ms)
✔ [live-sources-006] reject URL 9 (2.452529ms)
✔ [live-sources-006] reject URL 10 (2.402763ms)
✔ [live-sources-006] reject URL 11 (2.145499ms)
✔ [live-sources-006] reject URL 12 (2.334472ms)
✖ [live-sources-006] accept boundary 41 (9.512566ms)
✖ [live-sources-006] accept boundary 57.5 (3.358037ms)
✖ [live-sources-006] select the first view without down (3.659131ms)
✖ [live-sources-006] select the first down view (3.260434ms)
✖ [live-sources-007] set all source fields (8.609772ms)
✖ [live-sources-007] use lower case fields and hash pose (3.336757ms)
✖ [live-sources-008] apply cap undefined (40.942701ms)
✖ [live-sources-008] apply cap  (24.577769ms)
✖ [live-sources-008] apply cap bad (24.194795ms)
✖ [live-sources-008] apply cap Infinity (23.27969ms)
✖ [live-sources-008] apply cap 3 (23.744622ms)
✖ [live-sources-008] apply cap 9.9 (27.202076ms)
✖ [live-sources-008] apply cap 2000 (17.268965ms)
✖ [live-sources-008] use the last duplicate (3.486285ms)
✔ [live-sources-009] reject data null (2.039104ms)
✔ [live-sources-009] reject data {} (1.748145ms)
✔ [live-sources-009] reject data "rows" (1.749935ms)
✔ [live-sources-009] reject data 0 (1.769259ms)
✔ [live-sources-005] return no rows after a data error (2.954002ms)
✖ [live-sources-007] use field precedence (3.49204ms)
✖ [live-sources-008] use each nearest anchor (4.195434ms)
✔ [live-sources-006] reject null ID fields (2.20992ms)
✖ [live-sources-007] use roadway and blank direction (2.833954ms)
✔ [live-sources-006] accept an empty row list (1.921574ms)
✖ [live-sources-008] log both source counts (3.342579ms)
✔ [live-sources-006] reject views without a data error (3.47687ms)
✖ [live-sources-006] accept every ID character (2.699562ms)
✖ [live-sources-007] convert row values to text and numbers (3.110063ms)
✔ [live-sources-006] reject a numeric status without a data error (2.218585ms)
✖ [live-sources-006] accept URL object (2.518499ms)
✖ [live-sources-006] accept URL edge spaces (7.670973ms)
✖ [live-sources-006 live-sources-007] select a view with downhill (2.941906ms)
✖ [live-sources-007] use capitalized text fields first (2.800933ms)
✔ [live-sources-006 live-sources-007] reject zero upper Latitude (2.16698ms)
✔ [live-sources-006 live-sources-007] reject zero upper Longitude (1.678418ms)
✖ [live-sources-006] skip fields after a row guard (2.986343ms)
✖ [live-sources-007] read latitude before longitude (3.041424ms)
✖ [live-sources-007] read location before roadway (2.616995ms)
ℹ tests 65
ℹ suites 0
ℹ pass 38
ℹ fail 27
ℹ cancelled 0
ℹ skipped 0
ℹ todo 0
ℹ duration_ms 621.238649

✖ failing tests:

test at src/data/cctvOntarioRows.test.mjs:93:3
✖ [live-sources-006] accept boundary 41 (9.512566ms)
  AssertionError [ERR_ASSERTION]: Expected values to be strictly equal:

  0 !== 1

      at TestContext.<anonymous> (file:///tmp/ontario-named-final/src/data/cctvOntarioRows.test.mjs:94:12)
      at async Test.run (node:internal/test_runner/test:1409:7)
      at async Test.processPendingSubtests (node:internal/test_runner/test:974:7) {
    generatedMessage: true,
    code: 'ERR_ASSERTION',
    actual: 0,
    expected: 1,
    operator: 'strictEqual',
    diff: 'simple'
  }

test at src/data/cctvOntarioRows.test.mjs:93:3
✖ [live-sources-006] accept boundary 57.5 (3.358037ms)
  AssertionError [ERR_ASSERTION]: Expected values to be strictly equal:

  0 !== 1

      at TestContext.<anonymous> (file:///tmp/ontario-named-final/src/data/cctvOntarioRows.test.mjs:94:12)
      at async Test.run (node:internal/test_runner/test:1409:7)
      at async Test.processPendingSubtests (node:internal/test_runner/test:974:7) {
    generatedMessage: true,
    code: 'ERR_ASSERTION',
    actual: 0,
    expected: 1,
    operator: 'strictEqual',
    diff: 'simple'
  }

test at src/data/cctvOntarioRows.test.mjs:97:1
✖ [live-sources-006] select the first view without down (3.659131ms)
  TypeError: Cannot read properties of undefined (reading 'url')
      at TestContext.<anonymous> (file:///tmp/ontario-named-final/src/data/cctvOntarioRows.test.mjs:119:26)
      at async Test.run (node:internal/test_runner/test:1409:7)
      at async Test.processPendingSubtests (node:internal/test_runner/test:974:7)

test at src/data/cctvOntarioRows.test.mjs:123:1
✖ [live-sources-006] select the first down view (3.260434ms)
  TypeError: Cannot read properties of undefined (reading 'url')
      at TestContext.<anonymous> (file:///tmp/ontario-named-final/src/data/cctvOntarioRows.test.mjs:140:26)
      at async Test.run (node:internal/test_runner/test:1409:7)
      at async Test.processPendingSubtests (node:internal/test_runner/test:974:7)

test at src/data/cctvOntarioRows.test.mjs:143:1
✖ [live-sources-007] set all source fields (8.609772ms)
  AssertionError [ERR_ASSERTION]: Expected values to be strictly deep-equal:
  + actual - expected

  + undefined
  - {
  -   city: 'Place',
  -   cityId: 'ontario',
  -   feedType: 'image',
  -   fovDeg: 56,
  -   groundElevationM: 200,
  -   headingConfidence: 'high',
  -   headingDeg: 0,
  -   id: 'on-1',
  -   lat: 43.6532,
  -   license: 'Open Government Licence - Ontario',
  -   lon: -79.3832,
  -   mountHeightM: 10,
  -   name: 'Place',
  -   pitchDeg: -24,
  -   provider: 'Ontario 511',
  -   rangeM: 210,
  -   snapshotUrl: 'https://511on.ca/map/Cctv/A_1.-',
  -   sourceKind: 'ontario-511-open-data',
  -   url: 'https://511on.ca/map/Cctv/A_1.-'
  - }

      at TestContext.<anonymous> (file:///tmp/ontario-named-final/src/data/cctvOntarioRows.test.mjs:147:10)
      at async Test.run (node:internal/test_runner/test:1409:7)
      at async Test.processPendingSubtests (node:internal/test_runner/test:974:7) {
    generatedMessage: true,
    code: 'ERR_ASSERTION',
    actual: undefined,
    expected: [Object],
    operator: 'deepStrictEqual',
    diff: 'simple'
  }

test at src/data/cctvOntarioRows.test.mjs:192:1
✖ [live-sources-007] use lower case fields and hash pose (3.336757ms)
  TypeError: Cannot read properties of undefined (reading 'name')
      at TestContext.<anonymous> (file:///tmp/ontario-named-final/src/data/cctvOntarioRows.test.mjs:210:23)
      at async Test.run (node:internal/test_runner/test:1409:7)
      at async Test.processPendingSubtests (node:internal/test_runner/test:974:7)

test at src/data/cctvOntarioRows.test.mjs:231:3
✖ [live-sources-008] apply cap undefined (40.942701ms)
  AssertionError [ERR_ASSERTION]: Expected values to be strictly equal:

  0 !== 1000

      at TestContext.<anonymous> (file:///tmp/ontario-named-final/src/data/cctvOntarioRows.test.mjs:237:12)
      at async Test.run (node:internal/test_runner/test:1409:7)
      at async Test.processPendingSubtests (node:internal/test_runner/test:974:7) {
    generatedMessage: true,
    code: 'ERR_ASSERTION',
    actual: 0,
    expected: 1000,
    operator: 'strictEqual',
    diff: 'simple'
  }

test at src/data/cctvOntarioRows.test.mjs:231:3
✖ [live-sources-008] apply cap  (24.577769ms)
  AssertionError [ERR_ASSERTION]: Expected values to be strictly equal:

  0 !== 1000

      at TestContext.<anonymous> (file:///tmp/ontario-named-final/src/data/cctvOntarioRows.test.mjs:237:12)
      at async Test.run (node:internal/test_runner/test:1409:7)
      at async Test.processPendingSubtests (node:internal/test_runner/test:974:7) {
    generatedMessage: true,
    code: 'ERR_ASSERTION',
    actual: 0,
    expected: 1000,
    operator: 'strictEqual',
    diff: 'simple'
  }

test at src/data/cctvOntarioRows.test.mjs:231:3
✖ [live-sources-008] apply cap bad (24.194795ms)
  AssertionError [ERR_ASSERTION]: Expected values to be strictly equal:

  0 !== 1000

      at TestContext.<anonymous> (file:///tmp/ontario-named-final/src/data/cctvOntarioRows.test.mjs:237:12)
      at async Test.run (node:internal/test_runner/test:1409:7)
      at async Test.processPendingSubtests (node:internal/test_runner/test:974:7) {
    generatedMessage: true,
    code: 'ERR_ASSERTION',
    actual: 0,
    expected: 1000,
    operator: 'strictEqual',
    diff: 'simple'
  }

test at src/data/cctvOntarioRows.test.mjs:231:3
✖ [live-sources-008] apply cap Infinity (23.27969ms)
  AssertionError [ERR_ASSERTION]: Expected values to be strictly equal:

  0 !== 1000

      at TestContext.<anonymous> (file:///tmp/ontario-named-final/src/data/cctvOntarioRows.test.mjs:237:12)
      at async Test.run (node:internal/test_runner/test:1409:7)
      at async Test.processPendingSubtests (node:internal/test_runner/test:974:7) {
    generatedMessage: true,
    code: 'ERR_ASSERTION',
    actual: 0,
    expected: 1000,
    operator: 'strictEqual',
    diff: 'simple'
  }

test at src/data/cctvOntarioRows.test.mjs:231:3
✖ [live-sources-008] apply cap 3 (23.744622ms)
  AssertionError [ERR_ASSERTION]: Expected values to be strictly equal:

  0 !== 8

      at TestContext.<anonymous> (file:///tmp/ontario-named-final/src/data/cctvOntarioRows.test.mjs:237:12)
      at async Test.run (node:internal/test_runner/test:1409:7)
      at async Test.processPendingSubtests (node:internal/test_runner/test:974:7) {
    generatedMessage: true,
    code: 'ERR_ASSERTION',
    actual: 0,
    expected: 8,
    operator: 'strictEqual',
    diff: 'simple'
  }

test at src/data/cctvOntarioRows.test.mjs:231:3
✖ [live-sources-008] apply cap 9.9 (27.202076ms)
  AssertionError [ERR_ASSERTION]: Expected values to be strictly equal:

  0 !== 9

      at TestContext.<anonymous> (file:///tmp/ontario-named-final/src/data/cctvOntarioRows.test.mjs:237:12)
      at async Test.run (node:internal/test_runner/test:1409:7)
      at async Test.processPendingSubtests (node:internal/test_runner/test:974:7) {
    generatedMessage: true,
    code: 'ERR_ASSERTION',
    actual: 0,
    expected: 9,
    operator: 'strictEqual',
    diff: 'simple'
  }

test at src/data/cctvOntarioRows.test.mjs:231:3
✖ [live-sources-008] apply cap 2000 (17.268965ms)
  AssertionError [ERR_ASSERTION]: Expected values to be strictly equal:

  0 !== 1000

      at TestContext.<anonymous> (file:///tmp/ontario-named-final/src/data/cctvOntarioRows.test.mjs:237:12)
      at async Test.run (node:internal/test_runner/test:1409:7)
      at async Test.processPendingSubtests (node:internal/test_runner/test:974:7) {
    generatedMessage: true,
    code: 'ERR_ASSERTION',
    actual: 0,
    expected: 1000,
    operator: 'strictEqual',
    diff: 'simple'
  }

test at src/data/cctvOntarioRows.test.mjs:242:1
✖ [live-sources-008] use the last duplicate (3.486285ms)
  AssertionError [ERR_ASSERTION]: Expected values to be strictly equal:

  0 !== 1

      at TestContext.<anonymous> (file:///tmp/ontario-named-final/src/data/cctvOntarioRows.test.mjs:247:10)
      at async Test.run (node:internal/test_runner/test:1409:7)
      at async Test.processPendingSubtests (node:internal/test_runner/test:974:7) {
    generatedMessage: true,
    code: 'ERR_ASSERTION',
    actual: 0,
    expected: 1,
    operator: 'strictEqual',
    diff: 'simple'
  }

test at src/data/cctvOntarioRows.test.mjs:271:1
✖ [live-sources-007] use field precedence (3.49204ms)
  TypeError: Cannot read properties of undefined (reading 'id')
      at TestContext.<anonymous> (file:///tmp/ontario-named-final/src/data/cctvOntarioRows.test.mjs:296:23)
      at async Test.run (node:internal/test_runner/test:1409:7)
      at async Test.processPendingSubtests (node:internal/test_runner/test:974:7)

test at src/data/cctvOntarioRows.test.mjs:303:1
✖ [live-sources-008] use each nearest anchor (4.195434ms)
  AssertionError [ERR_ASSERTION]: Expected values to be strictly deep-equal:
  + actual - expected

  + []
  - [
  -   'on-0',
  -   'on-1',
  -   'on-2',
  -   'on-3',
  -   'on-4',
  -   'on-5',
  -   'on-far'
  - ]

      at TestContext.<anonymous> (file:///tmp/ontario-named-final/src/data/cctvOntarioRows.test.mjs:318:10)
      at async Test.run (node:internal/test_runner/test:1409:7)
      at async Test.processPendingSubtests (node:internal/test_runner/test:974:7) {
    generatedMessage: true,
    code: 'ERR_ASSERTION',
    actual: [],
    expected: [Array],
    operator: 'deepStrictEqual',
    diff: 'simple'
  }

test at src/data/cctvOntarioRows.test.mjs:327:1
✖ [live-sources-007] use roadway and blank direction (2.833954ms)
  TypeError: Cannot read properties of undefined (reading 'city')
      at TestContext.<anonymous> (file:///tmp/ontario-named-final/src/data/cctvOntarioRows.test.mjs:343:23)
      at async Test.run (node:internal/test_runner/test:1409:7)
      at async Test.processPendingSubtests (node:internal/test_runner/test:974:7)

test at src/data/cctvOntarioRows.test.mjs:351:1
✖ [live-sources-008] log both source counts (3.342579ms)
  AssertionError [ERR_ASSERTION]: Expected values to be strictly equal:

  0 !== 8

      at TestContext.<anonymous> (file:///tmp/ontario-named-final/src/data/cctvOntarioRows.test.mjs:355:10)
      at async Test.run (node:internal/test_runner/test:1409:7)
      at async Test.processPendingSubtests (node:internal/test_runner/test:974:7) {
    generatedMessage: true,
    code: 'ERR_ASSERTION',
    actual: 0,
    expected: 8,
    operator: 'strictEqual',
    diff: 'simple'
  }

test at src/data/cctvOntarioRows.test.mjs:384:1
✖ [live-sources-006] accept every ID character (2.699562ms)
  TypeError: Cannot read properties of undefined (reading 'url')
      at TestContext.<anonymous> (file:///tmp/ontario-named-final/src/data/cctvOntarioRows.test.mjs:396:12)
      at async Test.run (node:internal/test_runner/test:1409:7)
      at async Test.processPendingSubtests (node:internal/test_runner/test:974:7)

test at src/data/cctvOntarioRows.test.mjs:401:1
✖ [live-sources-007] convert row values to text and numbers (3.110063ms)
  TypeError: Cannot read properties of undefined (reading 'id')
      at TestContext.<anonymous> (file:///tmp/ontario-named-final/src/data/cctvOntarioRows.test.mjs:418:23)
      at async Test.run (node:internal/test_runner/test:1409:7)
      at async Test.processPendingSubtests (node:internal/test_runner/test:974:7)

test at src/data/cctvOntarioRows.test.mjs:443:3
✖ [live-sources-006] accept URL object (2.518499ms)
  TypeError: Cannot read properties of undefined (reading 'url')
      at TestContext.<anonymous> (file:///tmp/ontario-named-final/src/data/cctvOntarioRows.test.mjs:451:25)
      at async Test.run (node:internal/test_runner/test:1409:7)
      at async Test.processPendingSubtests (node:internal/test_runner/test:974:7)

test at src/data/cctvOntarioRows.test.mjs:443:3
✖ [live-sources-006] accept URL edge spaces (7.670973ms)
  TypeError: Cannot read properties of undefined (reading 'url')
      at TestContext.<anonymous> (file:///tmp/ontario-named-final/src/data/cctvOntarioRows.test.mjs:451:25)
      at async Test.run (node:internal/test_runner/test:1409:7)
      at async Test.processPendingSubtests (node:internal/test_runner/test:974:7)

test at src/data/cctvOntarioRows.test.mjs:454:1
✖ [live-sources-006 live-sources-007] select a view with downhill (2.941906ms)
  TypeError: Cannot read properties of undefined (reading 'url')
      at TestContext.<anonymous> (file:///tmp/ontario-named-final/src/data/cctvOntarioRows.test.mjs:471:23)
      at async Test.run (node:internal/test_runner/test:1409:7)
      at async Test.processPendingSubtests (node:internal/test_runner/test:974:7)

test at src/data/cctvOntarioRows.test.mjs:475:1
✖ [live-sources-007] use capitalized text fields first (2.800933ms)
  TypeError: Cannot read properties of undefined (reading 'id')
      at TestContext.<anonymous> (file:///tmp/ontario-named-final/src/data/cctvOntarioRows.test.mjs:505:23)
      at async Test.run (node:internal/test_runner/test:1409:7)
      at async Test.processPendingSubtests (node:internal/test_runner/test:974:7)

test at src/data/cctvOntarioRows.test.mjs:520:1
✖ [live-sources-006] skip fields after a row guard (2.986343ms)
  AssertionError [ERR_ASSERTION]: Expected values to be strictly equal:

  0 !== 1

      at TestContext.<anonymous> (file:///tmp/ontario-named-final/src/data/cctvOntarioRows.test.mjs:543:10)
      at async Test.run (node:internal/test_runner/test:1409:7)
      at async Test.processPendingSubtests (node:internal/test_runner/test:974:7) {
    generatedMessage: true,
    code: 'ERR_ASSERTION',
    actual: 0,
    expected: 1,
    operator: 'strictEqual',
    diff: 'simple'
  }

test at src/data/cctvOntarioRows.test.mjs:550:1
✖ [live-sources-007] read latitude before longitude (3.041424ms)
  TypeError: Cannot read properties of undefined (reading 'lat')
      at TestContext.<anonymous> (file:///tmp/ontario-named-final/src/data/cctvOntarioRows.test.mjs:559:23)
      at async Test.run (node:internal/test_runner/test:1409:7)
      at async Test.processPendingSubtests (node:internal/test_runner/test:974:7)

test at src/data/cctvOntarioRows.test.mjs:562:1
✖ [live-sources-007] read location before roadway (2.616995ms)
  TypeError: Cannot read properties of undefined (reading 'city')
      at TestContext.<anonymous> (file:///tmp/ontario-named-final/src/data/cctvOntarioRows.test.mjs:571:23)
      at async Test.run (node:internal/test_runner/test:1409:7)
      at async Test.processPendingSubtests (node:internal/test_runner/test:974:7)
