✔ [live-sources-006] reject row 0 (33.776127ms)
✔ [live-sources-006] reject row 1 (4.387851ms)
✔ [live-sources-006] reject row 2 (4.419617ms)
✔ [live-sources-006] reject row 3 (5.087012ms)
✔ [live-sources-006] reject row 4 (4.968435ms)
✔ [live-sources-006] reject row 5 (4.03761ms)
✖ [live-sources-006] reject row 6 (18.722804ms)
✔ [live-sources-006] reject row 7 (3.913806ms)
✔ [live-sources-006] reject row 8 (4.28634ms)
✔ [live-sources-006] reject row 9 (4.752309ms)
✔ [live-sources-006] reject row 10 (3.135504ms)
✔ [live-sources-006] reject row 11 (3.056247ms)
✔ [live-sources-006] reject row 12 (2.802924ms)
✔ [live-sources-006] reject row 13 (4.504706ms)
✔ [live-sources-006] reject URL 0 (2.539011ms)
✔ [live-sources-006] reject URL 1 (2.011338ms)
✔ [live-sources-006] reject URL 2 (1.979055ms)
✔ [live-sources-006] reject URL 3 (2.317362ms)
✔ [live-sources-006] reject URL 4 (1.948313ms)
✔ [live-sources-006] reject URL 5 (1.924504ms)
✔ [live-sources-006] reject URL 6 (2.385195ms)
✔ [live-sources-006] reject URL 7 (2.457483ms)
✔ [live-sources-006] reject URL 8 (2.367727ms)
✔ [live-sources-006] reject URL 9 (2.516524ms)
✔ [live-sources-006] reject URL 10 (2.454446ms)
✔ [live-sources-006] reject URL 11 (2.440774ms)
✔ [live-sources-006] reject URL 12 (2.004358ms)
✔ [live-sources-006] accept boundary 41 (3.818834ms)
✔ [live-sources-006] accept boundary 57.5 (2.328348ms)
✔ [live-sources-006] select the first view without down (4.931843ms)
✔ [live-sources-006] select the first down view (4.098864ms)
✔ [live-sources-007] set all source fields (4.404264ms)
✔ [live-sources-007] use lower case fields and hash pose (5.950936ms)
✔ [live-sources-008] apply cap undefined (78.062775ms)
✔ [live-sources-008] apply cap  (58.675076ms)
✔ [live-sources-008] apply cap bad (40.576074ms)
✔ [live-sources-008] apply cap Infinity (35.667985ms)
✔ [live-sources-008] apply cap 3 (34.896918ms)
✔ [live-sources-008] apply cap 9.9 (34.955818ms)
✔ [live-sources-008] apply cap 2000 (35.00821ms)
✔ [live-sources-008] use the last duplicate (3.207941ms)
✔ [live-sources-009] reject data null (2.159392ms)
✔ [live-sources-009] reject data {} (1.712107ms)
✔ [live-sources-009] reject data "rows" (1.818389ms)
✔ [live-sources-009] reject data 0 (1.549284ms)
✔ [live-sources-005] return no rows after a data error (2.632846ms)
✔ [live-sources-007] use field precedence (2.889799ms)
✔ [live-sources-008] use each nearest anchor (3.532711ms)
✔ [live-sources-006] reject null ID fields (2.021005ms)
✔ [live-sources-007] use roadway and blank direction (2.399055ms)
✔ [live-sources-006] accept an empty row list (1.909565ms)
✔ [live-sources-008] log both source counts (2.903478ms)
✔ [live-sources-006] reject views without a data error (2.289579ms)
✔ [live-sources-006] accept every ID character (2.509144ms)
✔ [live-sources-007] convert row values to text and numbers (4.054778ms)
✔ [live-sources-006] reject a numeric status without a data error (2.384433ms)
✔ [live-sources-006] accept URL object (2.300997ms)
✔ [live-sources-006] accept URL edge spaces (1.713504ms)
✔ [live-sources-006 live-sources-007] select a view with downhill (2.197139ms)
✔ [live-sources-007] use capitalized text fields first (2.410279ms)
✔ [live-sources-006 live-sources-007] reject zero upper Latitude (2.00719ms)
✔ [live-sources-006 live-sources-007] reject zero upper Longitude (1.597387ms)
✔ [live-sources-006] skip fields after a row guard (2.432598ms)
✔ [live-sources-007] read latitude before longitude (2.656158ms)
✔ [live-sources-007] read location before roadway (2.918067ms)
ℹ tests 65
ℹ suites 0
ℹ pass 64
ℹ fail 1
ℹ cancelled 0
ℹ skipped 0
ℹ todo 0
ℹ duration_ms 791.868551

✖ failing tests:

test at src/data/cctvOntarioRows.test.mjs:58:3
✖ [live-sources-006] reject row 6 (18.722804ms)
  AssertionError [ERR_ASSERTION]: Expected values to be strictly deep-equal:
  + actual - expected

  + [
  +   {
  +     city: 'Ontario',
  +     cityId: 'ontario',
  +     feedType: 'image',
  +     fovDeg: 44,
  +     groundElevationM: 200,
  +     headingConfidence: 'low',
  +     headingDeg: 45,
  +     id: 'on-1',
  +     lat: 57.6,
  +     license: 'Open Government Licence - Ontario',
  +     lon: -79.3832,
  +     mountHeightM: 8,
  +     name: 'Ontario 511 Camera 1',
  +     pitchDeg: -18,
  +     provider: 'Ontario 511',
  +     rangeM: 145,
  +     snapshotUrl: 'https://511on.ca/map/Cctv/A_1.-',
  +     sourceKind: 'ontario-511-open-data',
  +     url: 'https://511on.ca/map/Cctv/A_1.-'
  +   }
  + ]
  - []

      at TestContext.<anonymous> (file:///tmp/ontario-named-final/src/data/cctvOntarioRows.test.mjs:60:12)
      at async Test.run (node:internal/test_runner/test:1409:7)
      at async Test.processPendingSubtests (node:internal/test_runner/test:974:7) {
    generatedMessage: true,
    code: 'ERR_ASSERTION',
    actual: [Array],
    expected: [],
    operator: 'deepStrictEqual',
    diff: 'simple'
  }
