✔ [live-sources-006] reject row 0 (33.437609ms)
✔ [live-sources-006] reject row 1 (4.228384ms)
✔ [live-sources-006] reject row 2 (4.414878ms)
✔ [live-sources-006] reject row 3 (4.876273ms)
✔ [live-sources-006] reject row 4 (5.042234ms)
✔ [live-sources-006] reject row 5 (4.109258ms)
✔ [live-sources-006] reject row 6 (3.281916ms)
✔ [live-sources-006] reject row 7 (3.531067ms)
✔ [live-sources-006] reject row 8 (3.998089ms)
✔ [live-sources-006] reject row 9 (4.985916ms)
✔ [live-sources-006] reject row 10 (2.9621ms)
✔ [live-sources-006] reject row 11 (2.880569ms)
✔ [live-sources-006] reject row 12 (3.270319ms)
✔ [live-sources-006] reject row 13 (7.01112ms)
✔ [live-sources-006] reject URL 0 (3.871938ms)
✔ [live-sources-006] reject URL 1 (2.006292ms)
✔ [live-sources-006] reject URL 2 (1.853876ms)
✔ [live-sources-006] reject URL 3 (2.326266ms)
✔ [live-sources-006] reject URL 4 (2.026496ms)
✔ [live-sources-006] reject URL 5 (1.805578ms)
✔ [live-sources-006] reject URL 6 (1.799103ms)
✔ [live-sources-006] reject URL 7 (2.406897ms)
✔ [live-sources-006] reject URL 8 (2.325317ms)
✔ [live-sources-006] reject URL 9 (2.574835ms)
✔ [live-sources-006] reject URL 10 (2.209034ms)
✔ [live-sources-006] reject URL 11 (2.343684ms)
✔ [live-sources-006] reject URL 12 (2.587263ms)
✔ [live-sources-006] accept boundary 41 (6.07576ms)
✔ [live-sources-006] accept boundary 57.5 (2.762251ms)
✔ [live-sources-006] select the first view without down (4.625873ms)
✖ [live-sources-006] select the first down view (4.155352ms)
✔ [live-sources-007] set all source fields (5.041319ms)
✔ [live-sources-007] use lower case fields and hash pose (5.20163ms)
✔ [live-sources-008] apply cap undefined (76.028566ms)
✔ [live-sources-008] apply cap  (55.485362ms)
✔ [live-sources-008] apply cap bad (40.903902ms)
✔ [live-sources-008] apply cap Infinity (35.032455ms)
✔ [live-sources-008] apply cap 3 (34.650707ms)
✔ [live-sources-008] apply cap 9.9 (35.006336ms)
✔ [live-sources-008] apply cap 2000 (35.416851ms)
✔ [live-sources-008] use the last duplicate (3.004627ms)
✔ [live-sources-009] reject data null (1.95398ms)
✔ [live-sources-009] reject data {} (1.577016ms)
✔ [live-sources-009] reject data "rows" (1.792239ms)
✔ [live-sources-009] reject data 0 (1.61907ms)
✔ [live-sources-005] return no rows after a data error (2.656115ms)
✔ [live-sources-007] use field precedence (3.099166ms)
✔ [live-sources-008] use each nearest anchor (3.698981ms)
✔ [live-sources-006] reject null ID fields (2.025725ms)
✔ [live-sources-007] use roadway and blank direction (2.411113ms)
✔ [live-sources-006] accept an empty row list (2.016094ms)
✔ [live-sources-008] log both source counts (2.931016ms)
✔ [live-sources-006] reject views without a data error (2.322997ms)
✔ [live-sources-006] accept every ID character (2.155214ms)
✔ [live-sources-007] convert row values to text and numbers (3.869666ms)
✔ [live-sources-006] reject a numeric status without a data error (2.296919ms)
✔ [live-sources-006] accept URL object (2.20369ms)
✔ [live-sources-006] accept URL edge spaces (1.729102ms)
✔ [live-sources-006 live-sources-007] select a view with downhill (2.183403ms)
✔ [live-sources-007] use capitalized text fields first (2.423793ms)
✔ [live-sources-006 live-sources-007] reject zero upper Latitude (2.082662ms)
✔ [live-sources-006 live-sources-007] reject zero upper Longitude (1.634103ms)
✔ [live-sources-006] skip fields after a row guard (2.554259ms)
✔ [live-sources-007] read latitude before longitude (2.615651ms)
✔ [live-sources-007] read location before roadway (2.667706ms)
ℹ tests 65
ℹ suites 0
ℹ pass 64
ℹ fail 1
ℹ cancelled 0
ℹ skipped 0
ℹ todo 0
ℹ duration_ms 771.421921

✖ failing tests:

test at src/data/cctvOntarioRows.test.mjs:123:1
✖ [live-sources-006] select the first down view (4.155352ms)
  TypeError: Cannot read properties of undefined (reading 'url')
      at TestContext.<anonymous> (file:///tmp/ontario-named-final/src/data/cctvOntarioRows.test.mjs:140:26)
      at async Test.run (node:internal/test_runner/test:1409:7)
      at async Test.processPendingSubtests (node:internal/test_runner/test:974:7)
