baseline worker 1 src/data/cctvOntarioRows.test.mjs: fast 1.09s full 1.12s; skipped 0
baseline worker 1 src/data/cctvOntarioKey.test.mjs: fast 0.74s full 0.74s; skipped 0
phase 2: 1/182, on4 SURVIVED
phase 2: 2/182, on349 KILLED
phase 2: 3/182, on361 KILLED
phase 2: 4/182, on497 KILLED
phase 2: 5/182, on5 SURVIVED
phase 2: 6/182, on6 SURVIVED
phase 2: 7/182, on82 SURVIVED
phase 2: 8/182, on206 SURVIVED
phase 2: 9/182, on329 KILLED
phase 2: 10/182, on406 KILLED
phase 2: 11/182, on427 KILLED
phase 2: 12/182, on448 SURVIVED
phase 2: 13/182, on499 KILLED
phase 2: 14/182, on1 SURVIVED
phase 2: 15/182, on98 SURVIVED
phase 2: 16/182, on186 KILLED
phase 2: 17/182, on275 SURVIVED
phase 2: 18/182, on311 KILLED
phase 2: 19/182, on395 KILLED
phase 2: 20/182, on244 SURVIVED
phase 2: 21/182, on245 SURVIVED
phase 2: 22/182, on267 SURVIVED
phase 2: 23/182, on268 SURVIVED
phase 2: 24/182, on336 KILLED
phase 2: 25/182, on337 KILLED
phase 2: 26/182, on355 SURVIVED
phase 2: 27/182, on356 SURVIVED
phase 2: 28/182, on367 SURVIVED
phase 2: 29/182, on368 SURVIVED
phase 2: 30/182, on392 SURVIVED
phase 2: 31/182, on393 SURVIVED
phase 2: 32/182, on417 SURVIVED
phase 2: 33/182, on418 SURVIVED
phase 2: 34/182, on439 SURVIVED
phase 2: 35/182, on440 SURVIVED
phase 2: 36/182, on503 SURVIVED
phase 2: 37/182, on504 SURVIVED
phase 2: 38/182, on760 KILLED
phase 2: 39/182, on3 SURVIVED
phase 2: 40/182, on24 SURVIVED
phase 2: 41/182, on100 SURVIVED
phase 2: 42/182, on102 SURVIVED
phase 2: 43/182, on140 SURVIVED
phase 2: 44/182, on167 SURVIVED
phase 2: 45/182, on174 SURVIVED
phase 2: 46/182, on277 SURVIVED
phase 2: 47/182, on281 SURVIVED
phase 2: 48/182, on313 KILLED
phase 2: 49/182, on397 KILLED
phase 2: 50/182, on756 KILLED
phase 2: 51/182, on757 KILLED
phase 2: 52/182, on758 KILLED
phase 2: 53/182, on759 KILLED
phase 2: 54/182, on15 SURVIVED
phase 2: 55/182, on22 SURVIVED
phase 2: 56/182, on93 KILLED
phase 2: 57/182, on95 KILLED
phase 2: 58/182, on161 KILLED
phase 2: 59/182, on162 KILLED
phase 2: 60/182, on163 KILLED
phase 2: 61/182, on164 KILLED
phase 2: 62/182, on165 KILLED
phase 2: 63/182, on7 SURVIVED
phase 2: 64/182, on8 SURVIVED
phase 2: 65/182, on9 SURVIVED
phase 2: 66/182, on35 SURVIVED
phase 2: 67/182, on40 SURVIVED
phase 2: 68/182, on45 SURVIVED
phase 2: 69/182, on77 KILLED
phase 2: 70/182, on84 SURVIVED
phase 2: 71/182, on86 SURVIVED
phase 2: 72/182, on88 SURVIVED
phase 2: 73/182, on108 SURVIVED
phase 2: 74/182, on118 SURVIVED
phase 2: 75/182, on127 SURVIVED
phase 2: 76/182, on188 KILLED
phase 2: 77/182, on192 KILLED
phase 2: 78/182, on193 KILLED
phase 2: 79/182, on208 SURVIVED
phase 2: 80/182, on210 SURVIVED
phase 2: 81/182, on215 KILLED
phase 2: 82/182, on219 SURVIVED
phase 2: 83/182, on243 KILLED
phase 2: 84/182, on266 KILLED
phase 2: 85/182, on280 SURVIVED
phase 2: 86/182, on318 KILLED
phase 2: 87/182, on324 KILLED
phase 2: 88/182, on330 KILLED
phase 2: 89/182, on335 KILLED
phase 2: 90/182, on339 KILLED
phase 2: 91/182, on354 KILLED
phase 2: 92/182, on366 KILLED
phase 2: 93/182, on391 KILLED
phase 2: 94/182, on414 KILLED
phase 2: 95/182, on416 KILLED
phase 2: 96/182, on423 KILLED
phase 2: 97/182, on437 KILLED
phase 2: 98/182, on438 KILLED
phase 2: 99/182, on451 SURVIVED
phase 2: 100/182, on452 SURVIVED
phase 2 estimate after 100: 4.5 minutes; classes prioritized, string last
phase 2: 101/182, on500 KILLED
phase 2: 102/182, on502 KILLED
phase 2: 103/182, on770 SURVIVED
phase 2: 104/182, on773 SURVIVED
phase 2: 105/182, on775 SURVIVED
phase 2: 106/182, on780 SURVIVED
phase 2: 107/182, on781 SURVIVED
phase 2: 108/182, on782 SURVIVED
phase 2: 109/182, on783 SURVIVED
phase 2: 110/182, on785 KILLED
phase 2: 111/182, on786 KILLED
phase 2: 112/182, on788 KILLED
phase 2: 113/182, on789 KILLED
phase 2: 114/182, on790 KILLED
phase 2: 115/182, on791 KILLED
phase 2: 116/182, on792 KILLED
phase 2: 117/182, on793 KILLED
phase 2: 118/182, on794 KILLED
phase 2: 119/182, on795 KILLED
phase 2: 120/182, on796 KILLED
phase 2: 121/182, on797 KILLED
phase 2: 122/182, on798 KILLED
phase 2: 123/182, on799 KILLED
phase 2: 124/182, on800 KILLED
phase 2: 125/182, on801 KILLED
phase 2: 126/182, on802 KILLED
phase 2: 127/182, on803 KILLED
phase 2: 128/182, on804 KILLED
phase 2: 129/182, on805 KILLED
phase 2: 130/182, on806 KILLED
phase 2: 131/182, on807 KILLED
phase 2: 132/182, on808 KILLED
phase 2: 133/182, on810 KILLED
phase 2: 134/182, on811 KILLED
phase 2: 135/182, on812 KILLED
phase 2: 136/182, on813 KILLED
phase 2: 137/182, on814 KILLED
phase 2: 138/182, on815 KILLED
phase 2: 139/182, on816 KILLED
phase 2: 140/182, on817 KILLED
phase 2: 141/182, on818 KILLED
phase 2: 142/182, on819 KILLED
phase 2: 143/182, on820 KILLED
phase 2: 144/182, on821 KILLED
phase 2: 145/182, on822 KILLED
phase 2: 146/182, on823 KILLED
phase 2: 147/182, on824 KILLED
phase 2: 148/182, on825 KILLED
phase 2: 149/182, on826 KILLED
phase 2: 150/182, on827 KILLED
phase 2: 151/182, on828 KILLED
phase 2: 152/182, on829 KILLED
phase 2: 153/182, on830 KILLED
phase 2: 154/182, on831 KILLED
phase 2: 155/182, on832 KILLED
phase 2: 156/182, on833 KILLED
phase 2: 157/182, on834 KILLED
phase 2: 158/182, on835 KILLED
phase 2: 159/182, on836 KILLED
phase 2: 160/182, on838 KILLED
phase 2: 161/182, on839 KILLED
phase 2: 162/182, on840 KILLED
phase 2: 163/182, on842 KILLED
phase 2: 164/182, on843 KILLED
phase 2: 165/182, on849 SURVIVED
phase 2: 166/182, on852 SURVIVED
phase 2: 167/182, on854 SURVIVED
phase 2: 168/182, on857 SURVIVED
phase 2: 169/182, on861 KILLED
phase 2: 170/182, on864 KILLED
phase 2: 171/182, on865 KILLED
phase 2: 172/182, on867 KILLED
phase 2: 173/182, on869 SURVIVED
phase 2: 174/182, on870 SURVIVED
phase 2: 175/182, on871 KILLED
phase 2: 176/182, on872 SURVIVED
phase 2: 177/182, on874 SURVIVED
phase 2: 178/182, on882 KILLED
phase 2: 179/182, on883 KILLED
phase 2: 180/182, on87 SURVIVED
phase 2: 181/182, on218 SURVIVED
phase 2: 182/182, on338 KILLED
