✔ [live-sources-006] reject row 0 (37.210758ms)
✔ [live-sources-006] reject row 1 (4.407968ms)
✔ [live-sources-006] reject row 2 (4.480035ms)
✔ [live-sources-006] reject row 3 (4.800287ms)
✔ [live-sources-006] reject row 4 (4.928717ms)
✔ [live-sources-006] reject row 5 (4.056988ms)
✔ [live-sources-006] reject row 6 (3.381902ms)
✔ [live-sources-006] reject row 7 (3.478885ms)
✔ [live-sources-006] reject row 8 (4.205745ms)
✔ [live-sources-006] reject row 9 (5.019083ms)
✔ [live-sources-006] reject row 10 (3.019085ms)
✔ [live-sources-006] reject row 11 (2.999597ms)
✔ [live-sources-006] reject row 12 (7.927468ms)
✔ [live-sources-006] reject row 13 (3.133437ms)
✔ [live-sources-006] reject URL 0 (3.647279ms)
✔ [live-sources-006] reject URL 1 (2.274543ms)
✔ [live-sources-006] reject URL 2 (1.997607ms)
✔ [live-sources-006] reject URL 3 (2.324281ms)
✔ [live-sources-006] reject URL 4 (2.264972ms)
✔ [live-sources-006] reject URL 5 (2.022666ms)
✔ [live-sources-006] reject URL 6 (2.336653ms)
✔ [live-sources-006] reject URL 7 (2.730203ms)
✔ [live-sources-006] reject URL 8 (3.296321ms)
✔ [live-sources-006] reject URL 9 (4.557731ms)
✔ [live-sources-006] reject URL 10 (2.603444ms)
✔ [live-sources-006] reject URL 11 (2.624415ms)
✔ [live-sources-006] reject URL 12 (2.155915ms)
✔ [live-sources-006] accept boundary 41 (6.187769ms)
✔ [live-sources-006] accept boundary 57.5 (2.900091ms)
✔ [live-sources-006] select the first view without down (5.293228ms)
✔ [live-sources-006] select the first down view (4.166674ms)
✔ [live-sources-007] set all source fields (4.819542ms)
✔ [live-sources-007] use lower case fields and hash pose (5.38054ms)
✔ [live-sources-008] apply cap undefined (80.845565ms)
✔ [live-sources-008] apply cap  (56.410272ms)
✔ [live-sources-008] apply cap bad (44.047525ms)
✔ [live-sources-008] apply cap Infinity (36.076396ms)
✔ [live-sources-008] apply cap 3 (37.797759ms)
✔ [live-sources-008] apply cap 9.9 (35.957278ms)
✔ [live-sources-008] apply cap 2000 (37.767977ms)
✔ [live-sources-008] use the last duplicate (3.119233ms)
✔ [live-sources-009] reject data null (2.039965ms)
✔ [live-sources-009] reject data {} (1.737026ms)
✔ [live-sources-009] reject data "rows" (1.958156ms)
✔ [live-sources-009] reject data 0 (1.787899ms)
✔ [live-sources-005] return no rows after a data error (2.71825ms)
✔ [live-sources-007] use field precedence (3.096705ms)
✔ [live-sources-008] use each nearest anchor (3.73178ms)
✔ [live-sources-006] reject null ID fields (2.210163ms)
✔ [live-sources-007] use roadway and blank direction (2.622501ms)
✔ [live-sources-006] accept an empty row list (2.089417ms)
✔ [live-sources-008] log both source counts (3.003188ms)
✔ [live-sources-006] reject views without a data error (2.396682ms)
✔ [live-sources-006] accept every ID character (2.307167ms)
✔ [live-sources-007] convert row values to text and numbers (3.983358ms)
✔ [live-sources-006] reject a numeric status without a data error (2.398531ms)
✔ [live-sources-006] accept URL object (2.213629ms)
✔ [live-sources-006] accept URL edge spaces (1.827172ms)
✔ [live-sources-006 live-sources-007] select a view with downhill (2.220084ms)
✔ [live-sources-007] use capitalized text fields first (2.503047ms)
✔ [live-sources-006 live-sources-007] reject zero upper Latitude (2.046345ms)
✔ [live-sources-006 live-sources-007] reject zero upper Longitude (1.686875ms)
✔ [live-sources-006] skip fields after a row guard (2.512355ms)
✔ [live-sources-007] read latitude before longitude (2.711284ms)
✔ [live-sources-007] read location before roadway (2.912664ms)
ℹ tests 65
ℹ suites 0
ℹ pass 65
ℹ fail 0
ℹ cancelled 0
ℹ skipped 0
ℹ todo 0
ℹ duration_ms 818.632387
