Command: taskset -c 8-11 nice -n 19 node --test --test-isolation=none src/data/cctvMediaRange.test.mjs
✔ single well-formed byte ranges pass through canonicalized (11.588622ms)
✔ multi-range is dropped so the upstream never answers multipart/byteranges (1.270182ms)
✔ malformed, non-byte and CR/LF-bearing values are dropped, not forwarded (1.39719ms)
✔ non-string and empty inputs yield no Range header (1.253352ms)
✔ every accepted form is bounded to the relay body cap (2.008789ms)
✔ inverted and unsafe-integer positions are dropped (1.255895ms)
✔ a canonical range reaches the upstream and its 206 is passed through (142.517025ms)
✔ an unbounded seek is bounded before it is forwarded (11.575465ms)
✔ a rejected range is dropped and the request proceeds without one (9.773681ms)
✔ a rejected range leaves the camera health report untouched (12.684786ms)
✔ a multi-range request is served whole rather than as multipart (9.009575ms)
✔ an upstream 416 is reported as the upstream status, not as a proxy error (6.191662ms)
✔ an upstream that ignores the range still serves its whole body (7.944664ms)
✔ an oversized declared body is refused even when a bounded range asked for it (11.100376ms)
✔ a client that disconnects mid-stream stops the upstream read (701.53397ms)
✔ a client that leaves before the headers arrive cancels the upstream request (417.144844ms)
    [range] folded CR/LF request was refused by the HTTP parser
✔ a folded CR/LF range never reaches the upstream through a real client (14.387821ms)
✔ two sequential seeks are served as two partial responses (13.568061ms)
✔ an upstream that goes silent after its headers is released at the idle deadline (25.412464ms)
✔ a live feed that keeps producing is not cut off by the idle deadline (47.495364ms)
✔ a client that cannot keep up is not mistaken for a stalled upstream (16.041122ms)
ℹ tests 21
ℹ suites 0
ℹ pass 21
ℹ fail 0
ℹ cancelled 0
ℹ skipped 0
ℹ todo 0
ℹ duration_ms 1873.257593
