053-no-delete: KILLED [recent-imagery-023 recent-imagery-026 recent-imagery-053] the fetch errors and stop errors give dif; [recent-imagery-053] a later request starts after external AbortError
053-delete-new: KILLED [recent-imagery-053] an old fetch cannot remove a new entry
053-delete-proof: KILLED [recent-imagery-053] a present day keeps proof after fetch cancellation
053-delete-success: KILLED [recent-imagery-023 recent-imagery-026 recent-imagery-053] the fetch errors and stop errors give dif; [recent-imagery-053] a later request starts after external AbortError; [recent-imagery-053] a present day keeps proof after fetch cancellation; [recent-imagery-053] an old fetch cannot remove a new 
054-own: KILLED [recent-imagery-016 recent-imagery-054] the unknown products and an absent snapshot box fail; [recent-imagery-054] the model does not read a parent product getter; [recent-imagery-054] the model rejects parent product keys
054-no-products: KILLED [recent-imagery-011 recent-imagery-013] absent lists and footprints have known results; [recent-imagery-011] a nonfinite cloud number alone stays unknown; [recent-imagery-011] a start time that the model cannot read alone gives no time range; [recent-imagery-011] an empty group cannot create an empt
054-group: KILLED [recent-imagery-054] the model does not read a parent product getter; [recent-imagery-054] the model rejects parent product keys
054-rank: KILLED [recent-imagery-054] the model does not read a parent product getter; [recent-imagery-054] the model rejects parent product keys
054-readout: KILLED [recent-imagery-054] the model does not read a parent product getter; [recent-imagery-054] the model rejects parent product keys
054-gibs: KILLED [recent-imagery-054] the model does not read a parent product getter; [recent-imagery-054] the model rejects parent product keys
054-wvs: KILLED [recent-imagery-016 recent-imagery-054] the unknown products and an absent snapshot box fail; [recent-imagery-054] the model does not read a parent product getter; [recent-imagery-054] the model rejects parent product keys
055-no-reveal: KILLED [recent-imagery-049 recent-imagery-055] DETAILS keeps the card position; [recent-imagery-049 recent-imagery-055] an open DETAILS card does not request scroll again; [recent-imagery-055] DETAILS does not move the body when it closes
055-close-reveal: KILLED [recent-imagery-049 recent-imagery-055] DETAILS keeps the card position; [recent-imagery-055] DETAILS does not move the body when it closes
055-restore: KILLED [recent-imagery-049 recent-imagery-055] DETAILS keeps the card position; [recent-imagery-049 recent-imagery-055] an open DETAILS card does not request scroll again; [recent-imagery-055] DETAILS does not move the body when it closes
050-no-restore: KILLED [recent-imagery-050] the body scroll position survives content updates
056-lon: KILLED [recent-imagery-056] the invalid coordinates give unknown coverage
056-lat: KILLED [recent-imagery-013 recent-imagery-056] a latitude that is not finite gives unknown coverage; [recent-imagery-013 recent-imagery-056] an invalid footprint point gives unknown coverage; [recent-imagery-056] the invalid coordinates give unknown coverage
056-every: KILLED [recent-imagery-013 recent-imagery-056] a latitude that is not finite gives unknown coverage; [recent-imagery-013 recent-imagery-056] an invalid footprint point gives unknown coverage; [recent-imagery-056] the invalid coordinates give unknown coverage
056-array: KILLED [recent-imagery-013] coverage samples the box corners and centre against the union of footprints
056-length: KILLED [recent-imagery-013] a short polygon alone gives unknown coverage
SURVIVORS: []
