✖ [recent-imagery-049 recent-imagery-050 recent-imagery-055] an open DETAILS card does not request scroll again (126.286558ms)
ℹ tests 1
ℹ suites 0
ℹ pass 0
ℹ fail 1
ℹ cancelled 0
ℹ skipped 0
ℹ todo 0
ℹ duration_ms 362.467402

✖ failing tests:

test at src/ui/recentImagery.test.mjs:2460:1
✖ [recent-imagery-049 recent-imagery-050 recent-imagery-055] an open DETAILS card does not request scroll again (126.286558ms)
  AssertionError [ERR_ASSERTION]: Expected values to be strictly deep-equal:
  + actual - expected
  
    {
  +   requests: [
  +     20
  +   ],
  +   scrollTop: 20
  -   requests: [],
  -   scrollTop: 10
    }
  
      at TestContext.<anonymous> (file:///home/ianblenke/docker/gev-work/fix-ri/src/ui/recentImagery.test.mjs:2468:10)
      at async Test.run (node:internal/test_runner/test:1409:7)
      at async startSubtestAfterBootstrap (node:internal/test_runner/harness:387:3) {
    generatedMessage: true,
    code: 'ERR_ASSERTION',
    actual: [Object],
    expected: [Object],
    operator: 'deepStrictEqual',
    diff: 'simple'
  }
