✖ [live-sources-005] write the warning for a row error with the key text (39.78725ms)
ℹ tests 1
ℹ suites 0
ℹ pass 0
ℹ fail 1
ℹ cancelled 0
ℹ skipped 0
ℹ todo 0
ℹ duration_ms 244.548726

✖ failing tests:

test at src/data/cctvOntarioRows.test.mjs:297:1
✖ [live-sources-005] write the warning for a row error with the key text (39.78725ms)
  AssertionError [ERR_ASSERTION]: Expected values to be strictly deep-equal:
  + actual - expected

  + []
  - [
  -   '[CCTV] Ontario 511 camera data has an error.'
  - ]

      at TestContext.<anonymous> (file:///tmp/ont-pass3-tree/src/data/cctvOntarioRows.test.mjs:314:10)
      at async Test.run (node:internal/test_runner/test:1409:7)
      at async startSubtestAfterBootstrap (node:internal/test_runner/harness:387:3) {
    generatedMessage: true,
    code: 'ERR_ASSERTION',
    actual: [],
    expected: [Array],
    operator: 'deepStrictEqual',
    diff: 'simple'
  }
