✖ [live-sources-005] keep the fetch error secret (45.37703ms)
ℹ tests 1
ℹ suites 0
ℹ pass 0
ℹ fail 1
ℹ cancelled 0
ℹ skipped 0
ℹ todo 0
ℹ duration_ms 172.19491

✖ failing tests:

test at src/data/cctvOntarioKey.test.mjs:92:3
✖ [live-sources-005] keep the fetch error secret (45.37703ms)
  AssertionError [ERR_ASSERTION]: Expected values to be strictly equal:

  true !== false

      at TestContext.<anonymous> (file:///tmp/ont-pass3-tree/src/data/cctvOntarioKey.test.mjs:105:12)
      at async Test.run (node:internal/test_runner/test:1409:7)
      at async startSubtestAfterBootstrap (node:internal/test_runner/harness:387:3) {
    generatedMessage: true,
    code: 'ERR_ASSERTION',
    actual: true,
    expected: false,
    operator: 'strictEqual',
    diff: 'simple'
  }
