✔ [live-sources-005] keep key text inside a fetch error out of the warning (40.161566ms)
✔ [live-sources-002] send the application/json Accept header (11.092783ms)
✔ [live-sources-002] use a timeout of 15000 milliseconds (16.412005ms)
✔ [live-sources-002] trim spaces from the key (10.588895ms)
✔ [live-sources-004] return an empty list for an HTTP error with JSON rows (10.708158ms)
✔ [live-sources-005] keep the camera data error secret (57.944629ms)
✔ [live-sources-002] map the Ontario rows (17.957756ms)
✔ [live-sources-005] keep the json error secret (11.896266ms)
✔ [live-sources-005] keep the fetch error secret (10.898249ms)
✔ [live-sources-004] write one warning for an invalid key (222.427271ms)
✔ [live-sources-003] make no request without a key (10.156982ms)
✔ [live-sources-002] send the key parameter (8.485777ms)
ℹ tests 12
ℹ suites 0
ℹ pass 12
ℹ fail 0
ℹ cancelled 0
ℹ skipped 0
ℹ todo 0
ℹ duration_ms 560.255313
