✔ [live-sources-006] return an empty list for a null row (67.980264ms)
✔ [live-sources-006] return an empty list for a row without an ID (9.812979ms)
✔ [live-sources-006] return an empty list for a row with a blank ID (19.574575ms)
✔ [live-sources-006] return an empty list for a row with a nonfinite latitude (23.69663ms)
✔ [live-sources-006] return an empty list for a row with a nonfinite longitude (26.16868ms)
✔ [live-sources-006] return an empty list for a row south of Ontario (24.891379ms)
✔ [live-sources-006] return an empty list for a row north of Ontario (18.84802ms)
✔ [live-sources-006] return an empty list for a row west of Ontario (17.545497ms)
✔ [live-sources-006] return an empty list for a row east of Ontario (20.856108ms)
✔ [live-sources-006] return an empty list for a null views list (24.642897ms)
✔ [live-sources-006] return an empty list for a views object (28.063836ms)
✔ [live-sources-006] return an empty list for an empty views list (36.239088ms)
✔ [live-sources-006] return an empty list for a null view (12.423543ms)
✔ [live-sources-006] return an empty list for a disabled view (12.734609ms)
✔ [live-sources-006] return an empty list for blank URL text (19.896544ms)
✔ [live-sources-006] return an empty list for absent URL text (26.912718ms)
✔ [live-sources-006] return an empty list for invalid URL text (3.030014ms)
✔ [live-sources-006] return an empty list for another URL path (7.038296ms)
✔ [live-sources-006] return an empty list for an HTTP URL (7.828249ms)
✔ [live-sources-006] return an empty list for another URL host name (9.742664ms)
✔ [live-sources-006] return an empty list for the traveliq.co root URL host name (8.836199ms)
✔ [live-sources-006] return an empty list for a slash ID (23.940883ms)
✔ [live-sources-006] return an empty list for invalid percent text (24.893594ms)
✔ [live-sources-006] return an empty list for a URL path prefix (19.784411ms)
✔ [live-sources-006] return an empty list for a URL path suffix (11.184993ms)
✔ [live-sources-006] return an empty list for an ID with a slash at the start (9.217071ms)
✔ [live-sources-006] return an empty list for an ID with a slash at the end (14.902155ms)
✔ [live-sources-006] return an empty list for the x511on.ca URL host name (11.519544ms)
✔ [live-sources-006] return an empty list for the www.511on.ca URL host name (17.85475ms)
✔ [live-sources-006] return an empty list for an ID with a space (8.36213ms)
✔ [live-sources-006] return an empty list for an ID with a non-ASCII character (10.750458ms)
✔ [live-sources-006] accept latitude 41 and longitude -95.6 at the Ontario bounds (26.579962ms)
✔ [live-sources-006] accept latitude 57.5 and longitude -74 at the Ontario bounds (9.106208ms)
✔ [live-sources-006] select the first view without down (12.236105ms)
✔ [live-sources-006] select the first view when all descriptions have down (14.094133ms)
✔ [live-sources-007] set all source fields (14.696896ms)
✔ [live-sources-007] use lower case fields and hash pose (22.230576ms)
✔ [live-sources-008] apply cap undefined (253.074942ms)
✔ [live-sources-008] apply cap  (183.583236ms)
✔ [live-sources-008] apply cap bad (124.7932ms)
✔ [live-sources-008] apply cap Infinity (101.902739ms)
✔ [live-sources-008] apply cap 3 (98.361621ms)
✔ [live-sources-008] apply cap 9.9 (50.384226ms)
✔ [live-sources-008] apply cap 2000 (103.393548ms)
✔ [live-sources-008] use the last duplicate (18.673794ms)
✔ [live-sources-009] return an empty list for non-array data null (9.781197ms)
✔ [live-sources-009] return an empty list for non-array data {} (3.150415ms)
✔ [live-sources-009] return an empty list for non-array data "rows" (3.23264ms)
✔ [live-sources-009] return an empty list for non-array data 0 (7.185216ms)
✔ [live-sources-005] write the warning for a row error with the key text (11.740484ms)
✔ [live-sources-007] use capitalized ID and coordinates before lower case fields (8.598489ms)
✔ [live-sources-008] use each nearest anchor (6.167575ms)
✔ [live-sources-006] return an empty list for null ID fields (4.494401ms)
✔ [live-sources-007] use Roadway first and view direction after blank Direction (5.817234ms)
✔ [live-sources-006] return an empty source list for an empty row list (4.499264ms)
✔ [live-sources-008] log both source counts (5.915138ms)
✔ [live-sources-006] return an empty list without a warning for invalid views (4.237211ms)
✔ [live-sources-006] accept every ID character (2.81387ms)
✔ [live-sources-007] convert row values to text and numbers (6.75142ms)
✔ [live-sources-006] return an empty list without a warning for a numeric status (2.664229ms)
✔ [live-sources-006] accept URL object (2.807765ms)
✔ [live-sources-006] accept URL text with spaces at the start and end (2.296554ms)
✔ [live-sources-006 live-sources-007] select a view with downhill (6.402772ms)
✔ [live-sources-007] use capitalized text fields first (7.719358ms)
✔ [live-sources-006 live-sources-007] return an empty list for zero capitalized Latitude (11.375562ms)
✔ [live-sources-006 live-sources-007] return an empty list for zero capitalized Longitude (8.998321ms)
✔ [live-sources-006] skip fields after a row guard (10.13262ms)
✔ [live-sources-007] read latitude before longitude (3.330797ms)
✔ [live-sources-007] read location before roadway (3.203625ms)
ℹ tests 69
ℹ suites 0
ℹ pass 69
ℹ fail 0
ℹ cancelled 0
ℹ skipped 0
ℹ todo 0
ℹ duration_ms 2479.56806
