✖ [live-sources-002] use a timeout of 15000 milliseconds (44.983843ms)
ℹ tests 1
ℹ suites 0
ℹ pass 0
ℹ fail 1
ℹ cancelled 0
ℹ skipped 0
ℹ todo 0
ℹ duration_ms 166.6285

✖ failing tests:

test at src/data/cctvOntarioKey.test.mjs:176:1
✖ [live-sources-002] use a timeout of 15000 milliseconds (44.983843ms)
  AssertionError [ERR_ASSERTION]: Expected values to be strictly deep-equal:
  + actual - expected

    [
  +   1
  -   15000
    ]

      at TestContext.<anonymous> (file:///tmp/ont-pass3-tree/src/data/cctvOntarioKey.test.mjs:185:10)
      at async Test.run (node:internal/test_runner/test:1409:7)
      at async startSubtestAfterBootstrap (node:internal/test_runner/harness:387:3) {
    generatedMessage: true,
    code: 'ERR_ASSERTION',
    actual: [Array],
    expected: [Array],
    operator: 'deepStrictEqual',
    diff: 'simple'
  }
