✖ [live-sources-002] send the application/json Accept header (42.884956ms)
ℹ tests 1
ℹ suites 0
ℹ pass 0
ℹ fail 1
ℹ cancelled 0
ℹ skipped 0
ℹ todo 0
ℹ duration_ms 167.425928

✖ failing tests:

test at src/data/cctvOntarioKey.test.mjs:189:1
✖ [live-sources-002] send the application/json Accept header (42.884956ms)
  AssertionError [ERR_ASSERTION]: Expected values to be strictly equal:
  + actual - expected

  + 'text/plain'
  - 'application/json'

      at TestContext.<anonymous> (file:///tmp/ont-pass3-tree/src/data/cctvOntarioKey.test.mjs:192:10)
      at async Test.run (node:internal/test_runner/test:1409:7)
      at async startSubtestAfterBootstrap (node:internal/test_runner/harness:387:3) {
    generatedMessage: true,
    code: 'ERR_ASSERTION',
    actual: 'text/plain',
    expected: 'application/json',
    operator: 'strictEqual',
    diff: 'simple'
  }
