copy failed [Error: ENOENT: no such file or directory, stat 'node_modules/cesium/Build/Cesium/Assets'] {
  errno: -2,
  code: 'ENOENT',
  syscall: 'stat',
  path: 'node_modules/cesium/Build/Cesium/Assets'
}
✔ [credential-boundary-001] a fixture build exposes only the allowed sentinels (830.205935ms)
✔ [credential-boundary-001] every secret sentinel stays out of the built output, by name (2.182395ms)
✔ [credential-boundary-002] a VITE_ value outside the AIS prefix never reaches the bundle (0.96695ms)
✔ [credential-boundary-016] the server key stays out of the bundle and out of main.js, and a failure names it (2.355819ms)
✔ [credential-boundary-004] no key-shaped literal appears in browser source (529.333237ms)
✔ [credential-boundary-015] no direct call to Google geocoding remains in the browser source (333.637215ms)
ℹ tests 6
ℹ suites 0
ℹ pass 6
ℹ fail 0
ℹ cancelled 0
ℹ skipped 0
ℹ todo 0
ℹ duration_ms 3264.277753
