✔ [live-sources-002] send the key parameter (29.291216ms)
✔ [live-sources-003] stop without a key (3.864483ms)
✔ [live-sources-004] reject the invalid key once (163.572733ms)
✔ [live-sources-005] keep the fetch error secret (3.106286ms)
✔ [live-sources-005] keep the json error secret (3.432657ms)
✔ [live-sources-002] map the Ontario rows (37.84998ms)
✔ [live-sources-005] keep the camera data error secret (9.176732ms)
✔ [live-sources-004] reject an HTTP error with JSON rows (2.449446ms)
ℹ tests 8
ℹ suites 0
ℹ pass 8
ℹ fail 0
ℹ cancelled 0
ℹ skipped 0
ℹ todo 0
ℹ duration_ms 361.40029
ℹ start of coverage report
ℹ ---------------------------------------------------------------------
ℹ file                 | line % | branch % | funcs % | uncovered lines
ℹ ---------------------------------------------------------------------
ℹ server               |        |          |         | 
ℹ  providers           |        |          |         | 
ℹ   cctv               |        |          |         | 
ℹ    ontarioRequest.js | 100.00 |   100.00 |  100.00 | 
ℹ ---------------------------------------------------------------------
ℹ all files            | 100.00 |   100.00 |  100.00 | 
ℹ ---------------------------------------------------------------------
ℹ end of coverage report
