✔ a Calgary row maps to a source on the pinned HTTPS frame host (11.291878ms)
✔ no heading is derived from the quadrant or the address suffix (4.402172ms)
✔ rows outside Calgary, off-host frames and unusable geometry are dropped (1.962183ms)
✔ frame URLs upgrade to HTTPS and ids stay stable (3.874197ms)
✔ a nameless row still gets a label (0.952155ms)
✔ the loader reads the keyless catalog and collapses duplicate ids (229.380343ms)
✔ an upstream failure yields an empty pack and releases the response (8.369872ms)
✔ the unselected label is the intersection, trimmed to the code width (1.53496ms)
✔ the catalog fetch refuses redirects and oversized bodies (28.766915ms)
✔ a reduced catalog cap thins every pack instead of dropping Calgary (6.44668ms)
✔ the Calgary lane is wired into the catalog and its loader runs (58.330506ms)
✔ CCTV_CALGARY_ENABLED=0 keeps the lane from being loaded at all (13.088665ms)
✔ the shipped catalog ceiling is not raised to make room for this pack (0.644656ms)
ℹ tests 13
ℹ suites 0
ℹ pass 13
ℹ fail 0
ℹ cancelled 0
ℹ skipped 0
ℹ todo 0
ℹ duration_ms 529.082929
ℹ start of coverage report
ℹ ------------------------------------------------------------------------------------------------------------------------------------------------------------------------------------------------------------------------------------------------------------------------------------------------------------------------------------------------------------------------------------------------------------------------
ℹ file          | line % | branch % | funcs % | uncovered lines
ℹ ------------------------------------------------------------------------------------------------------------------------------------------------------------------------------------------------------------------------------------------------------------------------------------------------------------------------------------------------------------------------------------------------------------------------
ℹ server        |        |          |         | 
ℹ  providers    |        |          |         | 
ℹ   cctv        |        |          |         | 
ℹ    sources.js |  51.87 |    47.88 |   69.23 | 103-105 112-164 172-185 224-229 232-293 330-332 338-377 391-393 403-406 414-432 440-457 471-520 537-539 581-585 587-589 593-656 668-673 686-696 728-730 736-786 801-806 831-893 934-939 984 987-1053 1078-1094 1109-1119 1145-1147 1149-1151 1165-1201 1213-1218 1242 1245-1277 1290-1297 1307-1348 1366-1368 1384-1386 1433-1434 1541-1542 1595-1597 1603-1671 1683-1688
ℹ ------------------------------------------------------------------------------------------------------------------------------------------------------------------------------------------------------------------------------------------------------------------------------------------------------------------------------------------------------------------------------------------------------------------------
ℹ all files     |  51.87 |    47.88 |   69.23 | 
ℹ ------------------------------------------------------------------------------------------------------------------------------------------------------------------------------------------------------------------------------------------------------------------------------------------------------------------------------------------------------------------------------------------------------------------------
ℹ end of coverage report
