✔ [live-sources-002] send the key parameter (37.727625ms)
✔ [live-sources-003] stop without a key (11.591411ms)
✔ [live-sources-004] reject the invalid key once (230.182027ms)
✔ [live-sources-005] keep the fetch error secret (4.281088ms)
✔ [live-sources-005] keep the json error secret (4.737005ms)
✔ [live-sources-002] map the Ontario rows (49.377791ms)
✔ [live-sources-005] keep the camera data error secret (11.513683ms)
✔ [live-sources-004] reject an HTTP error with JSON rows (3.179651ms)
ℹ tests 8
ℹ suites 0
ℹ pass 8
ℹ fail 0
ℹ cancelled 0
ℹ skipped 0
ℹ todo 0
ℹ duration_ms 489.325603
ℹ start of coverage report
ℹ ------------------------------------------------------------------------------------------------------------------------------------------------------------------------------------------------------------------------------------------------------------------------
ℹ file          | line % | branch % | funcs % | uncovered lines
ℹ ------------------------------------------------------------------------------------------------------------------------------------------------------------------------------------------------------------------------------------------------------------------------
ℹ server        |        |          |         | 
ℹ  providers    |        |          |         | 
ℹ   cctv        |        |          |         | 
ℹ    sources.js |  29.07 |    43.28 |   29.03 | 96-186 200-307 320-394 424-425 430-431 570-674 686-696 722-807 822-894 905-959 971-1064 1073-1096 1105-1121 1133-1219 1229-1278 1290-1297 1307-1348 1357-1387 1401-1413 1427-1442 1454-1459 1478-1518 1527-1585 1588-1689
ℹ ------------------------------------------------------------------------------------------------------------------------------------------------------------------------------------------------------------------------------------------------------------------------
ℹ all files     |  29.07 |    43.28 |   29.03 | 
ℹ ------------------------------------------------------------------------------------------------------------------------------------------------------------------------------------------------------------------------------------------------------------------------
ℹ end of coverage report
