✔ a Calgary row maps to a source on the pinned HTTPS frame host (11.415615ms)
✔ no heading is derived from the quadrant or the address suffix (4.254137ms)
✔ rows outside Calgary, off-host frames and unusable geometry are dropped (1.600032ms)
✔ frame URLs upgrade to HTTPS and ids stay stable (4.221615ms)
✔ a nameless row still gets a label (1.028537ms)
✔ the loader reads the keyless catalog and collapses duplicate ids (230.104341ms)
✔ an upstream failure yields an empty pack and releases the response (7.870478ms)
✔ the unselected label is the intersection, trimmed to the code width (1.414699ms)
✔ the catalog fetch refuses redirects and oversized bodies (27.15891ms)
✔ a reduced catalog cap thins every pack instead of dropping Calgary (6.277916ms)
✔ the Calgary lane is wired into the catalog and its loader runs (48.665373ms)
✔ CCTV_CALGARY_ENABLED=0 keeps the lane from being loaded at all (12.25171ms)
✔ the shipped catalog ceiling is not raised to make room for this pack (0.593937ms)
ℹ tests 13
ℹ suites 0
ℹ pass 13
ℹ fail 0
ℹ cancelled 0
ℹ skipped 0
ℹ todo 0
ℹ duration_ms 518.320305
ℹ start of coverage report
ℹ ---------------------------------------------------------------------------------------------------------------------------------------------------------------------------------------------------------------------------------------------------------------------------------------------------------------------------------------------------------------------------------------------------------------------------------
ℹ file          | line % | branch % | funcs % | uncovered lines
ℹ ---------------------------------------------------------------------------------------------------------------------------------------------------------------------------------------------------------------------------------------------------------------------------------------------------------------------------------------------------------------------------------------------------------------------------------
ℹ server        |        |          |         | 
ℹ  providers    |        |          |         | 
ℹ   cctv        |        |          |         | 
ℹ    sources.js |  51.91 |    47.59 |   69.23 | 103-105 112-164 172-185 224-229 232-293 330-332 338-377 391-393 403-406 414-432 440-457 474-476 482-531 548-553 595-599 601-603 607-670 682-687 700-710 742-744 750-800 815-820 845-907 948-953 998 1001-1067 1092-1108 1123-1133 1159-1161 1163-1165 1179-1215 1227-1232 1256 1259-1291 1304-1311 1321-1362 1380-1382 1398-1400 1447-1448 1555-1556 1609-1611 1617-1685 1697-1702
ℹ ---------------------------------------------------------------------------------------------------------------------------------------------------------------------------------------------------------------------------------------------------------------------------------------------------------------------------------------------------------------------------------------------------------------------------------
ℹ all files     |  51.91 |    47.59 |   69.23 | 
ℹ ---------------------------------------------------------------------------------------------------------------------------------------------------------------------------------------------------------------------------------------------------------------------------------------------------------------------------------------------------------------------------------------------------------------------------------
ℹ end of coverage report
