✔ [director-076] The asset path accepts safe names (37.363974ms)
✔ [director-076] The asset path rejects traversal (3.404029ms)
✔ [director-077] The manifest rejects invalid version (2.97961ms)
✔ [director-077] The manifest rejects invalid format (1.566175ms)
✔ [director-077] The manifest accepts geojson (1.810137ms)
✔ [director-077] The manifest accepts image (1.933161ms)
✔ [director-077] The manifest accepts media (1.551786ms)
✔ [director-078] The attribution rejects protocol (1.787015ms)
✔ [director-078] The attribution rejects username (1.694889ms)
✔ [director-078] The attribution rejects password (2.355612ms)
✔ [director-078] The attribution rejects query (1.570191ms)
✔ [director-078] The attribution rejects fragment (1.315283ms)
✔ [director-078] The attribution rejects invalid URL text (1.363621ms)
✔ [director-078] The attribution accepts a safe link (0.992837ms)
✔ [director-078] The attribution rejects blank text (1.274833ms)
✔ [director-078] The attribution rejects blank license (1.233086ms)
✔ [director-079] The byte length rejects a fraction (1.227338ms)
✔ [director-079] The digest rejects invalid type (1.25782ms)
✔ [director-079] The digest rejects invalid alphabet (1.204818ms)
✔ [director-079] The integrity fields accept their limits (1.651509ms)
✔ [director-080] The image rejects reversed west (1.325908ms)
✔ [director-080] The image rejects reversed south (1.161416ms)
✔ [director-080] The image rejects short bounds (1.095408ms)
✔ [director-080] The image rejects bounds field 0 (1.077782ms)
✔ [director-080] The image rejects bounds field 1 (1.041682ms)
✔ [director-080] The image rejects bounds field 2 (0.997078ms)
✔ [director-080] The image rejects bounds field 3 (1.001373ms)
✔ [director-080] The image rejects height and reference (1.439373ms)
✔ [director-081] The media rejects an unknown anchor (1.09939ms)
✔ [director-082] The scene rejects duplicate data pack IDs (2.282409ms)
✔ [director-082] The shot rejects duplicate data pack IDs (1.672275ms)
✔ [director-082] The shot rejects unknown data pack IDs (1.461978ms)
✔ [director-082] The scene accepts absent data packs and anchors (1.72441ms)
✔ [director-083] The collection rejects invalid type (1.838624ms)
✔ [director-083] The collection rejects invalid array (1.00438ms)
✔ [director-083] The collection rejects more than 2000 features (22.311824ms)
✔ [director-084] The feature rejects type (1.816058ms)
✔ [director-084] The feature rejects ID type (1.147987ms)
✔ [director-084] The feature rejects blank ID (1.00596ms)
✔ [director-084] The feature rejects long ID (1.16791ms)
✔ [director-084] The feature rejects duplicate ID (1.876489ms)
✔ [director-085] The position rejects invalid array (2.34332ms)
✔ [director-085] The position rejects invalid length (1.505616ms)
✔ [director-085] The position rejects a coordinate that is not finite (1.002001ms)
✔ [director-085] The position rejects invalid longitude (0.958746ms)
✔ [director-085] The position rejects invalid latitude (0.919959ms)
✔ [director-085] The position rejects a height below the limit (0.955308ms)
✔ [director-085] The position rejects a height above the limit (0.936399ms)
✔ [director-085] The position total rejects excess (171.887557ms)
✔ [director-085] The position uses zero for absent height (5.894647ms)
✔ [director-085] The position keeps the height in the data (1.349454ms)
✔ [director-086] The line rejects invalid array (1.536564ms)
✔ [director-086] The line rejects invalid minimum (1.223939ms)
✔ [director-086] The ring needs four points (1.243772ms)
✔ [director-086] The line accepts two distinct endpoints (1.115474ms)
✔ [director-086] The ring rejects unclosed field 0 (1.645649ms)
✔ [director-086] The ring rejects unclosed field 1 (1.22567ms)
✔ [director-086] The ring rejects unclosed field 2 (1.245444ms)
✔ [director-087] The geometry rejects invalid type (1.321133ms)
✔ [director-087] The geometry rejects invalid array (1.933995ms)
✔ [director-087] The geometry rejects an empty polygon (1.512237ms)
✔ [director-087] The geometry rejects more than 128 rings (2.299661ms)
✔ [director-087] The geometry returns a closed polygon (1.76777ms)
✔ [director-087] The geometry removes properties (1.517196ms)
✔ [director-088] The new session reports idle state (3.998068ms)
✔ [director-088] The session rejects a value that is not a data pack list (1.869516ms)
✔ [director-088] The session rejects more than eight data packs (1.349535ms)
✔ [director-088] The session rejects destroyed state (1.66902ms)
✔ [director-088] The session rejects cancelled state (1.712712ms)
✔ [director-089] The session disposes handles in reverse order (4.912979ms)
✔ [director-089] The session gives copied state (2.031358ms)
✔ [director-090] The cancelled session disposes late resources (244.13397ms)
✔ [director-090] The session accepts a null late handle (18.726812ms)
✔ [director-090] The session destroys work that is not complete (8.170045ms)
✔ [director-091] The replacement keeps its resources (5.298368ms)
✔ [director-092] The session reports a stable source error (3.298241ms)
✔ [director-092] The deadline rejects stalled work (5.39387ms)
✔ [director-092] The session rejects absent source (2.625873ms)
✔ [director-092] The session rejects absent renderer (1.79098ms)
✔ [director-093] The session rejects bytes that are not a Uint8Array (1.711692ms)
✔ [director-093] The session rejects an empty asset (1.538237ms)
✔ [director-093] The session rejects an asset above the byte limit (1.895205ms)
✔ [director-093] The session rejects a wrong byteLength field (1.770572ms)
✔ [director-093] The session rejects bytes above the total limit (3.079401ms)
✔ [director-093] The session rejects a wrong digest (55.195034ms)
✔ [director-093] The session checks exact bytes and digest (15.079736ms)
✔ [director-089] The session rejects a null handle (2.774536ms)
✔ [director-089] The session rejects a handle without a dispose function (1.698857ms)
✔ [director-094] The directory rejects protocol (1.827832ms)
✔ [director-094] The directory rejects username (0.944719ms)
✔ [director-094] The directory rejects password (0.88057ms)
✔ [director-094] The directory rejects query (0.829904ms)
✔ [director-094] The directory rejects fragment (0.834644ms)
✔ [director-094] The directory rejects an address with no final slash (0.89399ms)
✔ [director-095] The asset request sets its fixed options (171.282939ms)
✔ [director-096] The stream joins distinct chunks (3.007454ms)
✔ [director-096] The stream rejects excess header bytes (2.460195ms)
✔ [director-096] The stream rejects excess chunk bytes (2.492458ms)
✔ [director-096] The stream uses absent MIME default (2.095474ms)
✔ [director-096] The stream normalizes MIME text (2.233307ms)
✔ [director-097] The source rejects an absent stream (1.224209ms)
✔ [director-097] The source accepts failed body cancellation (1.855456ms)
✔ [director-097] The source rejects a failed response without a body (1.351455ms)
✔ [director-097] The stream releases its lock after an error (2.825015ms)
✔ [director-097] The source checks its signal between chunks (2.545283ms)
✔ [director-080] The image accepts its bounds field (1.073573ms)
✔ [director-080] The image accepts its height field (0.989943ms)
✔ [director-080] The image accepts its altitudeReference field (0.86615ms)
✔ [director-081] The media accepts its anchorId field (0.973459ms)
✔ [director-077] The geojson accepts its altitudeReference field (0.872418ms)
✔ [director-080] The image bounds 0 rejects low excess (1.176699ms)
✔ [director-080] The image bounds 0 rejects high excess (0.983222ms)
✔ [director-080] The image bounds 1 rejects low excess (0.975422ms)
✔ [director-080] The image bounds 1 rejects high excess (0.945761ms)
✔ [director-080] The image bounds 2 rejects low excess (0.968937ms)
✔ [director-080] The image bounds 2 rejects high excess (0.940213ms)
✔ [director-080] The image bounds 3 rejects low excess (0.973133ms)
✔ [director-080] The image bounds 3 rejects high excess (0.918241ms)
✔ [director-080] The image height checks both limits (1.309742ms)
✔ [director-082] The scene uses supplied anchors (1.097642ms)
✔ [director-082] The scene uses absent anchor defaults (0.884087ms)
✔ [director-085] The position accepts both geographic edges (1.442035ms)
✔ [director-088] The session state uses its idle default (0.837764ms)
✔ [director-088] The session state uses its zero default (0.639854ms)
✔ [director-089] The session state uses its active total (1.45294ms)
✔ [director-093] The session uses its default byte budget (1.421948ms)
✔ [director-093] The session accepts absent declared size (1.241901ms)
✔ [director-090] The session checks signal state without an event (2.282851ms)
✔ [director-090] The session checks destroyed state after signal access (2.000095ms)
✔ [director-090] The session checks replacement without signal state (56.811078ms)
✔ [director-090] The session guard rejects a detached resource (3.161459ms)
✔ [director-090] The session disposes the handle before it adds the handle to its list (3.056625ms)
✔ [director-092] The session ignores a late source error (5.656134ms)
✔ [director-097] The source rejects early cancellation (2.004594ms)
✔ [director-094] The directory accepts HTTP and HTTPS (0.91163ms)
✔ [director-092] The absent renderer does not call its source (1.71229ms)
✔ [director-095] The asset request sets its credentials option (2.89788ms)
✔ [director-095] The asset request sets its redirect option (2.500222ms)
✔ [director-095] The asset request sets its referrerPolicy option (3.06019ms)
✔ [director-095] The asset request sets its cache option (3.05221ms)
✔ [director-085] The position rejects field 0 that is not finite (1.198871ms)
✔ [director-085] The position rejects field 1 that is not finite (0.973714ms)
✔ [director-085] The position rejects field 2 that is not finite (0.905275ms)
✔ [director-096] The source checks its default byte budget (2.883499ms)
✔ [director-077] The manifest accepts the id field of a data pack (0.94315ms)
✔ [director-077] The manifest accepts the version field of a data pack (0.799155ms)
✔ [director-077] The manifest accepts the format field of a data pack (0.79494ms)
✔ [director-077] The manifest accepts the source field of a data pack (0.89922ms)
✔ [director-077] The manifest accepts the attribution field of a data pack (0.744054ms)
✔ [director-077] The manifest accepts the placement field of a data pack (0.682497ms)
✔ [director-079] The manifest accepts the byteLength field of a data pack (0.734891ms)
✔ [director-079] The manifest accepts the sha256 field of a data pack (0.794122ms)
✔ [director-077] The manifest accepts its source name field (0.657176ms)
✔ [director-077] The manifest accepts its source path field (0.716138ms)
✔ [director-078] The manifest accepts its attribution text field (0.74569ms)
✔ [director-078] The manifest accepts its attribution license field (0.807879ms)
✔ [director-078] The manifest accepts its attribution url field (0.985558ms)
✔ [director-092] The session settles an early internal signal (31.640042ms)
✔ [director-093] The session gives anchors to its renderer (2.832535ms)
✔ [director-089] The session state uses its active status (1.361921ms)
✔ [director-080] The placement selects the image fields (0.881215ms)
✔ [director-081] The placement selects the media fields (0.934699ms)
✔ [director-089] The session loads its geojson format (1.732072ms)
✔ [director-089] The session loads its image format (1.621656ms)
✔ [director-089] The session loads its media format (1.564514ms)
✔ [director-097] The source stops between stream chunks (2.327217ms)
✔ [director-092] The session settles a source error before its deadline (11.732745ms)
✔ [director-092] The session uses its supplied deadline (2.597019ms)
✔ [director-092] The session uses its default deadline (2.043839ms)
✔ [director-092] The session removes resources after a later error (2.039002ms)
✔ [director-089] The session rejects a falsy handle with inherited disposal (2.055369ms)
✔ [director-083] The collection accepts its exact feature limit (21.696887ms)
✔ [director-084] The feature ID accepts its exact text limit (1.150344ms)
✔ [director-085] The position accepts its exact total limit (104.351283ms)
✔ [director-087] The polygon accepts its exact ring limit (3.757208ms)
✔ [director-076] The asset path checks its text limit (1.194225ms)
✔ [director-089] The session keeps every data pack handle (2.200539ms)
✔ [director-095] The asset request sets its signal option (2.677371ms)
✔ [director-096] The stream accepts its exact byte limit (2.506735ms)
✔ [director-092] The session rejects a falsy custom source (1.889682ms)
✔ [director-092] The data pack session reads the byteLength field once without a registered source (2.057433ms)
✔ [director-079] The digest rejects 63 characters (1.074296ms)
✔ [director-079] The digest rejects 65 characters (0.723412ms)
✔ [director-079] The digest rejects uppercase text (0.700297ms)
✔ [director-079] The digest rejects a prefix (0.585084ms)
✔ [director-079] The digest rejects a suffix (0.702837ms)
✔ [director-079] The digest accepts 64 lowercase characters (1.119947ms)
✔ [director-080] The image rejects equal longitude edges (1.086484ms)
✔ [director-080] The image rejects equal latitude edges (0.678189ms)
✔ [director-080] The image accepts all geographic limits (0.779424ms)
✔ [director-088] The session accepts eight data packs (3.064216ms)
✔ [director-093] The session accepts the asset byte limit (2.516174ms)
✔ [director-093] The session accepts the total byte limit (4.003772ms)
✔ [director-093] The session rejects one byte above the total limit (7.468842ms)
✔ [director-083] The decoder rejects invalid UTF8 bytes (1.488234ms)
✔ [director-083] The decoder rejects null (1.348217ms)
✔ [director-084] The decoder rejects a null feature (1.213938ms)
✔ [director-087] The decoder rejects absent geometry (1.272318ms)
✔ [director-093] The source receives the path and the renderer receives the asset and signal (3.230226ms)
✔ [director-088] The session checks every declaration before the source call (1.591821ms)
✔ [director-089] The session destroys each ready resource (2.612723ms)
✔ [director-089] The session removes its deadline after success (2.855605ms)
✔ [director-089] The session removes its deadline after clear (1.503342ms)
✔ [director-092] The deadline removes partial resources (73.088652ms)
✔ [director-076] The asset path rejects URL syntax with a stable message (1.398861ms)
✔ [director-082] The scene ignores a data pack list from its parent (1.155235ms)
✔ [director-080] The image rejects text for each geographic field (2.136506ms)
✔ [director-078] The attribution accepts its text limits and rejects excess text (2.2977ms)
✔ [director-076] The asset path accepts 1024 characters and rejects 1025 (0.969784ms)
✔ [director-095] The directory source uses the default fetch function (3.365084ms)
✔ [director-077] The manifest accepts 256 characters for its ID and rejects 257 (1.252441ms)
✔ [director-077] The manifest accepts 256 characters for its source name and rejects 257 (0.644144ms)
✔ [director-076] The asset path rejects x?a=1 (0.749939ms)
✔ [director-076] The asset path rejects a:b (0.535746ms)
✔ [director-076] The asset path rejects .x (0.499469ms)
✔ [director-076] The asset path rejects x/ (0.46038ms)
✔ [director-076] The asset path rejects x//y (0.485406ms)
✔ [director-079] The manifest accepts one byte (0.769446ms)
✔ [director-080] The image rejects bounds outside an array (1.019604ms)
✔ [director-082] The scene accepts eight distinct data packs (1.364371ms)
✔ [director-082] The scene rejects nine distinct data packs (1.069442ms)
✔ [director-085] The position rejects negative longitude (0.965213ms)
✔ [director-085] The position rejects positive longitude (0.625602ms)
✔ [director-085] The position rejects negative latitude (0.565794ms)
✔ [director-085] The position rejects positive latitude (0.515816ms)
✔ [director-085] The position rejects one coordinate (0.524466ms)
✔ [director-085] The position rejects four coordinates (0.533516ms)
✔ [director-085] The position accepts the limit for negative longitude (0.692275ms)
✔ [director-085] The position accepts the limit for positive longitude (0.458684ms)
✔ [director-085] The position accepts the limit for negative latitude (0.457658ms)
✔ [director-085] The position accepts the limit for positive latitude (0.434104ms)
✔ [director-089] The data pack session reports its state during asset work (1.700061ms)
✔ [director-096] The directory source accepts its default byte limit (33.002462ms)
✔ [director-093] The renderer receives the data pack and scene anchors (2.118481ms)
✔ [director-080] The image accepts its minimum height (0.771094ms)
✔ [director-085] The position accepts its minimum height (0.815093ms)
✔ [director-080] The image accepts its maximum height (0.425039ms)
✔ [director-085] The position accepts its maximum height (0.48969ms)
✔ [director-079] The manifest accepts its byte limit (0.706842ms)
✔ [director-089] The data pack session removes source listeners after success (3.484248ms)
✔ [director-089] The data pack session removes source listeners after error (1.681255ms)
ℹ tests 241
ℹ suites 0
ℹ pass 241
ℹ fail 0
ℹ cancelled 0
ℹ skipped 0
ℹ todo 0
ℹ duration_ms 2118.618122
