✔ v5 packs and shot references round trip through project migration without acquiring bytes (36.340708ms)
✔ [director-082] The manifest rejects duplicate IDs, unknown IDs, wrong placement, URL syntax and credentials (14.553356ms)
✔ [director-080] The manifest checks given image bounds and media anchor references (5.99151ms)
✔ [director-095 director-096 director-097] The directory source sends no credentials and rejects unsafe paths, redirects, excess bytes and absent assets (174.441686ms)
✔ [director-087] GeoJSON keeps stable geometry IDs without properties or remote style hints (5.76956ms)
✔ [director-089] The data pack session removes resources and cancels the transport on Stop (8.245444ms)
✔ [director-091] The data pack session replaces source work and ignores its late bytes (45.181825ms)
✔ [director-090] The data pack session disposes late renderer resources after cancellation and keeps the replacement (6.095025ms)
✔ [director-090] The data pack session disposes a renderer resource when its signal stops after the renderer result (3.804158ms)
✔ [director-092] The deadline stops a stalled registered source and a data pack error removes earlier resources (15.103406ms)
✔ [director-093] The data pack session checks bytes and integrity before the renderer call and rejects inherited registered source names (20.422677ms)
✔ [director-097] The directory source cancels response bodies and sends no asset request with a cancelled signal (6.816937ms)
ℹ tests 12
ℹ suites 0
ℹ pass 12
ℹ fail 0
ℹ cancelled 0
ℹ skipped 0
ℹ todo 0
ℹ duration_ms 6862.618311
