✔ [director-101] The selected scene bundle copies bytes and attribution and keeps the project without an asset request (172.745276ms)
✔ [director-099] The bundle rejects invalid bytes, unknown fields, traversal, duplicates, absent assets and wrong integrity (34.297754ms)
✔ [director-102] The bundle checks asset limits and declared integrity before export (10.486796ms)
✔ [director-103] The data packs with the same path share one asset and reject integrity values that differ (11.355258ms)
✔ [director-109] The preview reports unavailable sources, absent layers and absent bundle assets without state changes (4.540028ms)
✔ [director-104] The bundle byte store removes old data after replacement and uses no network source (15.278766ms)
✔ [director-106] The share helpers reject excess file bytes before text access and cancel a stalled project file (5.072792ms)
✔ [director-107] The cancelled bundle export stops before the next asset and returns no partial output (3.95246ms)
✔ details editing preserves content IDs, layers and provenance, rejects invalid drafts atomically (9.862309ms)
✔ [director-101] The bundle accepts long valid source asset names (11.335539ms)
✔ [director-098] The bundle helpers reject nontext input (2.012497ms)
✔ [director-098] The bundle helpers reject invalid JSON (1.25657ms)
✔ [director-098] The bundle helpers accept plain project JSON (1.185313ms)
✔ [director-098] The bundle helpers reject excess characters (1.270851ms)
✔ [director-098] The bundle helpers reject excess UTF8 bytes (119.234757ms)
✔ [director-099] The base64 rejects invalid type (12.752954ms)
✔ [director-099] The base64 rejects invalid empty (8.0884ms)
✔ [director-099] The base64 rejects invalid length (171.457618ms)
✔ [director-099] The base64 rejects invalid alignment (6.985459ms)
✔ [director-099] The base64 rejects invalid alphabet (5.549276ms)
✔ [director-099] The base64 rejects invalid padding (5.607736ms)
✔ [director-099] The bundle rejects duplicate paths (5.664429ms)
✔ [director-099] The bundle rejects unsupported MIME (5.760574ms)
✔ [director-099] The bundle rejects unsupported version (4.701337ms)
✔ [director-100] The bundle rejects an absent asset (4.929067ms)
✔ [director-100] The bundle rejects a wrong byteLength field (5.447784ms)
✔ [director-100] The bundle rejects a pack digest that differs from its asset (6.073853ms)
✔ [director-100] The bundle rejects an asset digest that differs from its bytes (5.440155ms)
✔ [director-100] The bundle rejects unused assets (5.343741ms)
✔ [director-100] The bundle rejects external data pack sources (5.98418ms)
✔ [director-101] The export writes exact bundle metadata (4.511548ms)
✔ [director-102] The export rejects bytes that are not a Uint8Array (3.003856ms)
✔ [director-102] The export rejects an empty asset (2.529124ms)
✔ [director-102] The export rejects an asset above the byte limit (5.254288ms)
✔ [director-102] The export rejects absent assets (2.085062ms)
✔ [director-102] The export rejects declared byte length (11.127761ms)
✔ [director-102] The export rejects declared digest (4.481538ms)
✔ [director-102] The export rejects excess total bytes (12033.089094ms)
✔ [director-102] The export rejects excess asset total (82.398816ms)
✔ [director-103] The export reuses a shared asset (5.621988ms)
✔ [director-103] The export rejects shared byte length (4.640123ms)
✔ [director-103] The export rejects shared digest (4.440028ms)
✔ [director-104] The store copies the asset map (2.268848ms)
✔ [director-104] The store clears stored bytes (1.046657ms)
✔ [director-105] The store rejects absent bytes (1.128479ms)
✔ [director-105] The store rejects bytes above the caller limit (1.167678ms)
✔ [director-105] The store returns an independent byte copy (1.063173ms)
✔ [director-106] The share helpers accept an absent filename (1.164985ms)
✔ [director-106] The share helpers reject the ordinary file budget (1.040823ms)
✔ [director-106] The share helpers give bundles the larger budget (1.379521ms)
✔ [director-107] The helper resolves without a signal (0.572894ms)
✔ [director-107] The helper rejects an early signal (1.161616ms)
✔ [director-107] The helper resolves with an active signal (0.771218ms)
✔ [director-107] The helper rejects a work error (1.024867ms)
✔ [director-107] The helper checks signal state at settlement (1.526855ms)
✔ [director-107] The helper cancels work that is not complete (1.170034ms)
✔ [director-108] The preview reports exact totals and attribution (1.51829ms)
✔ [director-108] The preview uses the scene ID without a title (0.864403ms)
✔ [director-109] The preview reports included bundle bytes (0.92568ms)
✔ [director-109] The preview reports absent bundle bytes (0.765396ms)
✔ [director-109] The preview reports a configured source (0.770295ms)
✔ [director-109] The preview reports an unavailable source (0.729599ms)
✔ [director-110] The preview lists distinct absent layers (1.093854ms)
✔ [director-110] The preview detects applied shot packs (1.008235ms)
✔ [director-110] The preview detects the source pack ID of a shot (0.937348ms)
✔ [director-110] The preview detects no external content (0.612164ms)
✔ [director-098] The share character guard precedes byte conversion (1.127009ms)
✔ [director-101] The export accepts scenes without data packs (1.369319ms)
✔ [director-101] The export keeps a supplied data pack list (31.813726ms)
✔ [director-102] The export accepts absent integrity fields (3.888ms)
✔ [director-102] The export accepts an absent digest (3.979979ms)
✔ [director-103] The shared export accepts absent byte declarations (4.008821ms)
✔ [director-103] The shared export accepts an absent digest (3.724948ms)
✔ [director-099] The base64 accepts bytes without padding (5.131881ms)
✔ [director-108] The preview accepts absent data pack lists (1.208998ms)
✔ [director-108] The preview uses supplied data pack lists (0.761743ms)
✔ [director-108] The preview keeps a supplied scene title (0.669523ms)
✔ [director-109] The preview distinguishes bundle sources (0.762939ms)
✔ [director-110] The preview accepts absent shot layers (0.712772ms)
✔ [director-110] The preview uses supplied shot layers (0.718722ms)
✔ [director-105] The store checks its default byte budget (4.274932ms)
✔ [director-099] The base64 rejects a custom text object (14.349192ms)
✔ [director-103] The export key uses the registered source name (10.153813ms)
✔ [director-103] The export key uses path (5.59914ms)
✔ [director-110] The preview detects each layer key (1.575583ms)
✔ [director-108] The preview totals include every asset (1.060983ms)
✔ [director-100] The bundle checks its second asset reference (10.184417ms)
✔ [director-100] The bundle checks its second asset digest (10.715055ms)
✔ [director-103] The export accepts equal shared integrity (5.189082ms)
✔ [director-102] The export rejects absent asset bytes (2.767856ms)
✔ [director-106] The share helpers check a signal after text access (1.789338ms)
✔ [director-102] The export checks its encoded text budget (7.216289ms)
✔ [director-102] The export keeps its total after an absent length (10273.848137ms)
✔ [director-099] The bundle accepts the application/json media type (19.15295ms)
✔ [director-099] The bundle accepts the application/geo+json media type (32.534066ms)
✔ [director-099] The bundle accepts the image/png media type (6.457335ms)
✔ [director-099] The bundle accepts the video/mp4 media type (5.651932ms)
✔ [director-099] The bundle accepts the video/webm media type (5.484669ms)
✔ [director-099] The bundle accepts the audio/mpeg media type (5.295712ms)
✔ [director-099] The bundle accepts the audio/ogg media type (5.658564ms)
✔ [director-099] The bundle accepts the audio/wav media type (5.425867ms)
✔ [director-099] The bundle accepts the audio/webm media type (5.467153ms)
✔ [director-102] The export accepts its exact asset total (45.393884ms)
✔ [director-108] The preview counts shots apart from scenes (1.741772ms)
✔ [director-102] The export rejects an unsupported media type (3.040884ms)
✔ [director-099] The import rejects 65 different asset paths (7.844088ms)
✔ [director-105] The store rejects a cancelled source call (1.835044ms)
✔ [director-106] The share helpers accept the project file limit and reject one more byte (1.866512ms)
✔ [director-106] The share helpers accept the bundle file limit and reject one more byte (0.995426ms)
✔ [director-102] The export accepts the asset byte limit (2787.105088ms)
✔ [director-102] The export accepts the total byte limit and rejects one more byte (22209.432571ms)
✔ [director-099] The base64 accepts its length limit and rejects the next aligned length (5803.03046ms)
✔ [director-099] The import accepts the total byte limit and rejects one more byte (59990.759887ms)
✔ [director-107] The bundle stops import before an asset (10.985186ms)
✔ [director-107] The bundle stops import after a digest (5.527463ms)
✔ [director-107] The bundle stops export before an asset (2.363921ms)
✔ [director-107] The bundle stops export after asset bytes (2.655831ms)
✔ [director-107] The bundle stops export after a digest (6.141791ms)
✔ [director-098] The bundle helpers accept the character limit (426.467616ms)
✔ [director-098] The bundle helpers accept the multibyte text limit (511.825346ms)
✔ [director-098] The bundle helpers reject a null project (2.219252ms)
✔ [director-098] The bundle helpers reject an invalid plain project (1.284672ms)
✔ [director-099] The bundle helpers reject an extra top field (6.856685ms)
✔ [director-099] The bundle helpers reject an invalid bundle project (4.504938ms)
✔ [director-099] The import accepts 64 distinct assets (83.109674ms)
✔ [director-101] The export rejects an invalid project (2.098014ms)
✔ [director-101] The resolver receives the data pack and signal (5.768881ms)
✔ [director-102] The export accepts the text byte limit (4.533817ms)
✔ [director-105] The byte store accepts the caller byte limit (3.034854ms)
✔ [director-107] The share helpers remove the listener after success (2.056764ms)
✔ [director-107] The share helpers remove the listener after error (1.048794ms)
✔ [director-107] The share helpers remove the listener after cancel (1.102284ms)
ℹ tests 132
ℹ suites 0
ℹ pass 132
ℹ fail 0
ℹ cancelled 0
ℹ skipped 0
ℹ todo 0
ℹ duration_ms 115901.768198
