✔ [director-099] The bundle names the invalid version (27.958856ms)
✔ [director-099] The bundle names the invalid extra field (17.614287ms)
✔ [director-099] The bundle names the invalid path (4.256033ms)
✔ [director-099] The bundle names the invalid duplicate path (151.36021ms)
✔ [director-100] The bundle names the invalid digest (10.856619ms)
✔ [director-100] The bundle names the invalid source (7.699397ms)
✔ [director-100] The bundle names the invalid reference (7.032654ms)
✔ [director-100] The bundle names the invalid unused asset (7.178338ms)
✔ [director-098] The bundle names the invalid JSON path (4.221771ms)
✔ [director-099] The bundle accepts base64 zz== (8.980802ms)
✔ [director-099] The bundle accepts base64 ZZ== (5.598645ms)
✔ [director-099] The bundle accepts base64 99== (5.000755ms)
✔ [director-099] The bundle accepts base64 zZ09 (5.279043ms)
✔ [director-099] The bundle rejects a leading equals sign (3.270494ms)
✔ [director-099] The bundle rejects a null base64 (2.206573ms)
✔ [director-098] The bundle rejects null text (1.301838ms)
✔ [director-102] The export names the invalid absent asset (5.581404ms)
✔ [director-102] The export names the invalid empty bytes (3.055989ms)
✔ [director-102] The export names the invalid media type (2.846534ms)
✔ [director-102] The export names the invalid declared length (46.643617ms)
✔ [director-102] The export names excess asset entries (68.170146ms)
✔ [director-103] The export names different shared integrity (5.985361ms)
✔ [director-101] The export limits each source filename to 160 characters (5.300682ms)
✔ [director-101] The export reads no chunk past the asset end (28.186572ms)
✔ [director-104] The byte store accepts an absent replacement map (5.615462ms)
✔ [director-105] The byte store accepts its default byte limit (13.179797ms)
✔ [director-105] The byte store rejects an unsafe path before its lookup (1.544729ms)
✔ [director-109 director-110] The preview uses empty source and layer lists (2.858013ms)
✔ [director-102] The share limits reject a caller change (1.961905ms)
✔ [director-099] The base64 type check precedes text conversion (2.418282ms)
✔ [director-102] The export does not compare an absent declared length (13.35877ms)
✔ [director-102] The export checks declared length before declared digest (5.297476ms)
✔ [director-102] The export checks the asset size before the total size (12.064624ms)
✔ [director-110] The applied shot packs decide external content before source pack IDs (1.991292ms)
✔ [director-101] The selected scene bundle copies bytes and attribution and keeps the project without an asset request (8.860551ms)
✔ [director-099] The bundle rejects invalid bytes, unknown fields, traversal, duplicates, absent assets and wrong integrity (26.004983ms)
✔ [director-102] The bundle checks asset limits and declared integrity before export (8.68781ms)
✔ [director-103] The data packs with the same path share one asset and reject integrity values that differ (13.789729ms)
✔ [director-109] The preview reports unavailable sources, absent layers and absent bundle assets without state changes (3.915939ms)
✔ [director-104] The bundle byte store removes old data after replacement and uses no network source (28.263747ms)
✔ [director-106] The share helpers reject excess file bytes before text access and cancel a stalled project file (4.855161ms)
✔ [director-107] The cancelled bundle export stops before the next asset and returns no partial output (3.084861ms)
✔ details editing preserves content IDs, layers and provenance, rejects invalid drafts atomically (10.444815ms)
✔ [director-101] The bundle accepts long valid source asset names (9.863154ms)
✔ [director-098] The bundle helpers reject nontext input (1.445373ms)
✔ [director-098] The bundle helpers reject invalid JSON (1.178879ms)
✔ [director-098] The bundle helpers accept plain project JSON (1.234176ms)
✔ [director-098] The bundle helpers reject excess characters (1.329453ms)
✔ [director-098] The bundle helpers reject excess UTF8 bytes (130.622951ms)
✔ [director-099] The base64 rejects invalid type (22.849898ms)
✔ [director-099] The base64 rejects invalid empty (8.357319ms)
✔ [director-099] The base64 rejects invalid length (180.271783ms)
✔ [director-099] The base64 rejects invalid alignment (6.903242ms)
✔ [director-099] The base64 rejects invalid alphabet (5.24808ms)
✔ [director-099] The base64 rejects invalid padding (5.148205ms)
✔ [director-099] The bundle rejects duplicate paths (5.66719ms)
✔ [director-099] The bundle rejects unsupported MIME (4.662895ms)
✔ [director-099] The bundle rejects unsupported version (4.734219ms)
✔ [director-100] The bundle rejects an absent asset (4.895546ms)
✔ [director-100] The bundle rejects a wrong byteLength field (6.529559ms)
✔ [director-100] The bundle rejects a pack digest that differs from its asset (6.383437ms)
✔ [director-100] The bundle rejects an asset digest that differs from its bytes (6.625016ms)
✔ [director-100] The bundle rejects unused assets (5.694808ms)
✔ [director-100] The bundle rejects external data pack sources (5.085662ms)
✔ [director-101] The export writes exact bundle metadata (4.04946ms)
✔ [director-102] The export rejects bytes that are not a Uint8Array (2.414792ms)
✔ [director-102] The export rejects an empty asset (2.004573ms)
✔ [director-102] The export rejects an asset above the byte limit (5.548147ms)
✔ [director-102] The export rejects absent assets (2.023763ms)
✔ [director-102] The export rejects declared byte length (8.627118ms)
✔ [director-102] The export rejects declared digest (7.581903ms)
✔ [director-102] The export rejects excess asset total (59.491654ms)
✔ [director-103] The export reuses a shared asset (5.666635ms)
✔ [director-103] The export rejects shared byte length (4.839148ms)
✔ [director-103] The export rejects shared digest (4.851995ms)
✔ [director-104] The store copies the asset map (2.074947ms)
✔ [director-104] The store clears stored bytes (1.047914ms)
✔ [director-105] The store rejects absent bytes (1.179285ms)
✔ [director-105] The store rejects bytes above the caller limit (1.29732ms)
✔ [director-105] The store returns an independent byte copy (1.253883ms)
✔ [director-106] The share helpers accept an absent filename (1.365731ms)
✔ [director-106] The share helpers reject the ordinary file budget (1.19715ms)
✔ [director-106] The share helpers give bundles the larger budget (1.548844ms)
✔ [director-107] The helper resolves without a signal (0.939733ms)
✔ [director-107] The helper rejects an early signal (1.346419ms)
✔ [director-107] The helper resolves with an active signal (0.970344ms)
✔ [director-107] The helper rejects a work error (1.299794ms)
✔ [director-107] The helper checks signal state at settlement (1.933186ms)
✔ [director-107] The helper cancels work that is not complete (1.213413ms)
✔ [director-108] The preview reports exact totals and attribution (1.886949ms)
✔ [director-108] The preview uses the scene ID without a title (1.134462ms)
✔ [director-109] The preview reports included bundle bytes (1.133204ms)
✔ [director-109] The preview reports absent bundle bytes (1.009579ms)
✔ [director-109] The preview reports a configured source (1.21142ms)
✔ [director-109] The preview reports an unavailable source (1.020293ms)
✔ [director-110] The preview lists distinct absent layers (1.222159ms)
✔ [director-110] The preview detects applied shot packs (0.954231ms)
✔ [director-110] The preview detects the source pack ID of a shot (0.917697ms)
✔ [director-110] The preview detects no external content (0.804716ms)
✔ [director-098] The share character guard precedes byte conversion (1.54958ms)
✔ [director-101] The export accepts scenes without data packs (1.444671ms)
✔ [director-101] The export keeps a supplied data pack list (43.362508ms)
✔ [director-102] The export accepts absent integrity fields (6.896903ms)
✔ [director-102] The export accepts an absent digest (4.723123ms)
✔ [director-103] The shared export accepts absent byte declarations (5.021777ms)
✔ [director-103] The shared export accepts an absent digest (4.900073ms)
✔ [director-099] The base64 accepts bytes without padding (6.721104ms)
✔ [director-108] The preview accepts absent data pack lists (2.558522ms)
✔ [director-108] The preview uses supplied data pack lists (0.999566ms)
✔ [director-108] The preview keeps a supplied scene title (0.784602ms)
✔ [director-109] The preview distinguishes bundle sources (0.948964ms)
✔ [director-110] The preview accepts absent shot layers (0.828563ms)
✔ [director-110] The preview uses supplied shot layers (0.894448ms)
✔ [director-105] The store checks its default byte budget (9.28932ms)
✔ [director-099] The base64 rejects a custom text object (17.811961ms)
✔ [director-103] The export key uses the registered source name (11.7936ms)
✔ [director-103] The export key uses path (6.624879ms)
✔ [director-110] The preview detects each layer key (1.832641ms)
✔ [director-108] The preview totals include every asset (1.125772ms)
✔ [director-100] The bundle checks its second asset reference (12.19653ms)
✔ [director-100] The bundle checks its second asset digest (9.350581ms)
✔ [director-103] The export accepts equal shared integrity (6.380799ms)
✔ [director-102] The export rejects absent asset bytes (3.208415ms)
✔ [director-106] The share helpers check a signal after text access (2.186299ms)
✔ [director-102] The export checks its encoded text budget (7.70736ms)
✔ [director-102] The export keeps its total after an absent length (13.869671ms)
✔ [director-099] The bundle accepts the application/json media type (6.725927ms)
✔ [director-099] The bundle accepts the application/geo+json media type (6.16047ms)
✔ [director-099] The bundle accepts the image/png media type (6.240473ms)
✔ [director-099] The bundle accepts the video/mp4 media type (6.033665ms)
✔ [director-099] The bundle accepts the video/webm media type (5.768138ms)
✔ [director-099] The bundle accepts the audio/mpeg media type (5.983518ms)
✔ [director-099] The bundle accepts the audio/ogg media type (6.047184ms)
✔ [director-099] The bundle accepts the audio/wav media type (5.635001ms)
✔ [director-099] The bundle accepts the audio/webm media type (6.294311ms)
✔ [director-102] The export accepts its exact asset total (68.794587ms)
✔ [director-108] The preview counts shots apart from scenes (2.230466ms)
✔ [director-102] The export rejects an unsupported media type (2.402776ms)
✔ [director-099] The import rejects 65 different asset paths (8.370587ms)
✔ [director-105] The store rejects a cancelled source call (1.907938ms)
✔ [director-106] The share helpers accept the project file limit and reject one more byte (2.010622ms)
✔ [director-106] The share helpers accept the bundle file limit and reject one more byte (1.125417ms)
✔ [director-102] The export accepts the total byte limit and rejects one more byte (2575.859333ms)
✔ [director-099] The base64 accepts its length limit and rejects the next aligned length (446.926516ms)
✔ [director-099] The import accepts the total byte limit and rejects one more byte (4083.381413ms)
✔ [director-107] The bundle stops import before an asset (10.656989ms)
✔ [director-107] The bundle stops import after a digest (5.40399ms)
✔ [director-107] The bundle stops export before an asset (2.143523ms)
✔ [director-107] The bundle stops export after asset bytes (2.561109ms)
✔ [director-107] The bundle stops export after a digest (5.556198ms)
✔ [director-098] The bundle helpers accept the character limit (348.956955ms)
✔ [director-098] The bundle helpers accept the multibyte text limit (530.969611ms)
✔ [director-098] The bundle helpers reject a null project (5.737067ms)
✔ [director-098] The bundle helpers reject an invalid plain project (1.52763ms)
✔ [director-099] The bundle helpers reject an extra top field (11.847722ms)
✔ [director-099] The bundle helpers reject an invalid bundle project (8.724873ms)
✔ [director-099] The import accepts 64 distinct assets (105.098115ms)
✔ [director-101] The export rejects an invalid project (1.861684ms)
✔ [director-101] The resolver receives the data pack and signal (10.279955ms)
✔ [director-102] The export accepts the text byte limit (4.780838ms)
✔ [director-105] The byte store accepts the caller byte limit (2.436912ms)
✔ [director-107] The share helpers remove the listener after success (2.091706ms)
✔ [director-107] The share helpers remove the listener after error (1.046017ms)
✔ [director-107] The share helpers remove the listener after cancel (1.204851ms)
✔ [director-102] The absent digest stops its check after one field read (9.042574ms)
✔ [director-101] The filename slice starts at zero (5.186127ms)
ℹ tests 166
ℹ suites 0
ℹ pass 166
ℹ fail 0
ℹ cancelled 0
ℹ skipped 0
ℹ todo 0
ℹ duration_ms 10406.274603
