✔ [director-076] The asset path accepts z/Zz (42.066444ms)
✔ [director-076] The asset path accepts Z/zZ (1.105788ms)
✔ [director-076] The asset path accepts zZ/Zz (0.880338ms)
✔ [director-077] The manifest names the extra data pack field (6.721554ms)
✔ [director-077] The manifest names the format field (1.500501ms)
✔ [director-077] The manifest names the source object (1.264656ms)
✔ [director-076] The manifest names the source path (1.411946ms)
✔ [director-078] The manifest names the extra attribution field (1.594213ms)
✔ [director-078] The manifest names the attribution object (1.616312ms)
✔ [director-078] The manifest names the link syntax (2.81425ms)
✔ [director-078] The manifest names the link protocol (1.442796ms)
✔ [director-079] The manifest names the numeric text (1.607962ms)
✔ [director-079] The manifest names the byte length field (1.085111ms)
✔ [director-079] The manifest names the integer field (0.918552ms)
✔ [director-080] The manifest names the extra placement field (1.05694ms)
✔ [director-080] The manifest names the placement object (1.017712ms)
✔ [director-080] The manifest names the height reference (0.984568ms)
✔ [director-080] The manifest names the bound list (1.146605ms)
✔ [director-081] The manifest names an unknown anchor (1.142503ms)
✔ [director-082] The shot accepts eight references and rejects nine references (3.649279ms)
✔ [director-082] The scene names the invalid declaration (0.950778ms)
✔ [director-082] The scene names the invalid duplicate ID (0.782693ms)
✔ [director-082] The scene names the invalid duplicate reference (0.679522ms)
✔ [director-082] The scene names the invalid reference type (0.6149ms)
✔ [director-085] The decoder rejects a null position (3.062359ms)
✔ [director-085] The decoder keeps a negative zero height (1.464794ms)
✔ [director-086] The decoder rejects a null line (1.525212ms)
✔ [director-086] The decoder accepts an open line (4.528978ms)
✔ [director-088] The session accepts an empty list without asset work (4.011432ms)
✔ [director-088] The session rejects a null list (7.43061ms)
✔ [director-090] The session rejects null bytes (3.748773ms)
✔ [director-090] The session rejects null handle (1.98069ms)
✔ [director-090] The session rejects source error (1.805325ms)
✔ [director-089] The session sets and removes the caller listener (2.721ms)
✔ [director-096] The source joins chunks of different lengths (204.666427ms)
✔ [director-088] The data pack limits reject a caller change (2.56163ms)
✔ [director-088] The destroyed session does not read the caller signal state (1.53878ms)
✔ [director-090] The replaced load call does not read the caller signal state again (233.550656ms)
✔ [director-090] The session rejects asset data from a source error (3.1067ms)
✔ [director-090] The session checks its source signal before byte access and after renderer work (3.843403ms)
✔ [director-076] The asset path accepts safe names (1.230608ms)
✔ [director-076] The asset path rejects traversal (1.23992ms)
✔ [director-077] The manifest rejects invalid version (1.362213ms)
✔ [director-077] The manifest rejects invalid format (1.562972ms)
✔ [director-077] The manifest accepts geojson (1.19089ms)
✔ [director-077] The manifest accepts image (1.351633ms)
✔ [director-077] The manifest accepts media (1.024929ms)
✔ [director-078] The attribution rejects protocol (1.172533ms)
✔ [director-078] The attribution rejects username (1.152188ms)
✔ [director-078] The attribution rejects password (1.163066ms)
✔ [director-078] The attribution rejects query (1.124571ms)
✔ [director-078] The attribution rejects fragment (1.095325ms)
✔ [director-078] The attribution rejects invalid URL text (1.223273ms)
✔ [director-078] The attribution accepts a safe link (1.097429ms)
✔ [director-078] The attribution rejects blank text (1.480162ms)
✔ [director-078] The attribution rejects blank license (1.504531ms)
✔ [director-079] The byte length rejects a fraction (1.306264ms)
✔ [director-079] The digest rejects invalid type (1.438202ms)
✔ [director-079] The digest rejects invalid alphabet (1.20932ms)
✔ [director-079] The integrity fields accept their limits (1.699718ms)
✔ [director-080] The image rejects reversed west (1.400774ms)
✔ [director-080] The image rejects reversed south (1.183732ms)
✔ [director-080] The image rejects short bounds (1.119597ms)
✔ [director-080] The image rejects bounds field 0 (1.106937ms)
✔ [director-080] The image rejects bounds field 1 (1.169515ms)
✔ [director-080] The image rejects bounds field 2 (1.003376ms)
✔ [director-080] The image rejects bounds field 3 (0.935282ms)
✔ [director-080] The image rejects height and reference (1.532996ms)
✔ [director-081] The media rejects an unknown anchor (1.052236ms)
✔ [director-082] The scene rejects duplicate data pack IDs (1.183133ms)
✔ [director-082] The shot rejects duplicate data pack IDs (0.998808ms)
✔ [director-082] The shot rejects unknown data pack IDs (1.140704ms)
✔ [director-082] The scene accepts absent data packs and anchors (1.846938ms)
✔ [director-083] The collection rejects invalid type (1.440764ms)
✔ [director-083] The collection rejects invalid array (1.232175ms)
✔ [director-083] The collection rejects more than 2000 features (19.204872ms)
✔ [director-084] The feature rejects type (1.359351ms)
✔ [director-084] The feature rejects ID type (1.247322ms)
✔ [director-084] The feature rejects blank ID (1.227355ms)
✔ [director-084] The feature rejects long ID (1.388407ms)
✔ [director-084] The feature rejects duplicate ID (1.388692ms)
✔ [director-085] The position rejects invalid array (3.017349ms)
✔ [director-085] The position rejects invalid length (1.856151ms)
✔ [director-085] The position rejects a coordinate that is not finite (14.551817ms)
✔ [director-085] The position rejects invalid longitude (1.555983ms)
✔ [director-085] The position rejects invalid latitude (1.313055ms)
✔ [director-085] The position rejects a height below the limit (1.079003ms)
✔ [director-085] The position rejects a height above the limit (1.5029ms)
✔ [director-085] The position total rejects excess (178.020751ms)
✔ [director-085] The position uses zero for absent height (1.789314ms)
✔ [director-085] The position keeps the height in the data (1.37402ms)
✔ [director-086] The line rejects invalid array (1.403475ms)
✔ [director-086] The line rejects invalid minimum (1.383088ms)
✔ [director-086] The ring needs four points (1.640166ms)
✔ [director-086] The line accepts two distinct endpoints (1.41232ms)
✔ [director-086] The ring rejects unclosed field 0 (1.700438ms)
✔ [director-086] The ring rejects unclosed field 1 (1.443108ms)
✔ [director-086] The ring rejects unclosed field 2 (1.573301ms)
✔ [director-087] The geometry rejects invalid type (1.501519ms)
✔ [director-087] The geometry rejects invalid array (2.618226ms)
✔ [director-087] The geometry rejects an empty polygon (1.861271ms)
✔ [director-087] The geometry rejects more than 128 rings (2.488622ms)
✔ [director-087] The geometry returns a closed polygon (1.484091ms)
✔ [director-087] The geometry removes properties (1.332515ms)
✔ [director-088] The new session reports idle state (1.147608ms)
✔ [director-088] The session rejects a value that is not a data pack list (1.467252ms)
✔ [director-088] The session rejects more than eight data packs (1.718622ms)
✔ [director-088] The session rejects destroyed state (1.361811ms)
✔ [director-088] The session rejects cancelled state (1.38052ms)
✔ [director-089] The session disposes handles in reverse order (3.64735ms)
✔ [director-089] The session gives copied state (2.017968ms)
✔ [director-090] The cancelled session disposes late resources (162.613659ms)
✔ [director-090] The session accepts a null late handle (6.774741ms)
✔ [director-090] The session destroys work that is not complete (5.73427ms)
✔ [director-091] The replacement keeps its resources (8.060032ms)
✔ [director-092] The session reports a stable source error (3.511731ms)
✔ [director-092] The deadline rejects stalled work (7.880613ms)
✔ [director-092] The session rejects absent source (2.543619ms)
✔ [director-092] The session rejects absent renderer (1.926389ms)
✔ [director-093] The session rejects bytes that are not a Uint8Array (1.784914ms)
✔ [director-093] The session rejects an empty asset (1.831922ms)
✔ [director-093] The session rejects an asset above the byte limit (2.271021ms)
✔ [director-093] The session rejects a wrong byteLength field (2.42454ms)
✔ [director-093] The session rejects bytes above the total limit (3.900904ms)
✔ [director-093] The session rejects a wrong digest (65.114732ms)
✔ [director-093] The session checks exact bytes and digest (8.012856ms)
✔ [director-089] The session rejects a null handle (3.654284ms)
✔ [director-089] The session rejects a handle without a dispose function (2.700495ms)
✔ [director-094] The directory rejects protocol (1.473917ms)
✔ [director-094] The directory rejects username (1.171558ms)
✔ [director-094] The directory rejects password (1.231467ms)
✔ [director-094] The directory rejects query (1.160929ms)
✔ [director-094] The directory rejects fragment (1.125047ms)
✔ [director-094] The directory rejects an address with no final slash (1.12458ms)
✔ [director-095] The asset request sets its fixed options (4.363404ms)
✔ [director-096] The stream joins distinct chunks (3.744613ms)
✔ [director-096] The stream rejects excess header bytes (2.833953ms)
✔ [director-096] The stream rejects excess chunk bytes (2.527932ms)
✔ [director-096] The stream uses absent MIME default (3.032554ms)
✔ [director-096] The stream normalizes MIME text (2.477282ms)
✔ [director-097] The source rejects an absent stream (1.347573ms)
✔ [director-097] The source accepts failed body cancellation (1.843663ms)
✔ [director-097] The source rejects a failed response without a body (1.221102ms)
✔ [director-097] The stream releases its lock after an error (2.650928ms)
✔ [director-097] The source checks its signal between chunks (2.64516ms)
✔ [director-080] The image accepts its bounds field (1.086569ms)
✔ [director-080] The image accepts its height field (0.945836ms)
✔ [director-080] The image accepts its altitudeReference field (0.858808ms)
✔ [director-081] The media accepts its anchorId field (0.904674ms)
✔ [director-077] The geojson accepts its altitudeReference field (0.769996ms)
✔ [director-080] The image bounds 0 rejects low excess (1.08765ms)
✔ [director-080] The image bounds 0 rejects high excess (0.963313ms)
✔ [director-080] The image bounds 1 rejects low excess (0.94235ms)
✔ [director-080] The image bounds 1 rejects high excess (1.130365ms)
✔ [director-080] The image bounds 2 rejects low excess (1.173073ms)
✔ [director-080] The image bounds 2 rejects high excess (1.168381ms)
✔ [director-080] The image bounds 3 rejects low excess (1.254507ms)
✔ [director-080] The image bounds 3 rejects high excess (1.013955ms)
✔ [director-080] The image height checks both limits (1.445849ms)
✔ [director-082] The scene uses supplied anchors (1.184616ms)
✔ [director-082] The scene uses absent anchor defaults (0.900683ms)
✔ [director-085] The position accepts both geographic edges (1.678849ms)
✔ [director-088] The session state uses its idle default (0.839973ms)
✔ [director-088] The session state uses its zero default (0.572215ms)
✔ [director-089] The session state uses its active total (1.340503ms)
✔ [director-093] The session uses its default byte budget (1.479729ms)
✔ [director-093] The session accepts absent declared size (1.210734ms)
✔ [director-090] The session checks signal state without an event (2.12943ms)
✔ [director-090] The session checks destroyed state after signal access (2.076528ms)
✔ [director-090] The session checks replacement without signal state (62.156946ms)
✔ [director-090] The session guard rejects a detached resource (4.55793ms)
✔ [director-090] The session disposes the handle before it adds the handle to its list (3.738919ms)
✔ [director-092] The session ignores a late source error (6.433961ms)
✔ [director-097] The source rejects early cancellation (1.910087ms)
✔ [director-094] The directory accepts HTTP and HTTPS (0.96024ms)
✔ [director-092] The absent renderer does not call its source (1.733719ms)
✔ [director-095] The asset request sets its credentials option (2.939928ms)
✔ [director-095] The asset request sets its redirect option (2.788003ms)
✔ [director-095] The asset request sets its referrerPolicy option (4.526578ms)
✔ [director-095] The asset request sets its cache option (2.559978ms)
✔ [director-085] The position rejects field 0 that is not finite (1.371012ms)
✔ [director-085] The position rejects field 1 that is not finite (2.019553ms)
✔ [director-085] The position rejects field 2 that is not finite (1.141517ms)
✔ [director-096] The source checks its default byte budget (2.236592ms)
✔ [director-077] The manifest accepts the id field of a data pack (0.885751ms)
✔ [director-077] The manifest accepts the version field of a data pack (0.770412ms)
✔ [director-077] The manifest accepts the format field of a data pack (0.75745ms)
✔ [director-077] The manifest accepts the source field of a data pack (0.729819ms)
✔ [director-077] The manifest accepts the attribution field of a data pack (0.71517ms)
✔ [director-077] The manifest accepts the placement field of a data pack (0.68617ms)
✔ [director-079] The manifest accepts the byteLength field of a data pack (0.777903ms)
✔ [director-079] The manifest accepts the sha256 field of a data pack (1.043392ms)
✔ [director-077] The manifest accepts its source name field (1.018517ms)
✔ [director-077] The manifest accepts its source path field (0.964932ms)
✔ [director-078] The manifest accepts its attribution text field (1.008908ms)
✔ [director-078] The manifest accepts its attribution license field (0.753507ms)
✔ [director-078] The manifest accepts its attribution url field (0.9177ms)
✔ [director-092] The session settles an early internal signal (31.243141ms)
✔ [director-093] The session gives anchors to its renderer (2.798094ms)
✔ [director-089] The session state uses its active status (1.428726ms)
✔ [director-080] The placement selects the image fields (1.658047ms)
✔ [director-081] The placement selects the media fields (1.148497ms)
✔ [director-089] The session loads its geojson format (2.005189ms)
✔ [director-089] The session loads its image format (1.787335ms)
✔ [director-089] The session loads its media format (1.820126ms)
✔ [director-097] The source stops between stream chunks (3.521559ms)
✔ [director-092] The session settles a source error before its deadline (16.882022ms)
✔ [director-092] The session uses its supplied deadline (3.071468ms)
✔ [director-092] The session uses its default deadline (2.541064ms)
✔ [director-092] The session removes resources after a later error (2.372724ms)
✔ [director-089] The session rejects a falsy handle with inherited disposal (2.355614ms)
✔ [director-083] The collection accepts its exact feature limit (23.044065ms)
✔ [director-084] The feature ID accepts its exact text limit (1.218351ms)
✔ [director-085] The position accepts its exact total limit (112.552834ms)
✔ [director-087] The polygon accepts its exact ring limit (3.806768ms)
✔ [director-076] The asset path checks its text limit (1.360949ms)
✔ [director-089] The session keeps every data pack handle (2.265243ms)
✔ [director-095] The asset request sets its signal option (2.572966ms)
✔ [director-096] The stream accepts its exact byte limit (2.438854ms)
✔ [director-092] The session rejects a falsy custom source (1.965777ms)
✔ [director-092] The data pack session reads the byteLength field once without a registered source (2.266736ms)
✔ [director-079] The digest rejects 63 characters (1.194648ms)
✔ [director-079] The digest rejects 65 characters (0.681613ms)
✔ [director-079] The digest rejects uppercase text (0.648545ms)
✔ [director-079] The digest rejects a prefix (0.607901ms)
✔ [director-079] The digest rejects a suffix (0.582653ms)
✔ [director-079] The digest accepts 64 lowercase characters (0.975579ms)
✔ [director-080] The image rejects equal longitude edges (1.137769ms)
✔ [director-080] The image rejects equal latitude edges (0.703745ms)
✔ [director-080] The image accepts all geographic limits (0.921201ms)
✔ [director-088] The session accepts eight data packs (3.197781ms)
✔ [director-093] The session accepts the asset byte limit (1.632841ms)
✔ [director-093] The session accepts the total byte limit (2.609745ms)
✔ [director-093] The session rejects one byte above the total limit (6.960858ms)
✔ [director-083] The decoder rejects invalid UTF8 bytes (1.426068ms)
✔ [director-083] The decoder rejects null (1.365338ms)
✔ [director-084] The decoder rejects a null feature (1.345715ms)
✔ [director-087] The decoder rejects absent geometry (1.255883ms)
✔ [director-093] The source receives the path and the renderer receives the asset and signal (3.51023ms)
✔ [director-088] The session checks every declaration before the source call (1.595416ms)
✔ [director-089] The session destroys each ready resource (2.740111ms)
✔ [director-089] The session removes its deadline after success (2.749591ms)
✔ [director-089] The session removes its deadline after clear (1.348351ms)
✔ [director-092] The deadline removes partial resources (83.346566ms)
✔ [director-076] The asset path rejects URL syntax with a stable message (1.4526ms)
✔ [director-082] The scene ignores a data pack list from its parent (1.030179ms)
✔ [director-080] The image rejects text for each geographic field (2.050134ms)
✔ [director-078] The attribution accepts its text limits and rejects excess text (2.411199ms)
✔ [director-076] The asset path accepts 1024 characters and rejects 1025 (1.003643ms)
✔ [director-095] The directory source uses the default fetch function (3.410669ms)
✔ [director-077] The manifest accepts 256 characters for its ID and rejects 257 (1.363509ms)
✔ [director-077] The manifest accepts 256 characters for its source name and rejects 257 (0.708979ms)
✔ [director-076] The asset path rejects x?a=1 (0.825969ms)
✔ [director-076] The asset path rejects a:b (0.542059ms)
✔ [director-076] The asset path rejects .x (0.609138ms)
✔ [director-076] The asset path rejects x/ (0.609917ms)
✔ [director-076] The asset path rejects x//y (0.681033ms)
✔ [director-079] The manifest accepts one byte (0.858561ms)
✔ [director-080] The image rejects bounds outside an array (1.07267ms)
✔ [director-082] The scene accepts eight distinct data packs (1.350855ms)
✔ [director-082] The scene rejects nine distinct data packs (1.188083ms)
✔ [director-085] The position rejects negative longitude (1.036751ms)
✔ [director-085] The position rejects positive longitude (0.637573ms)
✔ [director-085] The position rejects negative latitude (0.532057ms)
✔ [director-085] The position rejects positive latitude (0.514242ms)
✔ [director-085] The position rejects one coordinate (0.520797ms)
✔ [director-085] The position rejects four coordinates (0.522265ms)
✔ [director-085] The position accepts the limit for negative longitude (0.715058ms)
✔ [director-085] The position accepts the limit for positive longitude (0.45059ms)
✔ [director-085] The position accepts the limit for negative latitude (0.450211ms)
✔ [director-085] The position accepts the limit for positive latitude (0.424388ms)
✔ [director-089] The data pack session reports its state during asset work (1.655699ms)
✔ [director-096] The directory source accepts its default byte limit (29.121298ms)
✔ [director-093] The renderer receives the data pack and scene anchors (2.486396ms)
✔ [director-080] The image accepts its minimum height (0.832582ms)
✔ [director-085] The position accepts its minimum height (0.890726ms)
✔ [director-080] The image accepts its maximum height (0.486703ms)
✔ [director-085] The position accepts its maximum height (0.511543ms)
✔ [director-079] The manifest accepts its byte limit (0.742097ms)
✔ [director-089] The data pack session removes source listeners after success (3.736404ms)
✔ [director-089] The data pack session removes source listeners after error (1.641582ms)
✔ [director-089] The completed source listener ignores a later event after success (2.652387ms)
✔ [director-089] The completed source listener ignores a later event after error (1.574561ms)
✔ [director-092] The source signal event stops work before the renderer (50.774768ms)
✔ [director-090] The session observes destruction during caller signal access after a source error (2.841157ms)
✔ [director-093] The session checks byte type before length access (2.278098ms)
✔ [director-093] The null bytes do not cause another declared length read (2.14635ms)
✔ [director-092] The deadline gives its cause to the source signal (7.75732ms)
✔ [director-079] The digest type check precedes text conversion (1.731019ms)
✔ [director-080] The edge order check starts with west and east (2.341974ms)
✔ [director-082] The distinct reference check precedes the search for known IDs (1.401542ms)
✔ [director-093] The absent declared length does not cause another byte length read (2.145821ms)
✔ [director-090] The detached handle check does not read the source signal state (2.668103ms)
✔ [director-091] The old caller listener does not change new resources (2.61409ms)
✔ [director-088 director-092] The absent source map gives no source for a numeric name (2.162957ms)
✔ [director-088 director-092] The absent renderer map gives no renderer for a numeric name (2.096382ms)
✔ [director-092] The session does not read the global error property for absent source (2.247308ms)
✔ [director-092] The session does not read the global error property for invalid bytes (1.549889ms)
✔ [director-092] The session does not read the global error property for excess total (2.638063ms)
✔ [director-092] The session does not read the global error property for wrong digest (13.533582ms)
✔ [director-092] The session does not read the global error property for invalid handle (1.97251ms)
ℹ tests 301
ℹ suites 0
ℹ pass 301
ℹ fail 0
ℹ cancelled 0
ℹ skipped 0
ℹ todo 0
ℹ duration_ms 2533.980912
