src/tooling/spec/gates.test.mjs:16:const GUARDED_RUN = { skip: missingTestContext() };
src/tooling/spec/gates.test.mjs:107:test('[coverage-gate-003] runs each tracked test file with coverage and the trace reporter', GUARDED_RUN, () => {
src/tooling/spec/gates.test.mjs:123:test('[coverage-gate-007] runs the allocation tests alone with --expose-gc and no coverage', GUARDED_RUN, () => {
src/tooling/spec/gates.test.mjs:170:test('[gap-ledger-001 gap-ledger-007 spec-trace-030] makes the first ledger, runs the ratchet command for a change and passes the check', GUARDED_RUN, () => {
src/tooling/spec/gates.test.mjs:190:test('[gap-ledger-003 spec-trace-016 coverage-gate-010] stops the check for a new gap, a failed test and an untracked file', GUARDED_RUN, () => {
src/tooling/spec/gates.test.mjs:207:test('[coverage-gate-018 coverage-gate-021 spec-trace-027] stops the check for untrue coverage and a test without an assertion', GUARDED_RUN, () => {
src/tooling/spec/gates.test.mjs:220:test('[gap-ledger-008 change-review-006 change-review-015] runs the ratchet command for a change, checks its review and its tree hash', GUARDED_RUN, () => {
src/tooling/spec/gates.test.mjs:242:test('[gap-ledger-021] stops the check for a ledger entry that the base does not have', GUARDED_RUN, () => {
src/tooling/spec/gates.test.mjs:258:test('[spec-trace-032 spec-trace-036 spec-trace-037] stops for changed scenario text and a changed registry without a changed test', GUARDED_RUN, () => {
src/tooling/spec/gates.test.mjs:288:test('[gap-ledger-077] runs the ratchet command for an archived change', GUARDED_RUN, () => {
src/tooling/spec/gates.test.mjs:309:test('[gap-ledger-013 gap-ledger-014 gap-ledger-027] stops the ratchet command for a larger gap, without a change name or for a change that is not active', GUARDED_RUN, () => {
src/tooling/spec/gates.test.mjs:325:test('[gap-ledger-002 gap-ledger-015 gap-ledger-016] stops the init command for a ledger, a base ledger or a new file with a gap', GUARDED_RUN, () => {
src/tooling/spec/gates.test.mjs:371:test('[change-review-007] reports an archived change without a review in the check', GUARDED_RUN, () => {
src/tooling/spec/gates.test.mjs:379:test('[spec-trace-026] stops the check for an unknown change name', GUARDED_RUN, () => {
src/tooling/spec/gates.test.mjs:401:test('[ci-gates-001 ci-gates-003 ci-gates-004] finds the change of a CI diff and checks it', GUARDED_RUN, () => {
src/tooling/spec/gates.test.mjs:428:test('[spec-lint-021 spec-lint-022] checks the tasks and the requirement format of the archived change that the gates check', GUARDED_RUN, () => {
src/tooling/spec/gates.test.mjs:460:test('[gap-ledger-069 gap-ledger-073] uses the tolerance of a file in the check and in the ratchet command', GUARDED_RUN, () => {
src/tooling/spec/gates.test.mjs:479:test('[ci-gates-005] checks a diff that changes no code, without a change name', GUARDED_RUN, () => {
src/tooling/spec/gates.test.mjs:610:test('[coverage-gate-023] stops for a code file that changes during the run', GUARDED_RUN, () => {
src/tooling/spec/gates.test.mjs:621:test('[coverage-gate-024] gives 0% coverage to a file that only a worker thread loads', GUARDED_RUN, () => {
src/tooling/spec/gates.test.mjs:645:test('[change-review-019 change-review-020] shows the tree hash of a change and stops for a change name that two folders use', GUARDED_RUN, () => {
src/tooling/spec/gates.test.mjs:657:test('[spec-trace-039 spec-trace-040] stops for a result entry that a test writes in the result folder', GUARDED_RUN, () => {
src/tooling/spec/gates.test.mjs:679:test('[coverage-gate-031] stops for untrue coverage from a child process that a test starts with other values for the gate variables', GUARDED_RUN, () => {
src/tooling/spec/gates.test.mjs:702:test('[coverage-gate-034] stops for an inventory.json file that changes during the run', GUARDED_RUN, () => {
src/tooling/spec/gates.test.mjs:725:test('[coverage-gate-037] stops for a guard error that names no file', GUARDED_RUN, () => {
src/tooling/spec/gates.test.mjs:737:test('[coverage-gate-040] stops for untrue coverage from a test runner that a test starts, with a preload that removes the gate values', GUARDED_RUN, () => {
src/tooling/spec/gates.test.mjs:760:test('[coverage-gate-039] stops for untrue coverage from a child process that a worker thread starts', GUARDED_RUN, () => {
src/tooling/spec/gates.test.mjs:782:test('[spec-trace-045] stops for changed scenario text when a test only moved to a renamed test file', GUARDED_RUN, () => {
src/tooling/spec/gates.test.mjs:798:test('[coverage-gate-043] stops the check for a code file that imports a test file', GUARDED_RUN, () => {
src/tooling/spec/gates.test.mjs:822:test('[gap-ledger-079] records a coverage waiver, allows the rise in the ratchet command and passes the check', GUARDED_RUN, () => {
src/tooling/spec/gates.test.mjs:880:test('[gap-ledger-080] stops the waive command for a fault in its options', GUARDED_RUN, () => {
src/tooling/spec/gates.test.mjs:994:test('[coverage-gate-049] stops for a test that leaves a live timer', GUARDED_RUN, () => {
src/tooling/spec/gates.test.mjs:1013:test('[coverage-gate-050] does not stop for a test process without a live timer', GUARDED_RUN, () => {
src/tooling/spec/gates.test.mjs:1030:test('[coverage-gate-049] stops for a real child process that leaves a live timer, with no stub', GUARDED_RUN, () => {
src/tooling/spec/gates.test.mjs:1093:test('[gap-ledger-089 gap-ledger-091] adopts the gaps of the merged files and gives no error in the ratchet command and in the check', GUARDED_RUN, () => {
src/tooling/spec/gates.test.mjs:1150:test('[gap-ledger-090] stops the adopt command for a fault before it runs a test', GUARDED_RUN, () => {
src/tooling/spec/gates.test.mjs:1178:test('[gap-ledger-096 gap-ledger-097] stops the check for an adopt line when its commit is not a merged commit, or when the merged commit did not change its file', GUARDED_RUN, () => {
src/tooling/spec/gates.test.mjs:1210:test('[qa-scripts-024] stops the gate for a QA header error', GUARDED_RUN, () => {
src/tooling/spec/gates.test.mjs:1222:test('[qa-scripts-025] stops for both covers errors and omits scripts with valid QA headers', GUARDED_RUN, () => {
src/tooling/spec/gates.test.mjs:1237:test('[qa-scripts-016] prints QA advice after Trace', GUARDED_RUN, () => {
src/tooling/spec/gates.test.mjs:1250:test('[qa-scripts-014] keeps the coverage gap for a QA script with a bad header', GUARDED_RUN, () => {
src/tooling/spec/gates.test.mjs:1264:test('[gap-ledger-100 gap-ledger-104 gap-ledger-106] The command and gate allow a reached file with the base content', GUARDED_RUN, () => {
src/tooling/spec/gates.test.mjs:1285:test('[gap-ledger-107] The command writes no entry for a file that only base edges reach', GUARDED_RUN, () => {
src/tooling/spec/gates.test.mjs:1301:test('[gap-ledger-108] The command and gate allow a path with a new middle edge', GUARDED_RUN, () => {
src/tooling/spec/gates.test.mjs:1322:test('[gap-ledger-109] The command writes no entry for an edge that only HEAD has', GUARDED_RUN, () => {
src/tooling/spec/gates.test.mjs:2627:test('[ownership-031] prints LEDGER-ADOPT-FROM for a reached adopt record whose source is not a merge parent', GUARDED_RUN, () => {
src/tooling/spec/ownership.test.mjs:51:  assert.notEqual(readOwnership(root).errors[0].message.length, 0);
src/tooling/spec/ownership.test.mjs:124:test('[ownership-012] has the process rules and the adopt rules for QA scripts in AGENTS.md and config.yaml', () => {
openspec/changes/ownership-scoped-gates/specs/ownership/spec.md:270:For a reached adopt record whose `from` is not a merge parent, the gate prints LEDGER-ADOPT-FROM and stops.
openspec/changes/ownership-scoped-gates/specs/ownership/spec.md:291:- **AND** a reached adopt record with a source that is not a merge parent prints LEDGER-ADOPT-FROM at openspec/trace/history.jsonl
openspec/changes/ownership-scoped-gates/specs/ownership/spec.md:490:- **AND** a coverage ignore comment in a new upstream QA script of the merge makes the gate print COVERAGE-IGNORE and write no adopt record
