Command: taskset -c 4-7 nice -n 19 node --import /home/ianblenke/docker/gev-tools/ownership-gates/host.mjs --test-reporter=spec src/tooling/spec/qaRegister.test.mjs
✔ [qa-scripts-001] accepts a shebang and reads all four tags (23.729965ms)
✔ [qa-scripts-002] rejects code before the first block (2.920315ms)
✔ [qa-scripts-003] rejects an absent tag (1.691589ms)
✔ [qa-scripts-004] rejects a repeated tag (1.467098ms)
✔ [qa-scripts-005] rejects an empty tag (2.402524ms)
✔ [qa-scripts-006] rejects a covers item with a space (2.271825ms)
✔ [qa-scripts-007] accepts a capability folder (2.788376ms)
✔ [qa-scripts-008] reports an unknown capability (1.814066ms)
✔ [qa-scripts-009] accepts an open pending area (2.572491ms)
✔ [qa-scripts-010] reports a pending area that has a capability folder (3.035922ms)
✔ [qa-scripts-011] accepts one unmapped reason (1.990369ms)
✔ [qa-scripts-012] rejects an unmapped list (1.721113ms)
✔ [qa-scripts-016] gives delta advice with the script purpose (4.200927ms)
✔ [qa-scripts-017] gives advice for a backfill area (2.26021ms)
✔ [qa-scripts-018] gives the no match line (2.186903ms)
✔ [qa-scripts-019] gives no advice without a change (1.453774ms)
✔ [qa-scripts-020] tells authors to read advice and add a header (2.276973ms)
✔ [qa-scripts-021] gives QA lines to the spec adversary (1.149425ms)
✔ [qa-scripts-022] asks the spec adversary to read each QA check (1.405818ms)
✔ [qa-scripts-023] checks all tracked QA scripts in this repository (69.89527ms)
✔ [qa-scripts-026] gives advice from an archived change (4.956392ms)
✔ [qa-scripts-027] sorts advice by script then capability (52.985538ms)
✔ [qa-scripts-028] rejects a header continuation line (1.919394ms)
✔ [qa-scripts-005] rejects a purpose without a final mark (1.417094ms)
✔ [qa-scripts-005] rejects an empty needs value (1.256454ms)
✔ [qa-scripts-018] gives no match advice for an unknown change (2.518861ms)
✔ [qa-scripts-025] sorts two covers errors for one script (3.102113ms)
✔ [qa-scripts-008] rejects a file that has a capability name (2.082397ms)
✔ [qa-scripts-025] gives no advice for invalid covers items (2.70836ms)
✔ [qa-scripts-011] gives no advice for an unmapped reason (1.970003ms)
✔ [qa-scripts-025] gives no advice for a file with a capability name (2.004052ms)
✔ [ownership-009] uses a synthetic upstream QA header (4.30319ms)
✔ [ownership-010] rejects an owned script with no header and an upstream script with an invalid header (1.979416ms)
✔ [ownership-009 ownership-010] keeps a valid upstream QA header and its capability checks (2.678203ms)
✔ [ownership-015] accepts an upstream first comment with no QA tags (3.150728ms)
✔ [ownership-010] rejects an upstream QA block with no end (1.484867ms)
✔ [ownership-010] rejects a bad upstream QA block after a shebang (1.37157ms)
✔ [ownership-010] rejects a shebang inside a QA comment (1.323578ms)
✔ [ownership-009] uses the synthetic header for a later comment (1.47224ms)
✔ [ownership-034] prints QA-HEADER for a new script that no adopt record names (1.849343ms)
✔ [ownership-035] prints QA-HEADER for a script that had a QA tag at the base and has none now (1.473397ms)
✔ [ownership-009 ownership-015] gives the synthetic header to a file that a valid adopt record names (1.44768ms)
✔ [ownership-010] rejects an owned base script without a header (1.281986ms)
✔ [ownership-009] gives the synthetic header to a file that one of three adopt records names (1.315869ms)
✔ [ownership-009] gives the synthetic header when an empty comment comes before a comment with a QA tag (1.191946ms)
✔ [ownership-010] prints a QA error after an empty shebang (1.164768ms)
✔ [ownership-009] gives the synthetic header when code follows a shebang that ends with CR (1.137893ms)
✔ [ownership-035] prints QA-HEADER for a base QA tag even with an adopt record (1.317325ms)
✔ [ownership-054] accepts only upstream scripts with no current or base QA tag (0.947142ms)
ℹ tests 49
ℹ suites 0
ℹ pass 49
ℹ fail 0
ℹ cancelled 0
ℹ skipped 0
ℹ todo 0
ℹ duration_ms 313.307561
