Command: taskset -c 4-7 nice -n 19 node --import /home/ianblenke/docker/gev-tools/ownership-gates/host.mjs --test-reporter=spec src/tooling/spec/ownership.test.mjs
✔ [ownership-001] accepts the manifest contract (18.853336ms)
✔ [ownership-001] rejects each bad manifest field (5.088804ms)
✔ [ownership-001] returns an error with the code OWNERSHIP-MANIFEST for an absent or invalid manifest file (3.15795ms)
✔ [ownership-002] classifies exact paths and directory prefixes (1.324189ms)
✔ [ownership-003] shows each path class and totals (1.431414ms)
✔ [ownership-004] rejects all owned gap metrics (5.270379ms)
✔ [ownership-005] reads only added diff ranges (2.292804ms)
✔ [ownership-005] reads real edited new and deleted files (225.539113ms)
✔ [ownership-006] keeps only lines that every duplicate LCOV record covers (4.256103ms)
✔ [ownership-007] lists all uncovered changed lines in both classes (2.144792ms)
✔ [ownership-008] limits a line waiver to its file hash, its metric and its count (1.856284ms)
✔ [ownership-011] separates code and test gaps by class (2.393221ms)
✔ [ownership-012] has the process rules and QA context in AGENTS.md and config.yaml (4.216481ms)
✔ [ownership-013] writes merged DA counts for each code line (7.264632ms)
✔ [ownership-013] stores line data in the snapshot (5.446945ms)
✔ [ownership-004 ownership-008] ignores fractional and negative waiver counts (1.516756ms)
✔ [ownership-007 ownership-008] rejects all line waivers for an untrue file (0.821484ms)
✔ [ownership-004] prints each owned gap after an upstream file (0.767365ms)
✔ [ownership-014] counts every test instance (0.895495ms)
✔ [ownership-001] accepts the first and last characters of each allowed character range (0.593263ms)
✔ [ownership-016] sorts all line numbers as numbers (0.675693ms)
✔ [ownership-017] ignores a DA record with a text prefix or suffix and a diff header with a text prefix (0.616146ms)
✔ [ownership-018] adds owned file gaps across ledger entries and adds the waiver counts of one file (1.101049ms)
✔ [ownership-005] uses each Git diff option (4.052334ms)
✔ [ownership-018] adds test counts across owned files (0.852461ms)
✔ [ownership-019] counts zero instances for an empty name map (0.608031ms)
✔ [ownership-020 ownership-025] needs no coverage for lines that equal the file in the adopt source (426.45721ms)
✔ [ownership-021] needs coverage for a line that a person resolved by hand (555.078045ms)
✔ [ownership-022] needs coverage for an author edit to an upstream line (460.198876ms)
✔ [ownership-023] uses the last adopt source for each file and the last source for other files (713.322349ms)
✔ [ownership-024] stops for a source commit that the repository lacks or that no merge brought (305.828398ms)
✔ [ownership-024] keeps the base diff rule without current adopt sources (805.674029ms)
✔ [ownership-024] skips base adopt records and stops for non-string source values (496.356864ms)
✔ [ownership-025] checks each line of an author rename absent from the source (462.221006ms)
✔ [ownership-026 ownership-027 ownership-028] accepts only unchanged owned gaps with a ledger entry (1.640325ms)
✔ [ownership-029 ownership-001] keeps base paths after a change removes or shortens a manifest path (355.23696ms)
✔ [ownership-030] classifies the gate script, the OSH layer and the OSH provider as owned paths (2.634232ms)
✔ [ownership-031] stops for an adopt record without a file and with the hash of HEAD (205.363049ms)
✔ [ownership-032] stops for a work branch adopt source (252.367497ms)
✔ [ownership-033] stops for an ancestor that no merge brought (204.689587ms)
✔ [ownership-036] gives the diff a 256 MiB buffer (3.007821ms)
✔ [ownership-031 ownership-024] stops for an invalid file or source and skips records with invalid counts (531.79558ms)
✔ [ownership-041] stops for a number or a name that is not a full hash in the from field (205.805207ms)
✔ [ownership-043] skips invalid adopt records outside the change (696.528774ms)
✔ [ownership-050] stops for an invalid record after a valid record (203.280527ms)
✔ [ownership-051 ownership-024] stops for an invalid source before a diff fault (193.554197ms)
✔ [ownership-052] stops for a source name with a null byte (195.11609ms)
✔ [ownership-031 ownership-041] stops for a name that is not a full hash when HEAD is a merge commit (232.471222ms)
✔ [ownership-052] returns false when Git cannot read the merge parents (1.865978ms)
✔ [ownership-031 ownership-041] rejects values outside the hash pattern and reads no merge parents (1.403865ms)
ℹ tests 50
ℹ suites 0
ℹ pass 50
ℹ fail 0
ℹ cancelled 0
ℹ skipped 0
ℹ todo 0
ℹ duration_ms 7886.57533
