Command: taskset -c 4-7 nice -n 19 node --import /home/ianblenke/docker/gev-tools/ownership-gates/host.mjs --test-reporter=spec src/tooling/spec/ownership.test.mjs
✔ [ownership-001] accepts the manifest contract (16.248524ms)
✔ [ownership-001] rejects each bad manifest field (5.265197ms)
✔ [ownership-001] returns an error with the code OWNERSHIP-MANIFEST for an absent or invalid manifest file (5.055138ms)
✔ [ownership-002] classifies exact paths and directory prefixes (2.25988ms)
✔ [ownership-003] shows each path class and totals (4.342169ms)
✔ [ownership-004] rejects all owned gap metrics (8.345963ms)
✔ [ownership-005] reads only added diff ranges (3.092858ms)
✔ [ownership-005] reads real edited new and deleted files (315.154278ms)
✔ [ownership-006] keeps only lines that every duplicate LCOV record covers (9.879447ms)
✔ [ownership-007] lists all uncovered changed lines in both classes (4.046672ms)
✔ [ownership-008] limits a line waiver to its file hash, its metric and its count (2.750608ms)
✔ [ownership-011] separates code and test gaps by class (3.999452ms)
✔ [ownership-012] has the process rules and the adopt rules for QA scripts in AGENTS.md and config.yaml (5.585476ms)
✔ [ownership-013] writes merged DA counts for each code line (8.675558ms)
✔ [ownership-013] stores line data in the snapshot (7.075464ms)
✔ [ownership-004 ownership-008] ignores fractional and negative waiver counts (1.832716ms)
✔ [ownership-007 ownership-008] rejects all line waivers for an untrue file (1.071326ms)
✔ [ownership-004] prints each owned gap after an upstream file (0.962849ms)
✔ [ownership-014] counts every test instance (2.20002ms)
✔ [ownership-001] accepts the first and last characters of each allowed character range (0.983722ms)
✔ [ownership-016] sorts all line numbers as numbers (1.076154ms)
✔ [ownership-017] ignores a DA record with a text prefix or suffix and a diff header with a text prefix (0.788872ms)
✔ [ownership-018] adds owned file gaps across ledger entries and adds the waiver counts of one file (1.610351ms)
✔ [ownership-005] uses each Git diff option (9.646199ms)
✔ [ownership-018] adds test counts across owned files (1.283649ms)
✔ [ownership-019] counts zero instances for an empty name map (0.918496ms)
✔ [ownership-020 ownership-025] needs no coverage for lines that equal the file in the adopt source (546.834259ms)
✔ [ownership-021] needs coverage for a line that a person resolved by hand (786.495567ms)
✔ [ownership-022] needs coverage for an author edit to an upstream line (627.822342ms)
✔ [ownership-023] uses the last adopt source for each file and the last source for other files (918.383789ms)
✔ [ownership-024] stops for a source commit that the repository lacks or that no merge brought (425.346385ms)
✔ [ownership-024] keeps the base diff rule without current adopt sources (1073.309543ms)
✔ [ownership-024] skips base adopt records and stops for non-string source values (642.48776ms)
✔ [ownership-025] checks each line of an author rename absent from the source (657.942685ms)
✔ [ownership-026 ownership-027 ownership-028] accepts only unchanged owned gaps with a ledger entry (1.654668ms)
✔ [ownership-029 ownership-001] keeps base paths after a change removes or shortens a manifest path (452.840011ms)
✔ [ownership-030] classifies the gate script, the OSH layer and the OSH provider as owned paths (2.534183ms)
✔ [ownership-031] stops for an adopt record without a file and with the hash of HEAD (265.161282ms)
✔ [ownership-032] stops for a work branch adopt source (287.703429ms)
✔ [ownership-033] stops for an ancestor that no merge brought (240.604824ms)
✔ [ownership-036] gives the diff a 256 MiB buffer (3.905004ms)
✔ [ownership-031 ownership-024] stops for an invalid file or source and skips records with invalid counts (757.633818ms)
✔ [ownership-041] stops for a number or a name that is not a full hash in the from field (267.555963ms)
✔ [ownership-043] skips invalid adopt records outside the change (935.84852ms)
✔ [ownership-050] stops for an invalid record after a valid record (296.233367ms)
✔ [ownership-051 ownership-024] stops for an invalid source before a diff fault (249.828058ms)
✔ [ownership-052] stops for a source name with a null byte (259.531791ms)
✔ [ownership-031 ownership-041] stops for a name that is not a full hash when HEAD is a merge commit (259.897865ms)
✔ [ownership-052] returns false when Git cannot read the merge parents (1.843099ms)
✔ [ownership-031 ownership-041] rejects values outside the hash pattern and reads no merge parents (3.382349ms)
ℹ tests 50
ℹ suites 0
ℹ pass 50
ℹ fail 0
ℹ cancelled 0
ℹ skipped 0
ℹ todo 0
ℹ duration_ms 10460.846517
