Command: taskset -c 4-7 nice -n 19 node --import /home/ianblenke/docker/gev-tools/ownership-gates/host.mjs --test-reporter=spec src/tooling/spec/v8Merge.test.mjs
✔ [coverage-gate-055] A process keeps line offsets and inner zero values (19.827052ms)
✔ [coverage-gate-056] The comments set and reset the line state (1.695867ms)
✔ [coverage-gate-057] A process measures branches and later functions (2.361587ms)
✔ [coverage-gate-058] The line merge keeps only process coverage (1.471861ms)
✔ [coverage-gate-059] The function identities keep each name and extent (1.617758ms)
✔ [coverage-gate-060] An absent branch uses the innermost parent value (9.147144ms)
✔ [coverage-gate-060] The later equal parent gives the absent branch value (1.293375ms)
✔ [coverage-gate-061] The equal extents keep separate occurrences (1.116129ms)
✔ [coverage-gate-062] The process permutations and groups give equal values (102.549354ms)
✔ [coverage-gate-063] The merge module writes one lcov record per URL (3.287421ms)
✔ [coverage-gate-065] The replacement keeps unloaded lcov records (4.798358ms)
ℹ tests 11
ℹ suites 0
ℹ pass 11
ℹ fail 0
ℹ cancelled 0
ℹ skipped 0
ℹ todo 0
ℹ duration_ms 206.874701
