Command: taskset -c 4-7 nice -n 19 node --import /home/ianblenke/docker/gev-tools/ownership-gates/host.mjs --test-reporter=spec src/tooling/spec/ownershipGate.test.mjs
✔ [ownership-001] prints OWNERSHIP-MANIFEST for an absent or invalid manifest (114.754022ms)
✔ [ownership-011] reads the ledger without tests or a base (82.605195ms)
✔ [ownership-003 ownership-007] prints classes and rejects an upstream line gap (730.622754ms)
✔ [ownership-003 ownership-004] rejects an owned gap before the ratchet command writes the ledger (524.233722ms)
✔ [ownership-007] rejects uncovered changed upstream lines in CI (605.448047ms)
✔ [ownership-026] records a gap with the adopt command and prints no owned gap lines (638.111584ms)
✔ [ownership-037] stops when Git cannot read a code diff (494.028954ms)
✔ [ownership-009 ownership-013] uses the manifest and snapshot line data (1536.077897ms)
✔ [ownership-013] accepts a run with no line data (256.071071ms)
✔ [ownership-011] uses the manifest for ledger paths (83.375837ms)
✔ [ownership-010] still prints QA-HEADER errors (587.905774ms)
✔ [ownership-020 ownership-022] accepts merged lines and rejects an author line (1280.17056ms)
✔ [ownership-026] accepts a recorded gap in an unchanged owned file (853.984315ms)
✔ [ownership-027] rejects a recorded gap in an edited owned file (669.970366ms)
✔ [ownership-026] accepts a recorded gap in an unchanged owned file with a new file mode (984.757766ms)
✔ [ownership-028] rejects a new owned gap without a ledger entry (720.003328ms)
✔ [ownership-031 ownership-024] checks the adopt source commit before a bad base ledger (411.590548ms)
✔ [ownership-038] stops for a JSON parse error in the history before the owned gap lines (324.836243ms)
✔ [ownership-029] stops for an invalid base manifest before the test run (166.831661ms)
✔ [ownership-029 ownership-027] rejects a gap in a file after a change removes the base owned path of that file (684.164977ms)
✔ [ownership-039] stops for a work source in the adopt command (324.972181ms)
✔ [ownership-040] uses the CI change for a file that a valid adopt record names (842.080098ms)
✔ [ownership-038] stops for a JSON parse error in the history without a change before the owned gap lines (342.463635ms)
✔ [ownership-042] skips a base adopt record before the test run (691.670367ms)
✔ [ownership-044] uses the synthetic header with a snapshot and a valid adopt record (1855.086842ms)
✔ [ownership-045] names the measurement phase (225.077593ms)
✔ [ownership-046] stops for an absent adopt source commit (272.485665ms)
✔ [ownership-047] stops for a valid adopt source without a ledger (257.094861ms)
✔ [ownership-048] passes the measurement environment and allocation list (216.410989ms)
✔ [ownership-049] stops for an untraced change scenario in both measurement modes (1582.038045ms)
✔ [gap-ledger-111] stops an invalid baseline before the test run (203.801252ms)
✔ [ownership-053] omits the Class, Ownership and Owned gaps lines from CI and init (920.71828ms)
✔ [ownership-031 ownership-041] stops the check command for a name that is not a full hash when HEAD is a merge commit (1226.254965ms)
✔ [ownership-054] writes the QA adopt record with a full hash from HEAD^2 (1149.35903ms)
✔ [ownership-054] writes the QA adopt record beside a coverage gap record (718.890416ms)
✔ [ownership-054 ownership-035] stops the adopt command for QA files outside the exception and for another error (3449.242843ms)
✔ [ownership-054] writes a QA adopt record for a base script without a QA tag (824.090296ms)
✔ [ownership-054] writes no QA record for an absent current file (705.883329ms)
✔ [ownership-054] stops for a coverage ignore error in a new upstream QA script with no QA tag (954.070252ms)
✔ [ownership-054] writes one record for each QA file from both candidate lists (1187.953884ms)
ℹ tests 40
ℹ suites 0
ℹ pass 40
ℹ fail 0
ℹ cancelled 0
ℹ skipped 0
ℹ todo 0
ℹ duration_ms 29770.302361
