Command: taskset -c 4-7 nice -n 19 node --import /home/ianblenke/docker/gev-tools/ownership-gates/host.mjs --test-reporter=spec src/tooling/spec/ownership.test.mjs
✔ [ownership-001] accepts the manifest contract (18.587845ms)
✔ [ownership-001] rejects each invalid manifest field (8.214698ms)
✔ [ownership-001] returns an error with the code OWNERSHIP-MANIFEST for an absent or invalid manifest file (5.383036ms)
✔ [ownership-002] classifies exact paths and directory prefixes (2.191284ms)
✔ [ownership-003] shows each path class and totals (1.793767ms)
✔ [ownership-004] rejects all owned gap metrics (8.21702ms)
✔ [ownership-005] reads only added diff ranges (3.4695ms)
✔ [ownership-005] reads real edited new and deleted files (272.054575ms)
✔ [ownership-006] keeps only lines that every duplicate LCOV record covers (4.90536ms)
✔ [ownership-007] lists all uncovered changed lines in both classes (3.230338ms)
✔ [ownership-008] limits a line waiver to its file hash, its metric and its count (2.458337ms)
✔ [ownership-011] separates code and test gaps by class (2.069114ms)
✔ [ownership-012] has the process rules and the adopt rules for QA scripts in AGENTS.md and config.yaml (4.653024ms)
✔ [ownership-013] writes merged DA counts for each code line (6.20076ms)
✔ [ownership-013] stores line data in the snapshot (5.129197ms)
✔ [ownership-004 ownership-008] ignores fractional and negative waiver counts (1.300156ms)
✔ [ownership-007 ownership-008] rejects all line waivers for an untrue file (0.655787ms)
✔ [ownership-004] prints each owned gap after an upstream file (0.514811ms)
✔ [ownership-014] counts every test instance (0.727547ms)
✔ [ownership-001] accepts the first and last characters of each allowed character range (0.660406ms)
✔ [ownership-016] sorts all line numbers as numbers (0.656235ms)
✔ [ownership-017] ignores a DA record with a text prefix or suffix and a diff header with a text prefix (0.44404ms)
✔ [ownership-018] adds owned file gaps across ledger entries and adds the waiver counts of one file (0.99795ms)
✔ [ownership-005] uses each Git diff option (4.238147ms)
✔ [ownership-018] adds the test instance counts of owned test files (0.983471ms)
✔ [ownership-019] counts zero instances for an empty name map (0.52878ms)
✔ [ownership-020 ownership-025] needs no coverage for lines that equal the file in the adopt source (535.295239ms)
✔ [ownership-021] needs coverage for a line that a person resolved by hand (603.032012ms)
✔ [ownership-022] needs coverage for an author edit to an upstream line (530.28882ms)
✔ [ownership-023] uses the last adopt source for each file and the last source for other files (811.243941ms)
✔ [ownership-024] stops for a source commit that the repository lacks or that no merge brought (410.409113ms)
✔ [ownership-024] keeps the base diff rule without current adopt sources (898.645667ms)
✔ [ownership-024] skips base adopt records and stops for non-string source values (537.487692ms)
✔ [ownership-025] checks each line of an author rename absent from the source (473.383462ms)
✔ [ownership-026 ownership-027 ownership-028] accepts only unchanged owned gaps with a ledger entry (1.552616ms)
✔ [ownership-029 ownership-001] keeps base paths after a change removes or shortens a manifest path (470.153279ms)
✔ [ownership-030] classifies the gate script, the OSH layer and the OSH provider as owned paths (3.63828ms)
✔ [ownership-031] stops for an adopt record without a file and with the hash of HEAD (226.366637ms)
✔ [ownership-032] stops for a work branch adopt source (261.215051ms)
✔ [ownership-033] stops for an ancestor that no merge brought (206.518816ms)
✔ [ownership-036] gives the diff a 256 MiB buffer (5.579261ms)
✔ [ownership-031 ownership-024] stops for an invalid file or source and skips records with invalid counts (541.144147ms)
✔ [ownership-041] stops for a number or a name that is not a full hash in the from field (208.944404ms)
✔ [ownership-043] skips invalid adopt records outside the change (737.17023ms)
✔ [ownership-050] stops for an invalid record after a valid record (207.235256ms)
✔ [ownership-051 ownership-024] stops for an invalid source before a diff fault (198.820627ms)
✔ [ownership-052] stops for a source name with a null byte (196.282538ms)
✔ [ownership-031 ownership-041] stops for a name that is not a full hash when HEAD is a merge commit (233.473765ms)
✔ [ownership-052] returns false when Git cannot read the merge parents (1.847191ms)
✔ [ownership-031 ownership-041] rejects values outside the hash pattern and reads no merge parents (1.360902ms)
ℹ tests 50
ℹ suites 0
ℹ pass 50
ℹ fail 0
ℹ cancelled 0
ℹ skipped 0
ℹ todo 0
ℹ duration_ms 8740.091419
