Command: taskset -c 4-7 nice -n 19 node --import /home/ianblenke/docker/gev-tools/ownership-gates/host.mjs --test-reporter=spec --test-name-pattern=ownership-001 src/tooling/spec/ownership.test.mjs
✔ [ownership-001] accepts the manifest contract (16.270022ms)
✔ [ownership-001] rejects each bad manifest field (4.837183ms)
✖ [ownership-001] returns an error with the code OWNERSHIP-MANIFEST for an absent or invalid manifest file (7.887866ms)
✔ [ownership-001] accepts the first and last characters of each allowed character range (1.882066ms)
✔ [ownership-029 ownership-001] keeps base paths after a change removes or shortens a manifest path (368.42521ms)
ℹ tests 5
ℹ suites 0
ℹ pass 4
ℹ fail 1
ℹ cancelled 0
ℹ skipped 0
ℹ todo 0
ℹ duration_ms 450.684835

✖ failing tests:

test at src/tooling/spec/ownership.test.mjs:47:1
✖ [ownership-001] returns an error with the code OWNERSHIP-MANIFEST for an absent or invalid manifest file (7.887866ms)
  AssertionError [ERR_ASSERTION]: Expected "actual" to be strictly unequal to: 0
      at file:///home/ianblenke/docker/gev-tools/ownership-gates/pass8/named-root/src/tooling/spec/ownership.test.mjs:51:10
      at fixture (file:///home/ianblenke/docker/gev-tools/ownership-gates/pass8/named-root/src/tooling/spec/ownership.test.mjs:26:16)
      at TestContext.<anonymous> (file:///home/ianblenke/docker/gev-tools/ownership-gates/pass8/named-root/src/tooling/spec/ownership.test.mjs:47:120)
      at Test.runInAsyncScope (node:async_hooks:226:14)
      at Test.run (node:internal/test_runner/test:1402:25)
      at Test.processPendingSubtests (node:internal/test_runner/test:974:18)
      at Test.postRun (node:internal/test_runner/test:1542:19)
      at Test.run (node:internal/test_runner/test:1467:12)
      at async Test.processPendingSubtests (node:internal/test_runner/test:974:7) {
    generatedMessage: true,
    code: 'ERR_ASSERTION',
    actual: 0,
    expected: 0,
    operator: 'notStrictEqual',
    diff: 'simple'
  }
