Command: taskset -c 8-11 nice -n 19 node --test --test-isolation=none /tmp/ont-pass3b-tree/src/data/cctvOntarioReverse.test.mjs
✔ [live-sources-005] keep key text inside a fetch error out of the warning (25.76802ms)
✔ [live-sources-002] send the application/json Accept header (5.737684ms)
✔ [live-sources-002] use a timeout of 15000 milliseconds (6.187825ms)
✔ [live-sources-002] trim spaces from the key (11.590975ms)
✔ [live-sources-004] return an empty list for an HTTP error with JSON rows (4.467155ms)
✔ [live-sources-005] keep the camera data error secret (46.895622ms)
✔ [live-sources-002] map the Ontario rows (12.723022ms)
✔ [live-sources-005] keep the json error secret (6.157388ms)
✔ [live-sources-005] keep the fetch error secret (5.050146ms)
✔ [live-sources-004] write one warning for an invalid key (209.973188ms)
✔ [live-sources-003] make no request without a key (3.847863ms)
✔ [live-sources-002] send the key parameter (3.672876ms)
ℹ tests 12
ℹ suites 0
ℹ pass 12
ℹ fail 0
ℹ cancelled 0
ℹ skipped 0
ℹ todo 0
ℹ duration_ms 490.681363
