Command: taskset -c 8-11 nice -n 19 node --test --test-isolation=none /tmp/ont-pass4-tree/src/data/cctvOntarioReverse.test.mjs
✔ [live-sources-005] keep the key text of a fetch error out of the warning (30.949666ms)
✔ [live-sources-002] send the application/json Accept header (9.556757ms)
✔ [live-sources-002] use a timeout of 15000 milliseconds (15.113526ms)
✔ [live-sources-002] trim spaces from the key (11.936722ms)
✔ [live-sources-004] return an empty list for an HTTP error with JSON rows (5.388672ms)
✔ [live-sources-005] keep the camera data error secret (51.970534ms)
✔ [live-sources-002] map the Ontario rows (13.578893ms)
✔ [live-sources-005] keep the json error secret (7.150745ms)
✔ [live-sources-005] keep the fetch error secret (7.056493ms)
✔ [live-sources-004] write one warning for an invalid key (289.482757ms)
✔ [live-sources-003] make no request without a key (4.124901ms)
✔ [live-sources-002] send the key parameter (4.301742ms)
ℹ tests 12
ℹ suites 0
ℹ pass 12
ℹ fail 0
ℹ cancelled 0
ℹ skipped 0
ℹ todo 0
ℹ duration_ms 621.75325
